Component: ARM Compiler 5.06 update 6 (build 750) Tool: armlink [4d35ed]

==============================================================================

Section Cross References

    startup_stm32f405xx.o(RESET) refers to startup_stm32f405xx.o(STACK) for __initial_sp
    startup_stm32f405xx.o(RESET) refers to startup_stm32f405xx.o(.text) for Reset_Handler
    startup_stm32f405xx.o(RESET) refers to stm32f4xx_it.o(i.NMI_Handler) for NMI_Handler
    startup_stm32f405xx.o(RESET) refers to stm32f4xx_it.o(i.HardFault_Handler) for HardFault_Handler
    startup_stm32f405xx.o(RESET) refers to stm32f4xx_it.o(i.MemManage_Handler) for MemManage_Handler
    startup_stm32f405xx.o(RESET) refers to stm32f4xx_it.o(i.BusFault_Handler) for BusFault_Handler
    startup_stm32f405xx.o(RESET) refers to stm32f4xx_it.o(i.UsageFault_Handler) for UsageFault_Handler
    startup_stm32f405xx.o(RESET) refers to port.o(.emb_text) for SVC_Handler
    startup_stm32f405xx.o(RESET) refers to stm32f4xx_it.o(i.DebugMon_Handler) for DebugMon_Handler
    startup_stm32f405xx.o(RESET) refers to port.o(i.SysTick_Handler) for SysTick_Handler
    startup_stm32f405xx.o(RESET) refers to stm32f4xx_it.o(i.DMA1_Stream1_IRQHandler) for DMA1_Stream1_IRQHandler
    startup_stm32f405xx.o(RESET) refers to stm32f4xx_it.o(i.CAN1_RX0_IRQHandler) for CAN1_RX0_IRQHandler
    startup_stm32f405xx.o(RESET) refers to stm32f4xx_it.o(i.USART3_IRQHandler) for USART3_IRQHandler
    startup_stm32f405xx.o(RESET) refers to stm32f4xx_it.o(i.TIM8_TRG_COM_TIM14_IRQHandler) for TIM8_TRG_COM_TIM14_IRQHandler
    startup_stm32f405xx.o(RESET) refers to stm32f4xx_it.o(i.DMA2_Stream1_IRQHandler) for DMA2_Stream1_IRQHandler
    startup_stm32f405xx.o(RESET) refers to stm32f4xx_it.o(i.DMA2_Stream6_IRQHandler) for DMA2_Stream6_IRQHandler
    startup_stm32f405xx.o(RESET) refers to stm32f4xx_it.o(i.USART6_IRQHandler) for USART6_IRQHandler
    startup_stm32f405xx.o(.text) refers to system_stm32f4xx.o(i.SystemInit) for SystemInit
    startup_stm32f405xx.o(.text) refers to entry.o(.ARM.Collect$$$$00000000) for __main
    main.o(i.HAL_TIM_PeriodElapsedCallback) refers to stm32f4xx_hal.o(i.HAL_IncTick) for HAL_IncTick
    main.o(i.SystemClock_Config) refers to memseta.o(.text) for __aeabi_memclr4
    main.o(i.SystemClock_Config) refers to stm32f4xx_hal_rcc.o(i.HAL_RCC_OscConfig) for HAL_RCC_OscConfig
    main.o(i.SystemClock_Config) refers to main.o(i.Error_Handler) for Error_Handler
    main.o(i.SystemClock_Config) refers to stm32f4xx_hal_rcc.o(i.HAL_RCC_ClockConfig) for HAL_RCC_ClockConfig
    main.o(i.main) refers to stm32f4xx_hal.o(i.HAL_Init) for HAL_Init
    main.o(i.main) refers to main.o(i.SystemClock_Config) for SystemClock_Config
    main.o(i.main) refers to gpio.o(i.MX_GPIO_Init) for MX_GPIO_Init
    main.o(i.main) refers to dma.o(i.MX_DMA_Init) for MX_DMA_Init
    main.o(i.main) refers to can.o(i.MX_CAN1_Init) for MX_CAN1_Init
    main.o(i.main) refers to spi.o(i.MX_SPI1_Init) for MX_SPI1_Init
    main.o(i.main) refers to usart.o(i.MX_USART3_UART_Init) for MX_USART3_UART_Init
    main.o(i.main) refers to usart.o(i.MX_USART6_UART_Init) for MX_USART6_UART_Init
    main.o(i.main) refers to freertos.o(i.MX_FREERTOS_Init) for MX_FREERTOS_Init
    main.o(i.main) refers to cmsis_os.o(i.osKernelStart) for osKernelStart
    gpio.o(i.MX_GPIO_Init) refers to memseta.o(.text) for __aeabi_memclr4
    gpio.o(i.MX_GPIO_Init) refers to stm32f4xx_hal_gpio.o(i.HAL_GPIO_WritePin) for HAL_GPIO_WritePin
    gpio.o(i.MX_GPIO_Init) refers to stm32f4xx_hal_gpio.o(i.HAL_GPIO_Init) for HAL_GPIO_Init
    can.o(i.HAL_CAN_MspDeInit) refers to stm32f4xx_hal_gpio.o(i.HAL_GPIO_DeInit) for HAL_GPIO_DeInit
    can.o(i.HAL_CAN_MspDeInit) refers to stm32f4xx_hal_cortex.o(i.HAL_NVIC_DisableIRQ) for HAL_NVIC_DisableIRQ
    can.o(i.HAL_CAN_MspInit) refers to memseta.o(.text) for __aeabi_memclr4
    can.o(i.HAL_CAN_MspInit) refers to stm32f4xx_hal_gpio.o(i.HAL_GPIO_Init) for HAL_GPIO_Init
    can.o(i.HAL_CAN_MspInit) refers to stm32f4xx_hal_cortex.o(i.HAL_NVIC_SetPriority) for HAL_NVIC_SetPriority
    can.o(i.HAL_CAN_MspInit) refers to stm32f4xx_hal_cortex.o(i.HAL_NVIC_EnableIRQ) for HAL_NVIC_EnableIRQ
    can.o(i.MX_CAN1_Init) refers to stm32f4xx_hal_can.o(i.HAL_CAN_Init) for HAL_CAN_Init
    can.o(i.MX_CAN1_Init) refers to main.o(i.Error_Handler) for Error_Handler
    can.o(i.MX_CAN1_Init) refers to can.o(.bss) for hcan1
    dma.o(i.MX_DMA_Init) refers to stm32f4xx_hal_cortex.o(i.HAL_NVIC_SetPriority) for HAL_NVIC_SetPriority
    dma.o(i.MX_DMA_Init) refers to stm32f4xx_hal_cortex.o(i.HAL_NVIC_EnableIRQ) for HAL_NVIC_EnableIRQ
    freertos.o(i.CreateTask) refers to port.o(i.vPortEnterCritical) for vPortEnterCritical
    freertos.o(i.CreateTask) refers to memcpya.o(.text) for __aeabi_memcpy4
    freertos.o(i.CreateTask) refers to cmsis_os.o(i.osThreadCreate) for osThreadCreate
    freertos.o(i.CreateTask) refers to port.o(i.vPortExitCritical) for vPortExitCritical
[...]
    i.HAL_TIM_Base_Init                      0x08002e48   Section        0  stm32f4xx_hal_tim.o(i.HAL_TIM_Base_Init)
    i.HAL_TIM_Base_MspInit                   0x08002e7c   Section        0  stm32f4xx_hal_tim.o(i.HAL_TIM_Base_MspInit)
    i.HAL_TIM_Base_Start_IT                  0x08002e7e   Section        0  stm32f4xx_hal_tim.o(i.HAL_TIM_Base_Start_IT)
    i.HAL_TIM_IC_CaptureCallback             0x08002ea8   Section        0  stm32f4xx_hal_tim.o(i.HAL_TIM_IC_CaptureCallback)
    i.HAL_TIM_IRQHandler                     0x08002eaa   Section        0  stm32f4xx_hal_tim.o(i.HAL_TIM_IRQHandler)
    i.HAL_TIM_OC_DelayElapsedCallback        0x08003040   Section        0  stm32f4xx_hal_tim.o(i.HAL_TIM_OC_DelayElapsedCallback)
    i.HAL_TIM_PWM_PulseFinishedCallback      0x08003042   Section        0  stm32f4xx_hal_tim.o(i.HAL_TIM_PWM_PulseFinishedCallback)
    i.HAL_TIM_PeriodElapsedCallback          0x08003044   Section        0  main.o(i.HAL_TIM_PeriodElapsedCallback)
    i.HAL_TIM_TriggerCallback                0x0800305c   Section        0  stm32f4xx_hal_tim.o(i.HAL_TIM_TriggerCallback)
    i.HAL_UART_DMAStop                       0x0800305e   Section        0  stm32f4xx_hal_uart.o(i.HAL_UART_DMAStop)
    i.HAL_UART_ErrorCallback                 0x080030c4   Section        0  stm32f4xx_hal_uart.o(i.HAL_UART_ErrorCallback)
    i.HAL_UART_IRQHandler                    0x080030c8   Section        0  stm32f4xx_hal_uart.o(i.HAL_UART_IRQHandler)
    i.HAL_UART_Init                          0x08003214   Section        0  stm32f4xx_hal_uart.o(i.HAL_UART_Init)
    i.HAL_UART_MspInit                       0x08003288   Section        0  usart.o(i.HAL_UART_MspInit)
    i.HAL_UART_Receive_DMA                   0x08003460   Section        0  stm32f4xx_hal_uart.o(i.HAL_UART_Receive_DMA)
    i.HAL_UART_RxCpltCallback                0x08003524   Section        0  stm32f4xx_hal_uart.o(i.HAL_UART_RxCpltCallback)
    i.HAL_UART_RxHalfCpltCallback            0x08003526   Section        0  stm32f4xx_hal_uart.o(i.HAL_UART_RxHalfCpltCallback)
    i.HAL_UART_TxCpltCallback                0x08003528   Section        0  stm32f4xx_hal_uart.o(i.HAL_UART_TxCpltCallback)
    i.HardFault_Handler                      0x0800352a   Section        0  stm32f4xx_it.o(i.HardFault_Handler)
    i.IMU_Init                               0x08003530   Section        0  bsp_mpu9250_quad_math.o(i.IMU_Init)
    i.LPF2pSetCutoffFreq                     0x080038d8   Section        0  bsp_mpu9250_filter.o(i.LPF2pSetCutoffFreq)
    i.MPU9250_Init                           0x080039c4   Section        0  bsp_mpu9250.o(i.MPU9250_Init)
    i.MX_CAN1_Init                           0x08003a70   Section        0  can.o(i.MX_CAN1_Init)
    i.MX_DMA_Init                            0x08003ab8   Section        0  dma.o(i.MX_DMA_Init)
    i.MX_FREERTOS_Init                       0x08003b30   Section        0  freertos.o(i.MX_FREERTOS_Init)
    i.MX_GPIO_Init                           0x08003b58   Section        0  gpio.o(i.MX_GPIO_Init)
    i.MX_SPI1_Init                           0x08003c30   Section        0  spi.o(i.MX_SPI1_Init)
    i.MX_USART3_UART_Init                    0x08003c74   Section        0  usart.o(i.MX_USART3_UART_Init)
    i.MX_USART6_UART_Init                    0x08003cb4   Section        0  usart.o(i.MX_USART6_UART_Init)
    i.MemManage_Handler                      0x08003cec   Section        0  stm32f4xx_it.o(i.MemManage_Handler)
    i.Mode_Air_Choose                        0x08003cf0   Section        0  app_mode.o(i.Mode_Air_Choose)
    i.Mode_Choose                            0x08003db0   Section        0  app_mode.o(i.Mode_Choose)
    i.NMI_Handler                            0x08003f38   Section        0  stm32f4xx_it.o(i.NMI_Handler)
    i.PID_Control                            0x08003f3c   Section        0  app_pid.o(i.PID_Control)
    i.PID_Init                               0x08004050   Section        0  app_pid.o(i.PID_Init)
    i.PID_Set                                0x08004094   Section        0  app_pid.o(i.PID_Set)
    i.SPI_EndRxTransaction                   0x080040d8   Section        0  stm32f4xx_hal_spi.o(i.SPI_EndRxTransaction)
    SPI_EndRxTransaction                     0x080040d9   Thumb Code    76  stm32f4xx_hal_spi.o(i.SPI_EndRxTransaction)
    i.SPI_EndRxTxTransaction                 0x08004124   Section        0  stm32f4xx_hal_spi.o(i.SPI_EndRxTxTransaction)
    SPI_EndRxTxTransaction                   0x08004125   Thumb Code    40  stm32f4xx_hal_spi.o(i.SPI_EndRxTxTransaction)
    i.SPI_MPU_Read                           0x0800414c   Section        0  bsp_mpu9250.o(i.SPI_MPU_Read)
    i.SPI_MPU_Read_Regs                      0x08004160   Section        0  bsp_mpu9250.o(i.SPI_MPU_Read_Regs)
    i.SPI_MPU_Write_Reg                      0x080041b4   Section        0  bsp_mpu9250.o(i.SPI_MPU_Write_Reg)
    SPI_MPU_Write_Reg                        0x080041b5   Thumb Code    54  bsp_mpu9250.o(i.SPI_MPU_Write_Reg)
    i.SPI_WaitFlagStateUntilTimeout          0x080041f4   Section        0  stm32f4xx_hal_spi.o(i.SPI_WaitFlagStateUntilTimeout)
    SPI_WaitFlagStateUntilTimeout            0x080041f5   Thumb Code   168  stm32f4xx_hal_spi.o(i.SPI_WaitFlagStateUntilTimeout)
    i.SysTick_Handler                        0x0800429c   Section        0  port.o(i.SysTick_Handler)
    i.SystemClock_Config                     0x080042d0   Section        0  main.o(i.SystemClock_Config)
    i.SystemInit                             0x08004384   Section        0  system_stm32f4xx.o(i.SystemInit)
    i.TIM8_TRG_COM_TIM14_IRQHandler          0x080043e8   Section        0  stm32f4xx_it.o(i.TIM8_TRG_COM_TIM14_IRQHandler)
    i.TIM_Base_SetConfig                     0x080043f8   Section        0  stm32f4xx_hal_tim.o(i.TIM_Base_SetConfig)
    i.Task_Main                              0x080044d0   Section        0  task_main.o(i.Task_Main)
    i.Task_Monitor                           0x08004508   Section        0  task_monitor.o(i.Task_Monitor)
    i.UART_DMAAbortOnError                   0x08004512   Section        0  stm32f4xx_hal_uart.o(i.UART_DMAAbortOnError)
    UART_DMAAbortOnError                     0x08004513   Thumb Code    20  stm32f4xx_hal_uart.o(i.UART_DMAAbortOnError)
    i.UART_DMAError                          0x08004526   Section        0  stm32f4xx_hal_uart.o(i.UART_DMAError)
    UART_DMAError                            0x08004527   Thumb Code    80  stm32f4xx_hal_uart.o(i.UART_DMAError)
    i.UART_DMAReceiveCplt                    0x08004576   Section        0  stm32f4xx_hal_uart.o(i.UART_DMAReceiveCplt)
    UART_DMAReceiveCplt                      0x08004577   Thumb Code    70  stm32f4xx_hal_uart.o(i.UART_DMAReceiveCplt)
    i.UART_DMARxHalfCplt                     0x080045bc   Section        0  stm32f4xx_hal_uart.o(i.UART_DMARxHalfCplt)
    UART_DMARxHalfCplt                       0x080045bd   Thumb Code    14  stm32f4xx_hal_uart.o(i.UART_DMARxHalfCplt)
    i.UART_EndRxTransfer                     0x080045ca   Section        0  stm32f4xx_hal_uart.o(i.UART_EndRxTransfer)
    UART_EndRxTransfer                       0x080045cb   Thumb Code    32  stm32f4xx_hal_uart.o(i.UART_EndRxTransfer)
    i.UART_EndTransmit_IT                    0x080045ea   Section        0  stm32f4xx_hal_uart.o(i.UART_EndTransmit_IT)
    UART_EndTransmit_IT                      0x080045eb   Thumb Code    32  stm32f4xx_hal_uart.o(i.UART_EndTransmit_IT)
    i.UART_EndTxTransfer                     0x0800460a   Section        0  stm32f4xx_hal_uart.o(i.UART_EndTxTransfer)
    UART_EndTxTransfer                       0x0800460b   Thumb Code    20  stm32f4xx_hal_uart.o(i.UART_EndTxTransfer)
    i.UART_Receive_IT                        0x0800461e   Section        0  stm32f4xx_hal_uart.o(i.UART_Receive_IT)
    UART_Receive_IT                          0x0800461f   Thumb Code   166  stm32f4xx_hal_uart.o(i.UART_Receive_IT)
    i.UART_SetConfig                         0x080046c4   Section        0  stm32f4xx_hal_uart.o(i.UART_SetConfig)
    UART_SetConfig                           0x080046c5   Thumb Code   864  stm32f4xx_hal_uart.o(i.UART_SetConfig)
    i.UART_Transmit_IT                       0x08004a2c   Section        0  stm32f4xx_hal_uart.o(i.UART_Transmit_IT)
    UART_Transmit_IT                         0x08004a2d   Thumb Code   104  stm32f4xx_hal_uart.o(i.UART_Transmit_IT)
    i.USART3_IRQHandler                      0x08004a94   Section        0  stm32f4xx_it.o(i.USART3_IRQHandler)
    i.USART6_IRQHandler                      0x08004aa8   Section        0  stm32f4xx_it.o(i.USART6_IRQHandler)
    i.UsageFault_Handler                     0x08004ab8   Section        0  stm32f4xx_it.o(i.UsageFault_Handler)
    i.__ARM_fpclassifyf                      0x08004abc   Section        0  fpclassifyf.o(i.__ARM_fpclassifyf)
    i.__NVIC_GetPriorityGrouping             0x08004ae4   Section        0  stm32f4xx_hal_cortex.o(i.__NVIC_GetPriorityGrouping)
    __NVIC_GetPriorityGrouping               0x08004ae5   Thumb Code    10  stm32f4xx_hal_cortex.o(i.__NVIC_GetPriorityGrouping)
    i.__NVIC_SetPriority                     0x08004af4   Section        0  stm32f4xx_hal_cortex.o(i.__NVIC_SetPriority)
    __NVIC_SetPriority                       0x08004af5   Thumb Code    32  stm32f4xx_hal_cortex.o(i.__NVIC_SetPriority)
    i.__hardfp_cosf                          0x08004b1c   Section        0  cosf.o(i.__hardfp_cosf)
    i.__hardfp_tanf                          0x08004c6c   Section        0  tanf.o(i.__hardfp_tanf)
    i.__mathlib_flt_infnan                   0x08004de8   Section        0  funder.o(i.__mathlib_flt_infnan)
    i.__mathlib_flt_invalid                  0x08004df0   Section        0  funder.o(i.__mathlib_flt_invalid)
    i.__mathlib_flt_underflow                0x08004e00   Section        0  funder.o(i.__mathlib_flt_underflow)
    i.__mathlib_rredf2                       0x08004e10   Section        0  rredf.o(i.__mathlib_rredf2)
    i.__scatterload_copy                     0x08004f64   Section       14  handlers.o(i.__scatterload_copy)
    i.__scatterload_null                     0x08004f72   Section        2  handlers.o(i.__scatterload_null)
    i.__scatterload_zeroinit                 0x08004f74   Section       14  handlers.o(i.__scatterload_zeroinit)
    i.__set_errno                            0x08004f84   Section        0  errno.o(i.__set_errno)
    i.bsp_can_Init                           0x08004f90   Section        0  bsp_can.o(i.bsp_can_Init)
    i.bsp_can_Sendmessage                    0x08004fd0   Section        0  bsp_can.o(i.bsp_can_Sendmessage)
    i.main                                   0x0800503e   Section        0  main.o(i.main)
    i.makeFreeRtosPriority                   0x0800506a   Section        0  cmsis_os.o(i.makeFreeRtosPriority)
    makeFreeRtosPriority                     0x0800506b   Thumb Code    14  cmsis_os.o(i.makeFreeRtosPriority)
    i.osKernelStart                          0x08005078   Section        0  cmsis_os.o(i.osKernelStart)
    i.osThreadCreate                         0x08005082   Section        0  cmsis_os.o(i.osThreadCreate)
    i.prvAddCurrentTaskToDelayedList         0x080050e0   Section        0  tasks.o(i.prvAddCurrentTaskToDelayedList)
    prvAddCurrentTaskToDelayedList           0x080050e1   Thumb Code   124  tasks.o(i.prvAddCurrentTaskToDelayedList)
    i.prvAddNewTaskToReadyList               0x08005178   Section        0  tasks.o(i.prvAddNewTaskToReadyList)
    prvAddNewTaskToReadyList                 0x08005179   Thumb Code   150  tasks.o(i.prvAddNewTaskToReadyList)
    i.prvCheckTasksWaitingTermination        0x0800522c   Section        0  tasks.o(i.prvCheckTasksWaitingTermination)
    prvCheckTasksWaitingTermination          0x0800522d   Thumb Code    60  tasks.o(i.prvCheckTasksWaitingTermination)
    i.prvDeleteTCB                           0x08005274   Section        0  tasks.o(i.prvDeleteTCB)
    prvDeleteTCB                             0x08005275   Thumb Code    80  tasks.o(i.prvDeleteTCB)
    i.prvHeapInit                            0x080052c4   Section        0  heap_4.o(i.prvHeapInit)
    prvHeapInit                              0x080052c5   Thumb Code    98  heap_4.o(i.prvHeapInit)
    i.prvIdleTask                            0x08005340   Section        0  tasks.o(i.prvIdleTask)
    prvIdleTask                              0x08005341   Thumb Code    32  tasks.o(i.prvIdleTask)
    i.prvInitialiseNewTask                   0x08005368   Section        0  tasks.o(i.prvInitialiseNewTask)
    prvInitialiseNewTask                     0x08005369   Thumb Code   170  tasks.o(i.prvInitialiseNewTask)
    i.prvInitialiseTaskLists                 0x08005414   Section        0  tasks.o(i.prvInitialiseTaskLists)
    prvInitialiseTaskLists                   0x08005415   Thumb Code    70  tasks.o(i.prvInitialiseTaskLists)
    i.prvInsertBlockIntoFreeList             0x0800547c   Section        0  heap_4.o(i.prvInsertBlockIntoFreeList)
    prvInsertBlockIntoFreeList               0x0800547d   Thumb Code    96  heap_4.o(i.prvInsertBlockIntoFreeList)
    i.prvResetNextTaskUnblockTime            0x080054e4   Section        0  tasks.o(i.prvResetNextTaskUnblockTime)
    prvResetNextTaskUnblockTime              0x080054e5   Thumb Code    42  tasks.o(i.prvResetNextTaskUnblockTime)
    i.prvTaskExitError                       0x08005518   Section        0  port.o(i.prvTaskExitError)
    prvTaskExitError                         0x08005519   Thumb Code    60  port.o(i.prvTaskExitError)
    i.pvPortMalloc                           0x08005558   Section        0  heap_4.o(i.pvPortMalloc)
    i.pxPortInitialiseStack                  0x08005694   Section        0  port.o(i.pxPortInitialiseStack)
    i.uxListRemove                           0x080056c0   Section        0  list.o(i.uxListRemove)
    i.vApplicationGetIdleTaskMemory          0x080056e8   Section        0  freertos.o(i.vApplicationGetIdleTaskMemory)
    i.vListInitialise                        0x08005700   Section        0  list.o(i.vListInitialise)
    i.vListInitialiseItem                    0x0800571a   Section        0  list.o(i.vListInitialiseItem)
    i.vListInsert                            0x08005720   Section        0  list.o(i.vListInsert)
    i.vListInsertEnd                         0x08005754   Section        0  list.o(i.vListInsertEnd)
    i.vPortEnterCritical                     0x0800576c   Section        0  port.o(i.vPortEnterCritical)
    i.vPortExitCritical                      0x080057c0   Section        0  port.o(i.vPortExitCritical)
    i.vPortFree                              0x080057fc   Section        0  heap_4.o(i.vPortFree)
    i.vPortSetupTimerInterrupt               0x08005890   Section        0  port.o(i.vPortSetupTimerInterrupt)
    i.vTaskDelayUntil                        0x080058b8   Section        0  tasks.o(i.vTaskDelayUntil)
    i.vTaskDelete                            0x0800598c   Section        0  tasks.o(i.vTaskDelete)
    i.vTaskStartScheduler                    0x08005a80   Section        0  tasks.o(i.vTaskStartScheduler)
    i.vTaskSuspendAll                        0x08005b30   Section        0  tasks.o(i.vTaskSuspendAll)
    i.vTaskSwitchContext                     0x08005b40   Section        0  tasks.o(i.vTaskSwitchContext)
    i.xPortStartScheduler                    0x08005bcc   Section        0  port.o(i.xPortStartScheduler)
    i.xTaskCreate                            0x08005d34   Section        0  tasks.o(i.xTaskCreate)
    i.xTaskCreateStatic                      0x08005d98   Section        0  tasks.o(i.xTaskCreateStatic)
    i.xTaskGetTickCount                      0x08005e50   Section        0  tasks.o(i.xTaskGetTickCount)
    i.xTaskIncrementTick                     0x08005e5c   Section        0  tasks.o(i.xTaskIncrementTick)
    i.xTaskResumeAll                         0x08005fa4   Section        0  tasks.o(i.xTaskResumeAll)
    .constdata                               0x080060a8   Section       84  freertos.o(.constdata)
    .constdata                               0x080060fc   Section        8  stm32f4xx_hal_dma.o(.constdata)
    flagBitshiftOffset                       0x080060fc   Data           8  stm32f4xx_hal_dma.o(.constdata)
    .constdata                               0x08006104   Section       24  system_stm32f4xx.o(.constdata)
    .constdata                               0x0800611c   Section       32  rredf.o(.constdata)
    twooverpi                                0x0800611c   Data          32  rredf.o(.constdata)
    .conststring                             0x0800613c   Section       37  freertos.o(.conststring)
    .data                                    0x20000000   Section       12  freertos.o(.data)
    .data                                    0x2000000c   Section        9  stm32f4xx_hal.o(.data)
    .data                                    0x20000018   Section        4  system_stm32f4xx.o(.data)
    .data                                    0x2000001c   Section        5  bsp_mpu9250.o(.data)
    tx                                       0x2000001c   Data           1  bsp_mpu9250.o(.data)
    rx                                       0x2000001d   Data           1  bsp_mpu9250.o(.data)
    .data                                    0x20000024   Section      146  bsp_mpu9250_quad_math.o(.data)
    q0                                       0x20000050   Data           4  bsp_mpu9250_quad_math.o(.data)
    q1                                       0x20000054   Data           4  bsp_mpu9250_quad_math.o(.data)
    q2                                       0x20000058   Data           4  bsp_mpu9250_quad_math.o(.data)
    q3                                       0x2000005c   Data           4  bsp_mpu9250_quad_math.o(.data)
    dq0                                      0x20000060   Data           4  bsp_mpu9250_quad_math.o(.data)
    dq1                                      0x20000064   Data           4  bsp_mpu9250_quad_math.o(.data)
    dq2                                      0x20000068   Data           4  bsp_mpu9250_quad_math.o(.data)
    dq3                                      0x2000006c   Data           4  bsp_mpu9250_quad_math.o(.data)
    q0q0                                     0x20000070   Data           4  bsp_mpu9250_quad_math.o(.data)
    q0q1                                     0x20000074   Data           4  bsp_mpu9250_quad_math.o(.data)
    q0q2                                     0x20000078   Data           4  bsp_mpu9250_quad_math.o(.data)
    q0q3                                     0x2000007c   Data           4  bsp_mpu9250_quad_math.o(.data)
    q1q1                                     0x20000080   Data           4  bsp_mpu9250_quad_math.o(.data)
    q1q2                                     0x20000084   Data           4  bsp_mpu9250_quad_math.o(.data)
    q1q3                                     0x20000088   Data           4  bsp_mpu9250_quad_math.o(.data)
    q2q2                                     0x2000008c   Data           4  bsp_mpu9250_quad_math.o(.data)
    q2q3                                     0x20000090   Data           4  bsp_mpu9250_quad_math.o(.data)
    q3q3                                     0x20000094   Data           4  bsp_mpu9250_quad_math.o(.data)
    bFilterInit                              0x20000098   Data           1  bsp_mpu9250_quad_math.o(.data)
    unstable_num                             0x200000a4   Data           2  bsp_mpu9250_quad_math.o(.data)
    flag                                     0x200000a6   Data           1  bsp_mpu9250_quad_math.o(.data)
    tick                                     0x200000a8   Data           4  bsp_mpu9250_quad_math.o(.data)
    dynamicFlag                              0x200000ac   Data           3  bsp_mpu9250_quad_math.o(.data)
    angleCircle                              0x200000b0   Data           6  bsp_mpu9250_quad_math.o(.data)
    .data                                    0x200000b6   Section       16  app_mode.o(.data)
    .data                                    0x200000c8   Section       60  tasks.o(.data)
    pxDelayedTaskList                        0x200000cc   Data           4  tasks.o(.data)
    pxOverflowDelayedTaskList                0x200000d0   Data           4  tasks.o(.data)
    uxDeletedTasksWaitingCleanUp             0x200000d4   Data           4  tasks.o(.data)
    uxCurrentNumberOfTasks                   0x200000d8   Data           4  tasks.o(.data)
    xTickCount                               0x200000dc   Data           4  tasks.o(.data)
    uxTopReadyPriority                       0x200000e0   Data           4  tasks.o(.data)
    xSchedulerRunning                        0x200000e4   Data           4  tasks.o(.data)
    uxPendedTicks                            0x200000e8   Data           4  tasks.o(.data)
    xYieldPending                            0x200000ec   Data           4  tasks.o(.data)
    xNumOfOverflows                          0x200000f0   Data           4  tasks.o(.data)
    uxTaskNumber                             0x200000f4   Data           4  tasks.o(.data)
    xNextTaskUnblockTime                     0x200000f8   Data           4  tasks.o(.data)
    xIdleTaskHandle                          0x200000fc   Data           4  tasks.o(.data)
    uxSchedulerSuspended                     0x20000100   Data           4  tasks.o(.data)
    .data                                    0x20000104   Section       24  heap_4.o(.data)
    xStart                                   0x20000104   Data           8  heap_4.o(.data)
    pxEnd                                    0x2000010c   Data           4  heap_4.o(.data)
    xFreeBytesRemaining                      0x20000110   Data           4  heap_4.o(.data)
    xMinimumEverFreeBytesRemaining           0x20000114   Data           4  heap_4.o(.data)
    xBlockAllocatedBit                       0x20000118   Data           4  heap_4.o(.data)
    .data                                    0x2000011c   Section       12  port.o(.data)
    uxCriticalNesting                        0x2000011c   Data           4  port.o(.data)
    ucMaxSysCallPriority                     0x20000120   Data           1  port.o(.data)
    ulMaxPRIGROUPValue                       0x20000124   Data           4  port.o(.data)
    .data                                    0x20000128   Section        4  errno.o(.data)
    _errno                                   0x20000128   Data           4  errno.o(.data)
    .bss                                     0x2000012c   Section       40  can.o(.bss)
    .bss                                     0x20000154   Section      596  freertos.o(.bss)
    xIdleTaskTCBBuffer                       0x20000154   Data          84  freertos.o(.bss)
    xIdleStack                               0x200001a8   Data         512  freertos.o(.bss)
    .bss                                     0x200003a8   Section       88  spi.o(.bss)
    .bss                                     0x20000400   Section      416  usart.o(.bss)
    .bss                                     0x200005a0   Section       64  stm32f4xx_hal_timebase_tim.o(.bss)
    .bss                                     0x200005e0   Section       32  stm32f4xx_hal_flash.o(.bss)
    .bss                                     0x20000600   Section       66  bsp_dbus.o(.bss)
    .bss                                     0x20000644   Section    12708  bsp_mpu9250_quad_math.o(.bss)
    gyro_bias                                0x200037c0   Data          12  bsp_mpu9250_quad_math.o(.bss)
    mpu_data_buf                             0x200037cc   Data          14  bsp_mpu9250_quad_math.o(.bss)
    LastAngle                                0x200037dc   Data          12  bsp_mpu9250_quad_math.o(.bss)
    .bss                                     0x200037e8   Section      148  bsp_can.o(.bss)
    bsp_can_Rx                               0x20003860   Data          28  bsp_can.o(.bss)
    .bss                                     0x2000387c   Section      288  app_pid.o(.bss)
    .bss                                     0x2000399c   Section      240  tasks.o(.bss)
    pxReadyTasksLists                        0x2000399c   Data         140  tasks.o(.bss)
    xDelayedTaskList1                        0x20003a28   Data          20  tasks.o(.bss)
    xDelayedTaskList2                        0x20003a3c   Data          20  tasks.o(.bss)
    xPendingReadyList                        0x20003a50   Data          20  tasks.o(.bss)
    xTasksWaitingTermination                 0x20003a64   Data          20  tasks.o(.bss)
    xSuspendedTaskList                       0x20003a78   Data          20  tasks.o(.bss)
    .bss                                     0x20003a8c   Section    15360  heap_4.o(.bss)
    ucHeap                                   0x20003a8c   Data       15360  heap_4.o(.bss)
    STACK                                    0x20007690   Section     1024  startup_stm32f405xx.o(STACK)

    Global Symbols

    Symbol Name                              Value     Ov Type        Size  Object(Section)

    BuildAttributes$$THM_ISAv4$E$P$D$K$B$S$7EM$VFPi3$EXTD16$VFPS$VFMA$PE$A:L22UL41UL21$X:L11$S22US41US21$IEEE1$IW$USESV6$~STKCKD$USESV7$~SHL$OTIME$ROPI$IEEEX$EBA8$MICROLIB$REQ8$PRES8$EABIv2 0x00000000   Number         0  anon$$obj.o ABSOLUTE
    __ARM_use_no_argv                        0x00000000   Number         0  main.o ABSOLUTE
    __cpp_initialize__aeabi_                  - Undefined Weak Reference
    __cxa_finalize                            - Undefined Weak Reference
    _clock_init                               - Undefined Weak Reference
    _microlib_exit                            - Undefined Weak Reference
    __Vectors_Size                           0x00000188   Number         0  startup_stm32f405xx.o ABSOLUTE
    __Vectors                                0x08000000   Data           4  startup_stm32f405xx.o(RESET)
    __Vectors_End                            0x08000188   Data           0  startup_stm32f405xx.o(RESET)
    __main                                   0x08000189   Thumb Code     0  entry.o(.ARM.Collect$$$$00000000)
    _main_stk                                0x08000189   Thumb Code     0  entry2.o(.ARM.Collect$$$$00000001)
    _main_scatterload                        0x0800018d   Thumb Code     0  entry5.o(.ARM.Collect$$$$00000004)
    __main_after_scatterload                 0x08000191   Thumb Code     0  entry5.o(.ARM.Collect$$$$00000004)
    _main_clock                              0x08000191   Thumb Code     0  entry7b.o(.ARM.Collect$$$$00000008)
    _main_cpp_init                           0x08000191   Thumb Code     0  entry8b.o(.ARM.Collect$$$$0000000A)
    _main_init                               0x08000191   Thumb Code     0  entry9a.o(.ARM.Collect$$$$0000000B)
    __rt_final_cpp                           0x08000199   Thumb Code     0  entry10a.o(.ARM.Collect$$$$0000000D)
    __rt_final_exit                          0x08000199   Thumb Code     0  entry11a.o(.ARM.Collect$$$$0000000F)
    SVC_Handler                              0x0800019d   Thumb Code    28  port.o(.emb_text)
    __asm___6_port_c_39a90d8d__prvStartFirstTask 0x080001bd   Thumb Code    36  port.o(.emb_text)
    __asm___6_port_c_39a90d8d__prvEnableVFP  0x080001e5   Thumb Code    16  port.o(.emb_text)
    PendSV_Handler                           0x080001f9   Thumb Code    88  port.o(.emb_text)
    vPortGetIPSR                             0x08000255   Thumb Code     6  port.o(.emb_text)
    Reset_Handler                            0x0800025d   Thumb Code     8  startup_stm32f405xx.o(.text)
    ADC_IRQHandler                           0x08000277   Thumb Code     0  startup_stm32f405xx.o(.text)
    CAN1_RX1_IRQHandler                      0x08000277   Thumb Code     0  startup_stm32f405xx.o(.text)
    CAN1_SCE_IRQHandler                      0x08000277   Thumb Code     0  startup_stm32f405xx.o(.text)
    CAN1_TX_IRQHandler                       0x08000277   Thumb Code     0  startup_stm32f405xx.o(.text)
    CAN2_RX0_IRQHandler                      0x08000277   Thumb Code     0  startup_stm32f405xx.o(.text)
    CAN2_RX1_IRQHandler                      0x08000277   Thumb Code     0  startup_stm32f405xx.o(.text)
    CAN2_SCE_IRQHandler                      0x08000277   Thumb Code     0  startup_stm32f405xx.o(.text)
    CAN2_TX_IRQHandler                       0x08000277   Thumb Code     0  startup_stm32f405xx.o(.text)
    DMA1_Stream0_IRQHandler                  0x08000277   Thumb Code     0  startup_stm32f405xx.o(.text)
    DMA1_Stream2_IRQHandler                  0x08000277   Thumb Code     0  startup_stm32f405xx.o(.text)
    DMA1_Stream3_IRQHandler                  0x08000277   Thumb Code     0  startup_stm32f405xx.o(.text)
    DMA1_Stream4_IRQHandler                  0x08000277   Thumb Code     0  startup_stm32f405xx.o(.text)
    DMA1_Stream5_IRQHandler                  0x08000277   Thumb Code     0  startup_stm32f405xx.o(.text)
    DMA1_Stream6_IRQHandler                  0x08000277   Thumb Code     0  startup_stm32f405xx.o(.text)
    DMA1_Stream7_IRQHandler                  0x08000277   Thumb Code     0  startup_stm32f405xx.o(.text)
    DMA2_Stream0_IRQHandler                  0x08000277   Thumb Code     0  startup_stm32f405xx.o(.text)
    DMA2_Stream2_IRQHandler                  0x08000277   Thumb Code     0  startup_stm32f405xx.o(.text)
    DMA2_Stream3_IRQHandler                  0x08000277   Thumb Code     0  startup_stm32f405xx.o(.text)
    DMA2_Stream4_IRQHandler                  0x08000277   Thumb Code     0  startup_stm32f405xx.o(.text)
    DMA2_Stream5_IRQHandler                  0x08000277   Thumb Code     0  startup_stm32f405xx.o(.text)
    DMA2_Stream7_IRQHandler                  0x08000277   Thumb Code     0  startup_stm32f405xx.o(.text)
    EXTI0_IRQHandler                         0x08000277   Thumb Code     0  startup_stm32f405xx.o(.text)
    EXTI15_10_IRQHandler                     0x08000277   Thumb Code     0  startup_stm32f405xx.o(.text)
    EXTI1_IRQHandler                         0x08000277   Thumb Code     0  startup_stm32f405xx.o(.text)
    EXTI2_IRQHandler                         0x08000277   Thumb Code     0  startup_stm32f405xx.o(.text)
    EXTI3_IRQHandler                         0x08000277   Thumb Code     0  startup_stm32f405xx.o(.text)
    EXTI4_IRQHandler                         0x08000277   Thumb Code     0  startup_stm32f405xx.o(.text)
    EXTI9_5_IRQHandler                       0x08000277   Thumb Code     0  startup_stm32f405xx.o(.text)
    FLASH_IRQHandler                         0x08000277   Thumb Code     0  startup_stm32f405xx.o(.text)
    FMC_IRQHandler                           0x08000277   Thumb Code     0  startup_stm32f405xx.o(.text)
    FPU_IRQHandler                           0x08000277   Thumb Code     0  startup_stm32f405xx.o(.text)
    HASH_RNG_IRQHandler                      0x08000277   Thumb Code     0  startup_stm32f405xx.o(.text)
    I2C1_ER_IRQHandler                       0x08000277   Thumb Code     0  startup_stm32f405xx.o(.text)
    I2C1_EV_IRQHandler                       0x08000277   Thumb Code     0  startup_stm32f405xx.o(.text)
    I2C2_ER_IRQHandler                       0x08000277   Thumb Code     0  startup_stm32f405xx.o(.text)
    I2C2_EV_IRQHandler                       0x08000277   Thumb Code     0  startup_stm32f405xx.o(.text)
    I2C3_ER_IRQHandler                       0x08000277   Thumb Code     0  startup_stm32f405xx.o(.text)
    I2C3_EV_IRQHandler                       0x08000277   Thumb Code     0  startup_stm32f405xx.o(.text)
    OTG_FS_IRQHandler                        0x08000277   Thumb Code     0  startup_stm32f405xx.o(.text)
    OTG_FS_WKUP_IRQHandler                   0x08000277   Thumb Code     0  startup_stm32f405xx.o(.text)
    OTG_HS_EP1_IN_IRQHandler                 0x08000277   Thumb Code     0  startup_stm32f405xx.o(.text)
    OTG_HS_EP1_OUT_IRQHandler                0x08000277   Thumb Code     0  startup_stm32f405xx.o(.text)
    OTG_HS_IRQHandler                        0x08000277   Thumb Code     0  startup_stm32f405xx.o(.text)
    OTG_HS_WKUP_IRQHandler                   0x08000277   Thumb Code     0  startup_stm32f405xx.o(.text)
    PVD_IRQHandler                           0x08000277   Thumb Code     0  startup_stm32f405xx.o(.text)
    RCC_IRQHandler                           0x08000277   Thumb Code     0  startup_stm32f405xx.o(.text)
    RTC_Alarm_IRQHandler                     0x08000277   Thumb Code     0  startup_stm32f405xx.o(.text)
    RTC_WKUP_IRQHandler                      0x08000277   Thumb Code     0  startup_stm32f405xx.o(.text)
    SDIO_IRQHandler                          0x08000277   Thumb Code     0  startup_stm32f405xx.o(.text)
    SPI1_IRQHandler                          0x08000277   Thumb Code     0  startup_stm32f405xx.o(.text)
    SPI2_IRQHandler                          0x08000277   Thumb Code     0  startup_stm32f405xx.o(.text)
    SPI3_IRQHandler                          0x08000277   Thumb Code     0  startup_stm32f405xx.o(.text)
    TAMP_STAMP_IRQHandler                    0x08000277   Thumb Code     0  startup_stm32f405xx.o(.text)
    TIM1_BRK_TIM9_IRQHandler                 0x08000277   Thumb Code     0  startup_stm32f405xx.o(.text)
    TIM1_CC_IRQHandler                       0x08000277   Thumb Code     0  startup_stm32f405xx.o(.text)
    TIM1_TRG_COM_TIM11_IRQHandler            0x08000277   Thumb Code     0  startup_stm32f405xx.o(.text)
    TIM1_UP_TIM10_IRQHandler                 0x08000277   Thumb Code     0  startup_stm32f405xx.o(.text)
    TIM2_IRQHandler                          0x08000277   Thumb Code     0  startup_stm32f405xx.o(.text)
    TIM3_IRQHandler                          0x08000277   Thumb Code     0  startup_stm32f405xx.o(.text)
    TIM4_IRQHandler                          0x08000277   Thumb Code     0  startup_stm32f405xx.o(.text)
    TIM5_IRQHandler                          0x08000277   Thumb Code     0  startup_stm32f405xx.o(.text)
    TIM6_DAC_IRQHandler                      0x08000277   Thumb Code     0  startup_stm32f405xx.o(.text)
    TIM7_IRQHandler                          0x08000277   Thumb Code     0  startup_stm32f405xx.o(.text)
    TIM8_BRK_TIM12_IRQHandler                0x08000277   Thumb Code     0  startup_stm32f405xx.o(.text)
    TIM8_CC_IRQHandler                       0x08000277   Thumb Code     0  startup_stm32f405xx.o(.text)
    TIM8_UP_TIM13_IRQHandler                 0x08000277   Thumb Code     0  startup_stm32f405xx.o(.text)
    UART4_IRQHandler                         0x08000277   Thumb Code     0  startup_stm32f405xx.o(.text)
    UART5_IRQHandler                         0x08000277   Thumb Code     0  startup_stm32f405xx.o(.text)
    USART1_IRQHandler                        0x08000277   Thumb Code     0  startup_stm32f405xx.o(.text)
    USART2_IRQHandler                        0x08000277   Thumb Code     0  startup_stm32f405xx.o(.text)
    WWDG_IRQHandler                          0x08000277   Thumb Code     0  startup_stm32f405xx.o(.text)
    __aeabi_uldivmod                         0x08000281   Thumb Code    98  uldiv.o(.text)
    __aeabi_memcpy                           0x080002e3   Thumb Code    36  memcpya.o(.text)
    __aeabi_memcpy4                          0x080002e3   Thumb Code     0  memcpya.o(.text)
    __aeabi_memcpy8                          0x080002e3   Thumb Code     0  memcpya.o(.text)
    __aeabi_memset                           0x08000307   Thumb Code    14  memseta.o(.text)
    __aeabi_memset4                          0x08000307   Thumb Code     0  memseta.o(.text)
    __aeabi_memset8                          0x08000307   Thumb Code     0  memseta.o(.text)
    __aeabi_memclr                           0x08000315   Thumb Code     4  memseta.o(.text)
    __aeabi_memclr4                          0x08000315   Thumb Code     0  memseta.o(.text)
    __aeabi_memclr8                          0x08000315   Thumb Code     0  memseta.o(.text)
    memset                                   0x08000319   Thumb Code    18  memseta.o(.text)
    __aeabi_llsl                             0x0800032b   Thumb Code    30  llshl.o(.text)
    _ll_shift_l                              0x0800032b   Thumb Code     0  llshl.o(.text)
    __aeabi_llsr                             0x08000349   Thumb Code    32  llushr.o(.text)
    _ll_ushift_r                             0x08000349   Thumb Code     0  llushr.o(.text)
    __I$use$fp                               0x08000369   Thumb Code     0  iusefp.o(.text)
    __scatterload                            0x08000369   Thumb Code    28  init.o(.text)
    __scatterload_rt2                        0x08000369   Thumb Code     0  init.o(.text)
    __decompress                             0x0800038d   Thumb Code     0  __dczerorl2.o(.text)
    __decompress1                            0x0800038d   Thumb Code    86  __dczerorl2.o(.text)
    AK8963_Read_Regs                         0x080003e3   Thumb Code    48  bsp_mpu9250.o(i.AK8963_Read_Regs)
    AK8963_Write_Reg                         0x08000413   Thumb Code    40  bsp_mpu9250.o(i.AK8963_Write_Reg)
    BusFault_Handler                         0x0800043b   Thumb Code     4  stm32f4xx_it.o(i.BusFault_Handler)
    CAN1_RX0_IRQHandler                      0x08000441   Thumb Code    10  stm32f4xx_it.o(i.CAN1_RX0_IRQHandler)
    CreateTask                               0x08000451   Thumb Code    70  freertos.o(i.CreateTask)
    DBUS_IT                                  0x080004a5   Thumb Code    74  bsp_dbus.o(i.DBUS_IT)
    DBUS_Init                                0x080004fd   Thumb Code    38  bsp_dbus.o(i.DBUS_Init)
    DBUS_Monitor                             0x08000531   Thumb Code    34  task_monitor.o(i.DBUS_Monitor)
    DMA1_Stream1_IRQHandler                  0x0800072d   Thumb Code    10  stm32f4xx_it.o(i.DMA1_Stream1_IRQHandler)
    DMA2_Stream1_IRQHandler                  0x0800073d   Thumb Code    10  stm32f4xx_it.o(i.DMA2_Stream1_IRQHandler)
    DMA2_Stream6_IRQHandler                  0x0800074d   Thumb Code    10  stm32f4xx_it.o(i.DMA2_Stream6_IRQHandler)
    DebugMon_Handler                         0x08000867   Thumb Code     2  stm32f4xx_it.o(i.DebugMon_Handler)
    Error_Handler                            0x08000869   Thumb Code     2  main.o(i.Error_Handler)
    FLASH_Erase_Sector                       0x0800086d   Thumb Code    86  stm32f4xx_hal_flash_ex.o(i.FLASH_Erase_Sector)
    FLASH_WaitForLastOperation               0x08000a01   Thumb Code    90  stm32f4xx_hal_flash.o(i.FLASH_WaitForLastOperation)
    Flash_ReadOut                            0x08000a65   Thumb Code    20  bsp_mpu9250_filter.o(i.Flash_ReadOut)
    Flash_WriteIn                            0x08000a7d   Thumb Code    88  bsp_mpu9250_filter.o(i.Flash_WriteIn)
    HAL_CAN_ActivateNotification             0x08000ae1   Thumb Code    42  stm32f4xx_hal_can.o(i.HAL_CAN_ActivateNotification)
    HAL_CAN_AddTxMessage                     0x08000b0b   Thumb Code   342  stm32f4xx_hal_can.o(i.HAL_CAN_AddTxMessage)
    HAL_CAN_ConfigFilter                     0x08000c61   Thumb Code   286  stm32f4xx_hal_can.o(i.HAL_CAN_ConfigFilter)
    HAL_CAN_ErrorCallback                    0x08000d85   Thumb Code     2  stm32f4xx_hal_can.o(i.HAL_CAN_ErrorCallback)
    HAL_CAN_GetRxFifoFillLevel               0x08000d87   Thumb Code    40  stm32f4xx_hal_can.o(i.HAL_CAN_GetRxFifoFillLevel)
    HAL_CAN_GetRxMessage                     0x08000daf   Thumb Code   380  stm32f4xx_hal_can.o(i.HAL_CAN_GetRxMessage)
    HAL_CAN_GetTxMailboxesFreeLevel          0x08000f2b   Thumb Code    54  stm32f4xx_hal_can.o(i.HAL_CAN_GetTxMailboxesFreeLevel)
    HAL_CAN_IRQHandler                       0x08000f61   Thumb Code   590  stm32f4xx_hal_can.o(i.HAL_CAN_IRQHandler)
    HAL_CAN_Init                             0x080011af   Thumb Code   372  stm32f4xx_hal_can.o(i.HAL_CAN_Init)
    HAL_CAN_MspInit                          0x08001325   Thumb Code   140  can.o(i.HAL_CAN_MspInit)
    HAL_CAN_RxFifo0FullCallback              0x080013bd   Thumb Code     2  stm32f4xx_hal_can.o(i.HAL_CAN_RxFifo0FullCallback)
    HAL_CAN_RxFifo0MsgPendingCallback        0x080013c1   Thumb Code   774  bsp_can.o(i.HAL_CAN_RxFifo0MsgPendingCallback)
    HAL_CAN_RxFifo1FullCallback              0x080016d1   Thumb Code     2  stm32f4xx_hal_can.o(i.HAL_CAN_RxFifo1FullCallback)
    HAL_CAN_RxFifo1MsgPendingCallback        0x080016d3   Thumb Code     2  stm32f4xx_hal_can.o(i.HAL_CAN_RxFifo1MsgPendingCallback)
    HAL_CAN_SleepCallback                    0x080016d5   Thumb Code     2  stm32f4xx_hal_can.o(i.HAL_CAN_SleepCallback)
    HAL_CAN_Start                            0x080016d7   Thumb Code    94  stm32f4xx_hal_can.o(i.HAL_CAN_Start)
    HAL_CAN_TxMailbox0AbortCallback          0x08001735   Thumb Code     2  stm32f4xx_hal_can.o(i.HAL_CAN_TxMailbox0AbortCallback)
    HAL_CAN_TxMailbox0CompleteCallback       0x08001737   Thumb Code     2  stm32f4xx_hal_can.o(i.HAL_CAN_TxMailbox0CompleteCallback)
    HAL_CAN_TxMailbox1AbortCallback          0x08001739   Thumb Code     2  stm32f4xx_hal_can.o(i.HAL_CAN_TxMailbox1AbortCallback)
    HAL_CAN_TxMailbox1CompleteCallback       0x0800173b   Thumb Code     2  stm32f4xx_hal_can.o(i.HAL_CAN_TxMailbox1CompleteCallback)
    HAL_CAN_TxMailbox2AbortCallback          0x0800173d   Thumb Code     2  stm32f4xx_hal_can.o(i.HAL_CAN_TxMailbox2AbortCallback)
    HAL_CAN_TxMailbox2CompleteCallback       0x0800173f   Thumb Code     2  stm32f4xx_hal_can.o(i.HAL_CAN_TxMailbox2CompleteCallback)
    HAL_CAN_WakeUpFromRxMsgCallback          0x08001741   Thumb Code     2  stm32f4xx_hal_can.o(i.HAL_CAN_WakeUpFromRxMsgCallback)
    HAL_DMA_Abort                            0x08001743   Thumb Code   170  stm32f4xx_hal_dma.o(i.HAL_DMA_Abort)
    HAL_DMA_Abort_IT                         0x080017ed   Thumb Code    40  stm32f4xx_hal_dma.o(i.HAL_DMA_Abort_IT)
    HAL_DMA_IRQHandler                       0x08001815   Thumb Code   570  stm32f4xx_hal_dma.o(i.HAL_DMA_IRQHandler)
    HAL_DMA_Init                             0x08001a55   Thumb Code   232  stm32f4xx_hal_dma.o(i.HAL_DMA_Init)
    HAL_DMA_Start_IT                         0x08001b41   Thumb Code   158  stm32f4xx_hal_dma.o(i.HAL_DMA_Start_IT)
    HAL_Delay                                0x08001be1   Thumb Code    36  stm32f4xx_hal.o(i.HAL_Delay)
    HAL_FLASH_Lock                           0x08001c09   Thumb Code    16  stm32f4xx_hal_flash.o(i.HAL_FLASH_Lock)
    HAL_FLASH_Program                        0x08001c1d   Thumb Code   142  stm32f4xx_hal_flash.o(i.HAL_FLASH_Program)
    HAL_FLASH_Unlock                         0x08001cb5   Thumb Code    38  stm32f4xx_hal_flash.o(i.HAL_FLASH_Unlock)
    HAL_GPIO_Init                            0x08001ce9   Thumb Code   466  stm32f4xx_hal_gpio.o(i.HAL_GPIO_Init)
    HAL_GPIO_WritePin                        0x08001ee9   Thumb Code    12  stm32f4xx_hal_gpio.o(i.HAL_GPIO_WritePin)
    HAL_GetTick                              0x08001ef5   Thumb Code     6  stm32f4xx_hal.o(i.HAL_GetTick)
    HAL_IncTick                              0x08001f01   Thumb Code    16  stm32f4xx_hal.o(i.HAL_IncTick)
    HAL_Init                                 0x08001f19   Thumb Code    54  stm32f4xx_hal.o(i.HAL_Init)
    HAL_InitTick                             0x08001f55   Thumb Code   122  stm32f4xx_hal_timebase_tim.o(i.HAL_InitTick)
    HAL_MspInit                              0x08001fe1   Thumb Code    78  stm32f4xx_hal_msp.o(i.HAL_MspInit)
    HAL_NVIC_EnableIRQ                       0x08002035   Thumb Code    32  stm32f4xx_hal_cortex.o(i.HAL_NVIC_EnableIRQ)
    HAL_NVIC_SetPriority                     0x08002055   Thumb Code   124  stm32f4xx_hal_cortex.o(i.HAL_NVIC_SetPriority)
    HAL_NVIC_SetPriorityGrouping             0x080020d1   Thumb Code    32  stm32f4xx_hal_cortex.o(i.HAL_NVIC_SetPriorityGrouping)
    HAL_RCC_ClockConfig                      0x080020f9   Thumb Code   366  stm32f4xx_hal_rcc.o(i.HAL_RCC_ClockConfig)
    HAL_RCC_GetClockConfig                   0x08002279   Thumb Code    58  stm32f4xx_hal_rcc.o(i.HAL_RCC_GetClockConfig)
    HAL_RCC_GetHCLKFreq                      0x080022bd   Thumb Code     6  stm32f4xx_hal_rcc.o(i.HAL_RCC_GetHCLKFreq)
    HAL_RCC_GetPCLK1Freq                     0x080022c9   Thumb Code    22  stm32f4xx_hal_rcc.o(i.HAL_RCC_GetPCLK1Freq)
    HAL_RCC_GetPCLK2Freq                     0x080022e9   Thumb Code    22  stm32f4xx_hal_rcc.o(i.HAL_RCC_GetPCLK2Freq)
    HAL_RCC_GetSysClockFreq                  0x08002309   Thumb Code   162  stm32f4xx_hal_rcc.o(i.HAL_RCC_GetSysClockFreq)
    HAL_RCC_OscConfig                        0x080023b9   Thumb Code  1086  stm32f4xx_hal_rcc.o(i.HAL_RCC_OscConfig)
    HAL_SPI_Init                             0x08002801   Thumb Code   140  stm32f4xx_hal_spi.o(i.HAL_SPI_Init)
    HAL_SPI_MspInit                          0x0800288d   Thumb Code   122  spi.o(i.HAL_SPI_MspInit)
    HAL_SPI_Receive                          0x08002915   Thumb Code   356  stm32f4xx_hal_spi.o(i.HAL_SPI_Receive)
    HAL_SPI_Transmit                         0x08002a79   Thumb Code   418  stm32f4xx_hal_spi.o(i.HAL_SPI_Transmit)
    HAL_SPI_TransmitReceive                  0x08002c1b   Thumb Code   554  stm32f4xx_hal_spi.o(i.HAL_SPI_TransmitReceive)
    HAL_TIMEx_BreakCallback                  0x08002e45   Thumb Code     2  stm32f4xx_hal_tim_ex.o(i.HAL_TIMEx_BreakCallback)
    HAL_TIMEx_CommutCallback                 0x08002e47   Thumb Code     2  stm32f4xx_hal_tim_ex.o(i.HAL_TIMEx_CommutCallback)
    HAL_TIM_Base_Init                        0x08002e49   Thumb Code    52  stm32f4xx_hal_tim.o(i.HAL_TIM_Base_Init)
    HAL_TIM_Base_MspInit                     0x08002e7d   Thumb Code     2  stm32f4xx_hal_tim.o(i.HAL_TIM_Base_MspInit)
    HAL_TIM_Base_Start_IT                    0x08002e7f   Thumb Code    42  stm32f4xx_hal_tim.o(i.HAL_TIM_Base_Start_IT)
    HAL_TIM_IC_CaptureCallback               0x08002ea9   Thumb Code     2  stm32f4xx_hal_tim.o(i.HAL_TIM_IC_CaptureCallback)
    HAL_TIM_IRQHandler                       0x08002eab   Thumb Code   406  stm32f4xx_hal_tim.o(i.HAL_TIM_IRQHandler)
    HAL_TIM_OC_DelayElapsedCallback          0x08003041   Thumb Code     2  stm32f4xx_hal_tim.o(i.HAL_TIM_OC_DelayElapsedCallback)
    HAL_TIM_PWM_PulseFinishedCallback        0x08003043   Thumb Code     2  stm32f4xx_hal_tim.o(i.HAL_TIM_PWM_PulseFinishedCallback)
    HAL_TIM_PeriodElapsedCallback            0x08003045   Thumb Code    18  main.o(i.HAL_TIM_PeriodElapsedCallback)
    HAL_TIM_TriggerCallback                  0x0800305d   Thumb Code     2  stm32f4xx_hal_tim.o(i.HAL_TIM_TriggerCallback)
    HAL_UART_DMAStop                         0x0800305f   Thumb Code   102  stm32f4xx_hal_uart.o(i.HAL_UART_DMAStop)
    HAL_UART_ErrorCallback                   0x080030c5   Thumb Code     2  stm32f4xx_hal_uart.o(i.HAL_UART_ErrorCallback)
    HAL_UART_IRQHandler                      0x080030c9   Thumb Code   328  stm32f4xx_hal_uart.o(i.HAL_UART_IRQHandler)
    HAL_UART_Init                            0x08003215   Thumb Code   114  stm32f4xx_hal_uart.o(i.HAL_UART_Init)
    HAL_UART_MspInit                         0x08003289   Thumb Code   436  usart.o(i.HAL_UART_MspInit)
    HAL_UART_Receive_DMA                     0x08003461   Thumb Code   182  stm32f4xx_hal_uart.o(i.HAL_UART_Receive_DMA)
    HAL_UART_RxCpltCallback                  0x08003525   Thumb Code     2  stm32f4xx_hal_uart.o(i.HAL_UART_RxCpltCallback)
    HAL_UART_RxHalfCpltCallback              0x08003527   Thumb Code     2  stm32f4xx_hal_uart.o(i.HAL_UART_RxHalfCpltCallback)
    HAL_UART_TxCpltCallback                  0x08003529   Thumb Code     2  stm32f4xx_hal_uart.o(i.HAL_UART_TxCpltCallback)
    HardFault_Handler                        0x0800352b   Thumb Code     4  stm32f4xx_it.o(i.HardFault_Handler)
    IMU_Init                                 0x08003531   Thumb Code   868  bsp_mpu9250_quad_math.o(i.IMU_Init)
    LPF2pSetCutoffFreq                       0x080038d9   Thumb Code   224  bsp_mpu9250_filter.o(i.LPF2pSetCutoffFreq)
    MPU9250_Init                             0x080039c5   Thumb Code   166  bsp_mpu9250.o(i.MPU9250_Init)
    MX_CAN1_Init                             0x08003a71   Thumb Code    62  can.o(i.MX_CAN1_Init)
    MX_DMA_Init                              0x08003ab9   Thumb Code   114  dma.o(i.MX_DMA_Init)
    MX_FREERTOS_Init                         0x08003b31   Thumb Code    30  freertos.o(i.MX_FREERTOS_Init)
    MX_GPIO_Init                             0x08003b59   Thumb Code   204  gpio.o(i.MX_GPIO_Init)
    MX_SPI1_Init                             0x08003c31   Thumb Code    58  spi.o(i.MX_SPI1_Init)
    MX_USART3_UART_Init                      0x08003c75   Thumb Code    52  usart.o(i.MX_USART3_UART_Init)
    MX_USART6_UART_Init                      0x08003cb5   Thumb Code    46  usart.o(i.MX_USART6_UART_Init)
    MemManage_Handler                        0x08003ced   Thumb Code     4  stm32f4xx_it.o(i.MemManage_Handler)
    Mode_Air_Choose                          0x08003cf1   Thumb Code   184  app_mode.o(i.Mode_Air_Choose)
    Mode_Choose                              0x08003db1   Thumb Code   368  app_mode.o(i.Mode_Choose)
    NMI_Handler                              0x08003f39   Thumb Code     2  stm32f4xx_it.o(i.NMI_Handler)
    PID_Control                              0x08003f3d   Thumb Code   270  app_pid.o(i.PID_Control)
    PID_Init                                 0x08004051   Thumb Code    50  app_pid.o(i.PID_Init)
    PID_Set                                  0x08004095   Thumb Code    62  app_pid.o(i.PID_Set)
    SPI_MPU_Read                             0x0800414d   Thumb Code    20  bsp_mpu9250.o(i.SPI_MPU_Read)
    SPI_MPU_Read_Regs                        0x08004161   Thumb Code    66  bsp_mpu9250.o(i.SPI_MPU_Read_Regs)
    SysTick_Handler                          0x0800429d   Thumb Code    46  port.o(i.SysTick_Handler)
    SystemClock_Config                       0x080042d1   Thumb Code   170  main.o(i.SystemClock_Config)
    SystemInit                               0x08004385   Thumb Code    82  system_stm32f4xx.o(i.SystemInit)
    TIM8_TRG_COM_TIM14_IRQHandler            0x080043e9   Thumb Code    10  stm32f4xx_it.o(i.TIM8_TRG_COM_TIM14_IRQHandler)
    TIM_Base_SetConfig                       0x080043f9   Thumb Code   170  stm32f4xx_hal_tim.o(i.TIM_Base_SetConfig)
    Task_Main                                0x080044d1   Thumb Code    50  task_main.o(i.Task_Main)
    Task_Monitor                             0x08004509   Thumb Code    10  task_monitor.o(i.Task_Monitor)
    USART3_IRQHandler                        0x08004a95   Thumb Code    14  stm32f4xx_it.o(i.USART3_IRQHandler)
    USART6_IRQHandler                        0x08004aa9   Thumb Code    10  stm32f4xx_it.o(i.USART6_IRQHandler)
    UsageFault_Handler                       0x08004ab9   Thumb Code     4  stm32f4xx_it.o(i.UsageFault_Handler)
    __ARM_fpclassifyf                        0x08004abd   Thumb Code    38  fpclassifyf.o(i.__ARM_fpclassifyf)
    __hardfp_cosf                            0x08004b1d   Thumb Code   280  cosf.o(i.__hardfp_cosf)
    __hardfp_tanf                            0x08004c6d   Thumb Code   322  tanf.o(i.__hardfp_tanf)
    __mathlib_flt_infnan                     0x08004de9   Thumb Code     6  funder.o(i.__mathlib_flt_infnan)
    __mathlib_flt_invalid                    0x08004df1   Thumb Code    10  funder.o(i.__mathlib_flt_invalid)
    __mathlib_flt_underflow                  0x08004e01   Thumb Code    10  funder.o(i.__mathlib_flt_underflow)
    __mathlib_rredf2                         0x08004e11   Thumb Code   316  rredf.o(i.__mathlib_rredf2)
    __scatterload_copy                       0x08004f65   Thumb Code    14  handlers.o(i.__scatterload_copy)
    __scatterload_null                       0x08004f73   Thumb Code     2  handlers.o(i.__scatterload_null)
    __scatterload_zeroinit                   0x08004f75   Thumb Code    14  handlers.o(i.__scatterload_zeroinit)
    __set_errno                              0x08004f85   Thumb Code     6  errno.o(i.__set_errno)
    bsp_can_Init                             0x08004f91   Thumb Code    60  bsp_can.o(i.bsp_can_Init)
    bsp_can_Sendmessage                      0x08004fd1   Thumb Code   110  bsp_can.o(i.bsp_can_Sendmessage)
    main                                     0x0800503f   Thumb Code    44  main.o(i.main)
    osKernelStart                            0x08005079   Thumb Code    10  cmsis_os.o(i.osKernelStart)
    osThreadCreate                           0x08005083   Thumb Code    94  cmsis_os.o(i.osThreadCreate)
    pvPortMalloc                             0x08005559   Thumb Code   296  heap_4.o(i.pvPortMalloc)
    pxPortInitialiseStack                    0x08005695   Thumb Code    38  port.o(i.pxPortInitialiseStack)
    uxListRemove                             0x080056c1   Thumb Code    40  list.o(i.uxListRemove)
    vApplicationGetIdleTaskMemory            0x080056e9   Thumb Code    14  freertos.o(i.vApplicationGetIdleTaskMemory)
    vListInitialise                          0x08005701   Thumb Code    26  list.o(i.vListInitialise)
    vListInitialiseItem                      0x0800571b   Thumb Code     6  list.o(i.vListInitialiseItem)
    vListInsert                              0x08005721   Thumb Code    52  list.o(i.vListInsert)
    vListInsertEnd                           0x08005755   Thumb Code    24  list.o(i.vListInsertEnd)
    vPortEnterCritical                       0x0800576d   Thumb Code    76  port.o(i.vPortEnterCritical)
    vPortExitCritical                        0x080057c1   Thumb Code    56  port.o(i.vPortExitCritical)
    vPortFree                                0x080057fd   Thumb Code   140  heap_4.o(i.vPortFree)
    vPortSetupTimerInterrupt                 0x08005891   Thumb Code    36  port.o(i.vPortSetupTimerInterrupt)
    vTaskDelayUntil                          0x080058b9   Thumb Code   200  tasks.o(i.vTaskDelayUntil)
    vTaskDelete                              0x0800598d   Thumb Code   202  tasks.o(i.vTaskDelete)
    vTaskStartScheduler                      0x08005a81   Thumb Code   146  tasks.o(i.vTaskStartScheduler)
    vTaskSuspendAll                          0x08005b31   Thumb Code    12  tasks.o(i.vTaskSuspendAll)
    vTaskSwitchContext                       0x08005b41   Thumb Code   118  tasks.o(i.vTaskSwitchContext)
    xPortStartScheduler                      0x08005bcd   Thumb Code   330  port.o(i.xPortStartScheduler)
    xTaskCreate                              0x08005d35   Thumb Code   100  tasks.o(i.xTaskCreate)
    xTaskCreateStatic                        0x08005d99   Thumb Code   184  tasks.o(i.xTaskCreateStatic)
    xTaskGetTickCount                        0x08005e51   Thumb Code     6  tasks.o(i.xTaskGetTickCount)
    xTaskIncrementTick                       0x08005e5d   Thumb Code   282  tasks.o(i.xTaskIncrementTick)
    xTaskResumeAll                           0x08005fa5   Thumb Code   224  tasks.o(i.xTaskResumeAll)
    AHBPrescTable                            0x08006104   Data          16  system_stm32f4xx.o(.constdata)
    APBPrescTable                            0x08006114   Data           8  system_stm32f4xx.o(.constdata)
    Region$$Table$$Base                      0x08006164   Number         0  anon$$obj.o(Region$$Table)
    Region$$Table$$Limit                     0x08006184   Number         0  anon$$obj.o(Region$$Table)
    Create_TaskHandle                        0x20000000   Data           4  freertos.o(.data)
    Task_MainHandle                          0x20000004   Data           4  freertos.o(.data)
    Task_MonitorHandle                       0x20000008   Data           4  freertos.o(.data)
    uwTick                                   0x2000000c   Data           4  stm32f4xx_hal.o(.data)
    uwTickPrio                               0x20000010   Data           4  stm32f4xx_hal.o(.data)
    uwTickFreq                               0x20000014   Data           1  stm32f4xx_hal.o(.data)
    SystemCoreClock                          0x20000018   Data           4  system_stm32f4xx.o(.data)
    AK8963_ASA                               0x2000001e   Data           3  bsp_mpu9250.o(.data)
    so3_comp_params_Kp                       0x20000024   Data           4  bsp_mpu9250_quad_math.o(.data)
    so3_comp_params_Ki                       0x20000028   Data           4  bsp_mpu9250_quad_math.o(.data)
    Zero_Threshold                           0x2000002c   Data           6  bsp_mpu9250_quad_math.o(.data)
    Dynamic_Zero_Thre                        0x20000034   Data           4  bsp_mpu9250_quad_math.o(.data)
    Offset_Coeff                             0x20000038   Data          12  bsp_mpu9250_quad_math.o(.data)
    Flash_Val                                0x20000044   Data           8  bsp_mpu9250_quad_math.o(.data)
    Flash_Limit_t                            0x2000004c   Data           1  bsp_mpu9250_quad_math.o(.data)
    tPrev                                    0x2000009c   Data           4  bsp_mpu9250_quad_math.o(.data)
    tNow                                     0x200000a0   Data           4  bsp_mpu9250_quad_math.o(.data)
    send_Claws                               0x200000b6   Data           8  app_mode.o(.data)
    send_buf                                 0x200000be   Data           8  app_mode.o(.data)
    pxCurrentTCB                             0x200000c8   Data           4  tasks.o(.data)
    hcan1                                    0x2000012c   Data          40  can.o(.bss)
    hspi1                                    0x200003a8   Data          88  spi.o(.bss)
    huart3                                   0x20000400   Data          64  usart.o(.bss)
    huart6                                   0x20000440   Data          64  usart.o(.bss)
    hdma_usart3_rx                           0x20000480   Data          96  usart.o(.bss)
    hdma_usart6_rx                           0x200004e0   Data          96  usart.o(.bss)
    hdma_usart6_tx                           0x20000540   Data          96  usart.o(.bss)
    htim14                                   0x200005a0   Data          64  stm32f4xx_hal_timebase_tim.o(.bss)
    pFlash                                   0x200005e0   Data          32  stm32f4xx_hal_flash.o(.bss)
    DBUS_rx_buffer                           0x20000600   Data          25  bsp_dbus.o(.bss)
    RC_Ctl                                   0x2000061a   Data          40  bsp_dbus.o(.bss)
    manualOffsetGyro                         0x20000644   Data          12  bsp_mpu9250_quad_math.o(.bss)
    startOffsetVal                           0x20000650   Data          12  bsp_mpu9250_quad_math.o(.bss)
    imu                                      0x2000065c   Data       12236  bsp_mpu9250_quad_math.o(.bss)
    AccFilter                                0x20003628   Data         108  bsp_mpu9250_quad_math.o(.bss)
    GyroFilter                               0x20003694   Data         108  bsp_mpu9250_quad_math.o(.bss)
    Acc_LPF                                  0x20003700   Data          96  bsp_mpu9250_quad_math.o(.bss)
    Gyro_LPF                                 0x20003760   Data          96  bsp_mpu9250_quad_math.o(.bss)
    bsp_can_motor_data                       0x200037e8   Data         120  bsp_can.o(.bss)
    motor_V                                  0x2000387c   Data         288  app_pid.o(.bss)
    __initial_sp                             0x20007a90   Data           0  startup_stm32f405xx.o(STACK)



==============================================================================

Memory Map of the image

  Image Entry point : 0x08000189

  Load Region LR_IROM1 (Base: 0x08000000, Size: 0x000062b0, Max: 0x00100000, ABSOLUTE, COMPRESSED[0x000061b0])

    Execution Region ER_IROM1 (Exec base: 0x08000000, Load base: 0x08000000, Size: 0x00006184, Max: 0x00100000, ABSOLUTE)

    Exec Addr    Load Addr    Size         Type   Attr      Idx    E Section Name        Object

    0x08000000   0x08000000   0x00000188   Data   RO            3    RESET               startup_stm32f405xx.o
    0x08000188   0x08000188   0x00000000   Code   RO         5622  * .ARM.Collect$$$$00000000  mc_w.l(entry.o)
    0x08000188   0x08000188   0x00000004   Code   RO         5709    .ARM.Collect$$$$00000001  mc_w.l(entry2.o)
    0x0800018c   0x0800018c   0x00000004   Code   RO         5712    .ARM.Collect$$$$00000004  mc_w.l(entry5.o)
    0x08000190   0x08000190   0x00000000   Code   RO         5714    .ARM.Collect$$$$00000008  mc_w.l(entry7b.o)
    0x08000190   0x08000190   0x00000000   Code   RO         5716    .ARM.Collect$$$$0000000A  mc_w.l(entry8b.o)
    0x08000190   0x08000190   0x00000008   Code   RO         5717    .ARM.Collect$$$$0000000B  mc_w.l(entry9a.o)
    0x08000198   0x08000198   0x00000000   Code   RO         5719    .ARM.Collect$$$$0000000D  mc_w.l(entry10a.o)
    0x08000198   0x08000198   0x00000000   Code   RO         5721    .ARM.Collect$$$$0000000F  mc_w.l(entry11a.o)
    0x08000198   0x08000198   0x00000004   Code   RO         5710    .ARM.Collect$$$$00002712  mc_w.l(entry2.o)
    0x0800019c   0x0800019c   0x000000be   Code   RO         5461    .emb_text           port.o
    0x0800025a   0x0800025a   0x00000002   PAD
    0x0800025c   0x0800025c   0x00000024   Code   RO            4    .text               startup_stm32f405xx.o
    0x08000280   0x08000280   0x00000062   Code   RO         5625    .text               mc_w.l(uldiv.o)
    0x080002e2   0x080002e2   0x00000024   Code   RO         5627    .text               mc_w.l(memcpya.o)
    0x08000306   0x08000306   0x00000024   Code   RO         5631    .text               mc_w.l(memseta.o)
    0x0800032a   0x0800032a   0x0000001e   Code   RO         5723    .text               mc_w.l(llshl.o)
    0x08000348   0x08000348   0x00000020   Code   RO         5725    .text               mc_w.l(llushr.o)
    0x08000368   0x08000368   0x00000000   Code   RO         5736    .text               mc_w.l(iusefp.o)
    0x08000368   0x08000368   0x00000024   Code   RO         5751    .text               mc_w.l(init.o)
    0x0800038c   0x0800038c   0x00000056   Code   RO         5763    .text               mc_w.l(__dczerorl2.o)
    0x080003e2   0x080003e2   0x00000030   Code   RO         3739    i.AK8963_Read_Regs  bsp_mpu9250.o
    0x08000412   0x08000412   0x00000028   Code   RO         3740    i.AK8963_Write_Reg  bsp_mpu9250.o
    0x0800043a   0x0800043a   0x00000004   Code   RO          492    i.BusFault_Handler  stm32f4xx_it.o
    0x0800043e   0x0800043e   0x00000002   PAD
    0x08000440   0x08000440   0x00000010   Code   RO          493    i.CAN1_RX0_IRQHandler  stm32f4xx_it.o
    0x08000450   0x08000450   0x00000054   Code   RO          352    i.CreateTask        freertos.o
    0x080004a4   0x080004a4   0x00000058   Code   RO         3697    i.DBUS_IT           bsp_dbus.o
    0x080004fc   0x080004fc   0x00000034   Code   RO         3698    i.DBUS_Init         bsp_dbus.o
    0x08000530   0x08000530   0x00000028   Code   RO         4220    i.DBUS_Monitor      task_monitor.o
    0x08000558   0x08000558   0x000001d4   Code   RO         3699    i.DBUS_remember     bsp_dbus.o
    0x0800072c   0x0800072c   0x00000010   Code   RO          494    i.DMA1_Stream1_IRQHandler  stm32f4xx_it.o
    0x0800073c   0x0800073c   0x00000010   Code   RO          495    i.DMA2_Stream1_IRQHandler  stm32f4xx_it.o
    0x0800074c   0x0800074c   0x00000010   Code   RO          496    i.DMA2_Stream6_IRQHandler  stm32f4xx_it.o
    0x0800075c   0x0800075c   0x00000034   Code   RO         2985    i.DMA_CalcBaseAndBitshift  stm32f4xx_hal_dma.o
    0x08000790   0x08000790   0x000000aa   Code   RO         2986    i.DMA_CheckFifoParam  stm32f4xx_hal_dma.o
    0x0800083a   0x0800083a   0x0000002c   Code   RO         2987    i.DMA_SetConfig     stm32f4xx_hal_dma.o
    0x08000866   0x08000866   0x00000002   Code   RO          497    i.DebugMon_Handler  stm32f4xx_it.o
    0x08000868   0x08000868   0x00000002   Code   RO           13    i.Error_Handler     main.o
    0x0800086a   0x0800086a   0x00000002   PAD
    0x0800086c   0x0800086c   0x0000005c   Code   RO         2755    i.FLASH_Erase_Sector  stm32f4xx_hal_flash_ex.o
    0x080008c8   0x080008c8   0x00000024   Code   RO         2637    i.FLASH_Program_Byte  stm32f4xx_hal_flash.o
    0x080008ec   0x080008ec   0x0000002c   Code   RO         2638    i.FLASH_Program_DoubleWord  stm32f4xx_hal_flash.o
    0x08000918   0x08000918   0x00000028   Code   RO         2639    i.FLASH_Program_HalfWord  stm32f4xx_hal_flash.o
    0x08000940   0x08000940   0x00000028   Code   RO         2640    i.FLASH_Program_Word  stm32f4xx_hal_flash.o
    0x08000968   0x08000968   0x00000098   Code   RO         2641    i.FLASH_SetErrorCode  stm32f4xx_hal_flash.o
    0x08000a00   0x08000a00   0x00000064   Code   RO         2642    i.FLASH_WaitForLastOperation  stm32f4xx_hal_flash.o
    0x08000a64   0x08000a64   0x00000018   Code   RO         3813    i.Flash_ReadOut     bsp_mpu9250_filter.o
    0x08000a7c   0x08000a7c   0x00000064   Code   RO         3814    i.Flash_WriteIn     bsp_mpu9250_filter.o
    0x08000ae0   0x08000ae0   0x0000002a   Code   RO          656    i.HAL_CAN_ActivateNotification  stm32f4xx_hal_can.o
    0x08000b0a   0x08000b0a   0x00000156   Code   RO          657    i.HAL_CAN_AddTxMessage  stm32f4xx_hal_can.o
    0x08000c60   0x08000c60   0x00000124   Code   RO          658    i.HAL_CAN_ConfigFilter  stm32f4xx_hal_can.o
    0x08000d84   0x08000d84   0x00000002   Code   RO          661    i.HAL_CAN_ErrorCallback  stm32f4xx_hal_can.o
    0x08000d86   0x08000d86   0x00000028   Code   RO          663    i.HAL_CAN_GetRxFifoFillLevel  stm32f4xx_hal_can.o
    0x08000dae   0x08000dae   0x0000017c   Code   RO          664    i.HAL_CAN_GetRxMessage  stm32f4xx_hal_can.o
    0x08000f2a   0x08000f2a   0x00000036   Code   RO          666    i.HAL_CAN_GetTxMailboxesFreeLevel  stm32f4xx_hal_can.o
    0x08000f60   0x08000f60   0x0000024e   Code   RO          668    i.HAL_CAN_IRQHandler  stm32f4xx_hal_can.o
    0x080011ae   0x080011ae   0x00000174   Code   RO          669    i.HAL_CAN_Init      stm32f4xx_hal_can.o
    0x08001322   0x08001322   0x00000002   PAD
    0x08001324   0x08001324   0x00000098   Code   RO          287    i.HAL_CAN_MspInit   can.o
    0x080013bc   0x080013bc   0x00000002   Code   RO          676    i.HAL_CAN_RxFifo0FullCallback  stm32f4xx_hal_can.o
    0x080013be   0x080013be   0x00000002   PAD
    0x080013c0   0x080013c0   0x00000310   Code   RO         4060    i.HAL_CAN_RxFifo0MsgPendingCallback  bsp_can.o
    0x080016d0   0x080016d0   0x00000002   Code   RO          678    i.HAL_CAN_RxFifo1FullCallback  stm32f4xx_hal_can.o
    0x080016d2   0x080016d2   0x00000002   Code   RO          679    i.HAL_CAN_RxFifo1MsgPendingCallback  stm32f4xx_hal_can.o
    0x080016d4   0x080016d4   0x00000002   Code   RO          680    i.HAL_CAN_SleepCallback  stm32f4xx_hal_can.o
    0x080016d6   0x080016d6   0x0000005e   Code   RO          681    i.HAL_CAN_Start     stm32f4xx_hal_can.o
    0x08001734   0x08001734   0x00000002   Code   RO          683    i.HAL_CAN_TxMailbox0AbortCallback  stm32f4xx_hal_can.o
    0x08001736   0x08001736   0x00000002   Code   RO          684    i.HAL_CAN_TxMailbox0CompleteCallback  stm32f4xx_hal_can.o
    0x08001738   0x08001738   0x00000002   Code   RO          685    i.HAL_CAN_TxMailbox1AbortCallback  stm32f4xx_hal_can.o
    0x0800173a   0x0800173a   0x00000002   Code   RO          686    i.HAL_CAN_TxMailbox1CompleteCallback  stm32f4xx_hal_can.o
    0x0800173c   0x0800173c   0x00000002   Code   RO          687    i.HAL_CAN_TxMailbox2AbortCallback  stm32f4xx_hal_can.o
    0x0800173e   0x0800173e   0x00000002   Code   RO          688    i.HAL_CAN_TxMailbox2CompleteCallback  stm32f4xx_hal_can.o
    0x08001740   0x08001740   0x00000002   Code   RO          690    i.HAL_CAN_WakeUpFromRxMsgCallback  stm32f4xx_hal_can.o
    0x08001742   0x08001742   0x000000aa   Code   RO         2988    i.HAL_DMA_Abort     stm32f4xx_hal_dma.o
    0x080017ec   0x080017ec   0x00000028   Code   RO         2989    i.HAL_DMA_Abort_IT  stm32f4xx_hal_dma.o
    0x08001814   0x08001814   0x00000240   Code   RO         2993    i.HAL_DMA_IRQHandler  stm32f4xx_hal_dma.o
    0x08001a54   0x08001a54   0x000000ec   Code   RO         2994    i.HAL_DMA_Init      stm32f4xx_hal_dma.o
    0x08001b40   0x08001b40   0x0000009e   Code   RO         2998    i.HAL_DMA_Start_IT  stm32f4xx_hal_dma.o
    0x08001bde   0x08001bde   0x00000002   PAD
    0x08001be0   0x08001be0   0x00000028   Code   RO         3412    i.HAL_Delay         stm32f4xx_hal.o
    0x08001c08   0x08001c08   0x00000014   Code   RO         2646    i.HAL_FLASH_Lock    stm32f4xx_hal_flash.o
    0x08001c1c   0x08001c1c   0x00000098   Code   RO         2651    i.HAL_FLASH_Program  stm32f4xx_hal_flash.o
    0x08001cb4   0x08001cb4   0x00000034   Code   RO         2653    i.HAL_FLASH_Unlock  stm32f4xx_hal_flash.o
    0x08001ce8   0x08001ce8   0x00000200   Code   RO         2881    i.HAL_GPIO_Init     stm32f4xx_hal_gpio.o
    0x08001ee8   0x08001ee8   0x0000000c   Code   RO         2885    i.HAL_GPIO_WritePin  stm32f4xx_hal_gpio.o
    0x08001ef4   0x08001ef4   0x0000000c   Code   RO         3418    i.HAL_GetTick       stm32f4xx_hal.o
    0x08001f00   0x08001f00   0x00000018   Code   RO         3424    i.HAL_IncTick       stm32f4xx_hal.o
    0x08001f18   0x08001f18   0x0000003c   Code   RO         3425    i.HAL_Init          stm32f4xx_hal.o
    0x08001f54   0x08001f54   0x0000008c   Code   RO          616    i.HAL_InitTick      stm32f4xx_hal_timebase_tim.o
    0x08001fe0   0x08001fe0   0x00000054   Code   RO          592    i.HAL_MspInit       stm32f4xx_hal_msp.o
    0x08002034   0x08002034   0x00000020   Code   RO         3270    i.HAL_NVIC_EnableIRQ  stm32f4xx_hal_cortex.o
    0x08002054   0x08002054   0x0000007c   Code   RO         3276    i.HAL_NVIC_SetPriority  stm32f4xx_hal_cortex.o
    0x080020d0   0x080020d0   0x00000028   Code   RO         3277    i.HAL_NVIC_SetPriorityGrouping  stm32f4xx_hal_cortex.o
    0x080020f8   0x080020f8   0x00000180   Code   RO         2482    i.HAL_RCC_ClockConfig  stm32f4xx_hal_rcc.o
    0x08002278   0x08002278   0x00000044   Code   RO         2486    i.HAL_RCC_GetClockConfig  stm32f4xx_hal_rcc.o
    0x080022bc   0x080022bc   0x0000000c   Code   RO         2487    i.HAL_RCC_GetHCLKFreq  stm32f4xx_hal_rcc.o
    0x080022c8   0x080022c8   0x00000020   Code   RO         2489    i.HAL_RCC_GetPCLK1Freq  stm32f4xx_hal_rcc.o
    0x080022e8   0x080022e8   0x00000020   Code   RO         2490    i.HAL_RCC_GetPCLK2Freq  stm32f4xx_hal_rcc.o
    0x08002308   0x08002308   0x000000b0   Code   RO         2491    i.HAL_RCC_GetSysClockFreq  stm32f4xx_hal_rcc.o
    0x080023b8   0x080023b8   0x00000448   Code   RO         2494    i.HAL_RCC_OscConfig  stm32f4xx_hal_rcc.o
    0x08002800   0x08002800   0x0000008c   Code   RO          900    i.HAL_SPI_Init      stm32f4xx_hal_spi.o
    0x0800288c   0x0800288c   0x00000088   Code   RO          403    i.HAL_SPI_MspInit   spi.o
    0x08002914   0x08002914   0x00000164   Code   RO          903    i.HAL_SPI_Receive   stm32f4xx_hal_spi.o
    0x08002a78   0x08002a78   0x000001a2   Code   RO          908    i.HAL_SPI_Transmit  stm32f4xx_hal_spi.o
    0x08002c1a   0x08002c1a   0x0000022a   Code   RO          909    i.HAL_SPI_TransmitReceive  stm32f4xx_hal_spi.o
    0x08002e44   0x08002e44   0x00000002   Code   RO         1899    i.HAL_TIMEx_BreakCallback  stm32f4xx_hal_tim_ex.o
    0x08002e46   0x08002e46   0x00000002   Code   RO         1900    i.HAL_TIMEx_CommutCallback  stm32f4xx_hal_tim_ex.o
    0x08002e48   0x08002e48   0x00000034   Code   RO         1213    i.HAL_TIM_Base_Init  stm32f4xx_hal_tim.o
    0x08002e7c   0x08002e7c   0x00000002   Code   RO         1215    i.HAL_TIM_Base_MspInit  stm32f4xx_hal_tim.o
    0x08002e7e   0x08002e7e   0x0000002a   Code   RO         1218    i.HAL_TIM_Base_Start_IT  stm32f4xx_hal_tim.o
    0x08002ea8   0x08002ea8   0x00000002   Code   RO         1242    i.HAL_TIM_IC_CaptureCallback  stm32f4xx_hal_tim.o
    0x08002eaa   0x08002eaa   0x00000196   Code   RO         1256    i.HAL_TIM_IRQHandler  stm32f4xx_hal_tim.o
    0x08003040   0x08003040   0x00000002   Code   RO         1259    i.HAL_TIM_OC_DelayElapsedCallback  stm32f4xx_hal_tim.o
    0x08003042   0x08003042   0x00000002   Code   RO         1286    i.HAL_TIM_PWM_PulseFinishedCallback  stm32f4xx_hal_tim.o
    0x08003044   0x08003044   0x00000018   Code   RO           14    i.HAL_TIM_PeriodElapsedCallback  main.o
    0x0800305c   0x0800305c   0x00000002   Code   RO         1299    i.HAL_TIM_TriggerCallback  stm32f4xx_hal_tim.o
    0x0800305e   0x0800305e   0x00000066   Code   RO         2169    i.HAL_UART_DMAStop  stm32f4xx_hal_uart.o
    0x080030c4   0x080030c4   0x00000002   Code   RO         2171    i.HAL_UART_ErrorCallback  stm32f4xx_hal_uart.o
    0x080030c6   0x080030c6   0x00000002   PAD
    0x080030c8   0x080030c8   0x0000014c   Code   RO         2174    i.HAL_UART_IRQHandler  stm32f4xx_hal_uart.o
    0x08003214   0x08003214   0x00000072   Code   RO         2175    i.HAL_UART_Init     stm32f4xx_hal_uart.o
    0x08003286   0x08003286   0x00000002   PAD
    0x08003288   0x08003288   0x000001d8   Code   RO          445    i.HAL_UART_MspInit  usart.o
    0x08003460   0x08003460   0x000000c4   Code   RO         2179    i.HAL_UART_Receive_DMA  stm32f4xx_hal_uart.o
    0x08003524   0x08003524   0x00000002   Code   RO         2181    i.HAL_UART_RxCpltCallback  stm32f4xx_hal_uart.o
    0x08003526   0x08003526   0x00000002   Code   RO         2182    i.HAL_UART_RxHalfCpltCallback  stm32f4xx_hal_uart.o
    0x08003528   0x08003528   0x00000002   Code   RO         2186    i.HAL_UART_TxCpltCallback  stm32f4xx_hal_uart.o
    0x0800352a   0x0800352a   0x00000004   Code   RO          498    i.HardFault_Handler  stm32f4xx_it.o
    0x0800352e   0x0800352e   0x00000002   PAD
    0x08003530   0x08003530   0x000003a8   Code   RO         3881    i.IMU_Init          bsp_mpu9250_quad_math.o
    0x080038d8   0x080038d8   0x000000ec   Code   RO         3818    i.LPF2pSetCutoffFreq  bsp_mpu9250_filter.o
    0x080039c4   0x080039c4   0x000000ac   Code   RO         3741    i.MPU9250_Init      bsp_mpu9250.o
    0x08003a70   0x08003a70   0x00000048   Code   RO          288    i.MX_CAN1_Init      can.o
    0x08003ab8   0x08003ab8   0x00000078   Code   RO          328    i.MX_DMA_Init       dma.o
    0x08003b30   0x08003b30   0x00000028   Code   RO          353    i.MX_FREERTOS_Init  freertos.o
    0x08003b58   0x08003b58   0x000000d8   Code   RO          262    i.MX_GPIO_Init      gpio.o
    0x08003c30   0x08003c30   0x00000044   Code   RO          404    i.MX_SPI1_Init      spi.o
    0x08003c74   0x08003c74   0x00000040   Code   RO          446    i.MX_USART3_UART_Init  usart.o
    0x08003cb4   0x08003cb4   0x00000038   Code   RO          447    i.MX_USART6_UART_Init  usart.o
    0x08003cec   0x08003cec   0x00000004   Code   RO          499    i.MemManage_Handler  stm32f4xx_it.o
    0x08003cf0   0x08003cf0   0x000000c0   Code   RO         4144    i.Mode_Air_Choose   app_mode.o
    0x08003db0   0x08003db0   0x00000188   Code   RO         4145    i.Mode_Choose       app_mode.o
    0x08003f38   0x08003f38   0x00000002   Code   RO          500    i.NMI_Handler       stm32f4xx_it.o
    0x08003f3a   0x08003f3a   0x00000002   PAD
    0x08003f3c   0x08003f3c   0x00000114   Code   RO         4102    i.PID_Control       app_pid.o
    0x08004050   0x08004050   0x00000044   Code   RO         4103    i.PID_Init          app_pid.o
    0x08004094   0x08004094   0x00000044   Code   RO         4104    i.PID_Set           app_pid.o
    0x080040d8   0x080040d8   0x0000004c   Code   RO          937    i.SPI_EndRxTransaction  stm32f4xx_hal_spi.o
    0x08004124   0x08004124   0x00000028   Code   RO          938    i.SPI_EndRxTxTransaction  stm32f4xx_hal_spi.o
    0x0800414c   0x0800414c   0x00000014   Code   RO         3743    i.SPI_MPU_Read      bsp_mpu9250.o
    0x08004160   0x08004160   0x00000054   Code   RO         3744    i.SPI_MPU_Read_Regs  bsp_mpu9250.o
    0x080041b4   0x080041b4   0x00000040   Code   RO         3745    i.SPI_MPU_Write_Reg  bsp_mpu9250.o
    0x080041f4   0x080041f4   0x000000a8   Code   RO          943    i.SPI_WaitFlagStateUntilTimeout  stm32f4xx_hal_spi.o
    0x0800429c   0x0800429c   0x00000034   Code   RO         5462    i.SysTick_Handler   port.o
    0x080042d0   0x080042d0   0x000000b4   Code   RO           15    i.SystemClock_Config  main.o
    0x08004384   0x08004384   0x00000064   Code   RO         3661    i.SystemInit        system_stm32f4xx.o
    0x080043e8   0x080043e8   0x00000010   Code   RO          501    i.TIM8_TRG_COM_TIM14_IRQHandler  stm32f4xx_it.o
    0x080043f8   0x080043f8   0x000000d8   Code   RO         1301    i.TIM_Base_SetConfig  stm32f4xx_hal_tim.o
    0x080044d0   0x080044d0   0x00000038   Code   RO         4193    i.Task_Main         task_main.o
    0x08004508   0x08004508   0x0000000a   Code   RO         4221    i.Task_Monitor      task_monitor.o
    0x08004512   0x08004512   0x00000014   Code   RO         2188    i.UART_DMAAbortOnError  stm32f4xx_hal_uart.o
    0x08004526   0x08004526   0x00000050   Code   RO         2189    i.UART_DMAError     stm32f4xx_hal_uart.o
    0x08004576   0x08004576   0x00000046   Code   RO         2190    i.UART_DMAReceiveCplt  stm32f4xx_hal_uart.o
    0x080045bc   0x080045bc   0x0000000e   Code   RO         2192    i.UART_DMARxHalfCplt  stm32f4xx_hal_uart.o
    0x080045ca   0x080045ca   0x00000020   Code   RO         2198    i.UART_EndRxTransfer  stm32f4xx_hal_uart.o
    0x080045ea   0x080045ea   0x00000020   Code   RO         2199    i.UART_EndTransmit_IT  stm32f4xx_hal_uart.o
    0x0800460a   0x0800460a   0x00000014   Code   RO         2200    i.UART_EndTxTransfer  stm32f4xx_hal_uart.o
    0x0800461e   0x0800461e   0x000000a6   Code   RO         2201    i.UART_Receive_IT   stm32f4xx_hal_uart.o
    0x080046c4   0x080046c4   0x00000368   Code   RO         2202    i.UART_SetConfig    stm32f4xx_hal_uart.o
    0x08004a2c   0x08004a2c   0x00000068   Code   RO         2203    i.UART_Transmit_IT  stm32f4xx_hal_uart.o
    0x08004a94   0x08004a94   0x00000014   Code   RO          502    i.USART3_IRQHandler  stm32f4xx_it.o
    0x08004aa8   0x08004aa8   0x00000010   Code   RO          503    i.USART6_IRQHandler  stm32f4xx_it.o
    0x08004ab8   0x08004ab8   0x00000004   Code   RO          504    i.UsageFault_Handler  stm32f4xx_it.o
    0x08004abc   0x08004abc   0x00000026   Code   RO         5677    i.__ARM_fpclassifyf  m_wm.l(fpclassifyf.o)
    0x08004ae2   0x08004ae2   0x00000002   PAD
    0x08004ae4   0x08004ae4   0x00000010   Code   RO         3283    i.__NVIC_GetPriorityGrouping  stm32f4xx_hal_cortex.o
    0x08004af4   0x08004af4   0x00000028   Code   RO         3284    i.__NVIC_SetPriority  stm32f4xx_hal_cortex.o
    0x08004b1c   0x08004b1c   0x00000150   Code   RO         5574    i.__hardfp_cosf     m_wm.l(cosf.o)
    0x08004c6c   0x08004c6c   0x0000017c   Code   RO         5610    i.__hardfp_tanf     m_wm.l(tanf.o)
    0x08004de8   0x08004de8   0x00000006   Code   RO         5680    i.__mathlib_flt_infnan  m_wm.l(funder.o)
    0x08004dee   0x08004dee   0x00000002   PAD
    0x08004df0   0x08004df0   0x00000010   Code   RO         5682    i.__mathlib_flt_invalid  m_wm.l(funder.o)
    0x08004e00   0x08004e00   0x00000010   Code   RO         5685    i.__mathlib_flt_underflow  m_wm.l(funder.o)
    0x08004e10   0x08004e10   0x00000154   Code   RO         5694    i.__mathlib_rredf2  m_wm.l(rredf.o)
    0x08004f64   0x08004f64   0x0000000e   Code   RO         5757    i.__scatterload_copy  mc_w.l(handlers.o)
    0x08004f72   0x08004f72   0x00000002   Code   RO         5758    i.__scatterload_null  mc_w.l(handlers.o)
    0x08004f74   0x08004f74   0x0000000e   Code   RO         5759    i.__scatterload_zeroinit  mc_w.l(handlers.o)
    0x08004f82   0x08004f82   0x00000002   PAD
    0x08004f84   0x08004f84   0x0000000c   Code   RO         5731    i.__set_errno       mc_w.l(errno.o)
    0x08004f90   0x08004f90   0x00000040   Code   RO         4061    i.bsp_can_Init      bsp_can.o
    0x08004fd0   0x08004fd0   0x0000006e   Code   RO         4062    i.bsp_can_Sendmessage  bsp_can.o
    0x0800503e   0x0800503e   0x0000002c   Code   RO           16    i.main              main.o
    0x0800506a   0x0800506a   0x0000000e   Code   RO         5033    i.makeFreeRtosPriority  cmsis_os.o
    0x08005078   0x08005078   0x0000000a   Code   RO         5038    i.osKernelStart     cmsis_os.o
    0x08005082   0x08005082   0x0000005e   Code   RO         5072    i.osThreadCreate    cmsis_os.o
    0x080050e0   0x080050e0   0x00000098   Code   RO         4713    i.prvAddCurrentTaskToDelayedList  tasks.o
    0x08005178   0x08005178   0x000000b4   Code   RO         4714    i.prvAddNewTaskToReadyList  tasks.o
    0x0800522c   0x0800522c   0x00000048   Code   RO         4715    i.prvCheckTasksWaitingTermination  tasks.o
    0x08005274   0x08005274   0x00000050   Code   RO         4716    i.prvDeleteTCB      tasks.o
    0x080052c4   0x080052c4   0x0000007c   Code   RO         5400    i.prvHeapInit       heap_4.o
    0x08005340   0x08005340   0x00000028   Code   RO         4717    i.prvIdleTask       tasks.o
    0x08005368   0x08005368   0x000000aa   Code   RO         4718    i.prvInitialiseNewTask  tasks.o
    0x08005412   0x08005412   0x00000002   PAD
    0x08005414   0x08005414   0x00000068   Code   RO         4719    i.prvInitialiseTaskLists  tasks.o
    0x0800547c   0x0800547c   0x00000068   Code   RO         5401    i.prvInsertBlockIntoFreeList  heap_4.o
    0x080054e4   0x080054e4   0x00000034   Code   RO         4720    i.prvResetNextTaskUnblockTime  tasks.o
    0x08005518   0x08005518   0x00000040   Code   RO         5463    i.prvTaskExitError  port.o
    0x08005558   0x08005558   0x0000013c   Code   RO         5402    i.pvPortMalloc      heap_4.o
    0x08005694   0x08005694   0x0000002c   Code   RO         5464    i.pxPortInitialiseStack  port.o
    0x080056c0   0x080056c0   0x00000028   Code   RO         4354    i.uxListRemove      list.o
    0x080056e8   0x080056e8   0x00000018   Code   RO          354    i.vApplicationGetIdleTaskMemory  freertos.o
    0x08005700   0x08005700   0x0000001a   Code   RO         4355    i.vListInitialise   list.o
    0x0800571a   0x0800571a   0x00000006   Code   RO         4356    i.vListInitialiseItem  list.o
    0x08005720   0x08005720   0x00000034   Code   RO         4357    i.vListInsert       list.o
    0x08005754   0x08005754   0x00000018   Code   RO         4358    i.vListInsertEnd    list.o
    0x0800576c   0x0800576c   0x00000054   Code   RO         5466    i.vPortEnterCritical  port.o
    0x080057c0   0x080057c0   0x0000003c   Code   RO         5467    i.vPortExitCritical  port.o
    0x080057fc   0x080057fc   0x00000094   Code   RO         5403    i.vPortFree         heap_4.o
    0x08005890   0x08005890   0x00000028   Code   RO         5468    i.vPortSetupTimerInterrupt  port.o
    0x080058b8   0x080058b8   0x000000d4   Code   RO         4729    i.vTaskDelayUntil   tasks.o
    0x0800598c   0x0800598c   0x000000f4   Code   RO         4730    i.vTaskDelete       tasks.o
    0x08005a80   0x08005a80   0x000000b0   Code   RO         4742    i.vTaskStartScheduler  tasks.o
    0x08005b30   0x08005b30   0x00000010   Code   RO         4744    i.vTaskSuspendAll   tasks.o
    0x08005b40   0x08005b40   0x0000008c   Code   RO         4745    i.vTaskSwitchContext  tasks.o
    0x08005bcc   0x08005bcc   0x00000168   Code   RO         5470    i.xPortStartScheduler  port.o
    0x08005d34   0x08005d34   0x00000064   Code   RO         4747    i.xTaskCreate       tasks.o
    0x08005d98   0x08005d98   0x000000b8   Code   RO         4748    i.xTaskCreateStatic  tasks.o
    0x08005e50   0x08005e50   0x0000000c   Code   RO         4753    i.xTaskGetTickCount  tasks.o
    0x08005e5c   0x08005e5c   0x00000148   Code   RO         4755    i.xTaskIncrementTick  tasks.o
    0x08005fa4   0x08005fa4   0x00000104   Code   RO         4761    i.xTaskResumeAll    tasks.o
    0x080060a8   0x080060a8   0x00000054   Data   RO          356    .constdata          freertos.o
    0x080060fc   0x080060fc   0x00000008   Data   RO         3000    .constdata          stm32f4xx_hal_dma.o
    0x08006104   0x08006104   0x00000018   Data   RO         3662    .constdata          system_stm32f4xx.o
    0x0800611c   0x0800611c   0x00000020   Data   RO         5695    .constdata          m_wm.l(rredf.o)
    0x0800613c   0x0800613c   0x00000025   Data   RO          357    .conststring        freertos.o
    0x08006161   0x08006161   0x00000003   PAD
    0x08006164   0x08006164   0x00000020   Data   RO         5755    Region$$Table       anon$$obj.o


    Execution Region RW_IRAM1 (Exec base: 0x20000000, Load base: 0x08006184, Size: 0x00007a90, Max: 0x00020000, ABSOLUTE, COMPRESSED[0x0000002c])

    Exec Addr    Load Addr    Size         Type   Attr      Idx    E Section Name        Object

    0x20000000   COMPRESSED   0x0000000c   Data   RW          358    .data               freertos.o
    0x2000000c   COMPRESSED   0x00000009   Data   RW         3432    .data               stm32f4xx_hal.o
    0x20000015   COMPRESSED   0x00000003   PAD
    0x20000018   COMPRESSED   0x00000004   Data   RW         3663    .data               system_stm32f4xx.o
    0x2000001c   COMPRESSED   0x00000005   Data   RW         3746    .data               bsp_mpu9250.o
    0x20000021   COMPRESSED   0x00000003   PAD
    0x20000024   COMPRESSED   0x00000092   Data   RW         3890    .data               bsp_mpu9250_quad_math.o
    0x200000b6   COMPRESSED   0x00000010   Data   RW         4146    .data               app_mode.o
    0x200000c6   COMPRESSED   0x00000002   PAD
    0x200000c8   COMPRESSED   0x0000003c   Data   RW         4764    .data               tasks.o
    0x20000104   COMPRESSED   0x00000018   Data   RW         5408    .data               heap_4.o
    0x2000011c   COMPRESSED   0x0000000c   Data   RW         5471    .data               port.o
    0x20000128   COMPRESSED   0x00000004   Data   RW         5732    .data               mc_w.l(errno.o)
    0x2000012c        -       0x00000028   Zero   RW          289    .bss                can.o
    0x20000154        -       0x00000254   Zero   RW          355    .bss                freertos.o
    0x200003a8        -       0x00000058   Zero   RW          405    .bss                spi.o
    0x20000400        -       0x000001a0   Zero   RW          448    .bss                usart.o
    0x200005a0        -       0x00000040   Zero   RW          619    .bss                stm32f4xx_hal_timebase_tim.o
    0x200005e0        -       0x00000020   Zero   RW         2654    .bss                stm32f4xx_hal_flash.o
    0x20000600        -       0x00000042   Zero   RW         3700    .bss                bsp_dbus.o
    0x20000642   COMPRESSED   0x00000002   PAD
    0x20000644        -       0x000031a4   Zero   RW         3888    .bss                bsp_mpu9250_quad_math.o
    0x200037e8        -       0x00000094   Zero   RW         4063    .bss                bsp_can.o
    0x2000387c        -       0x00000120   Zero   RW         4105    .bss                app_pid.o
    0x2000399c        -       0x000000f0   Zero   RW         4763    .bss                tasks.o
    0x20003a8c        -       0x00003c00   Zero   RW         5407    .bss                heap_4.o
    0x2000768c   COMPRESSED   0x00000004   PAD
    0x20007690        -       0x00000400   Zero   RW            1    STACK               startup_stm32f405xx.o


==============================================================================

Image component sizes


      Code (inc. data)   RO Data    RW Data    ZI Data      Debug   Object Name

       584         32          0         16          0       2074   app_mode.o
       412         30          0          0        288       2909   app_pid.o
       958         20          0          0        148       3074   bsp_can.o
       608         36          0          0         66       2878   bsp_dbus.o
       428         34          0          5          0       4049   bsp_mpu9250.o
       360         28          0          0          0       4133   bsp_mpu9250_filter.o
       936         68          0        146      12708       5634   bsp_mpu9250_quad_math.o
       224         22          0          0         40       1589   can.o
       118          0          0          0          0      21377   cmsis_os.o
       120          6          0          0          0        774   dma.o
         0          0          0          0          0      18080   event_groups.o
       148         34        121         12        596       2663   freertos.o
       216         12          0          0          0        939   gpio.o
       692         62          0         24      15360       7235   heap_4.o
       148          0          0          0          0       3490   list.o
       250         16          0          0          0     693924   main.o
       894         78          0         12          0      11008   port.o
       204         24          0          0         88       1577   spi.o
        36          8        392          0       1024        824   startup_stm32f405xx.o
       136         24          0          9          0       3810   stm32f4xx_hal.o
      2230          6          0          0          0      15494   stm32f4xx_hal_can.o
       252         22          0          0          0      33602   stm32f4xx_hal_cortex.o
      1446         16          8          0          0       6922   stm32f4xx_hal_dma.o
       636         64          0          0         32       5838   stm32f4xx_hal_flash.o
        92          6          0          0          0        705   stm32f4xx_hal_flash_ex.o
       524         46          0          0          0       2272   stm32f4xx_hal_gpio.o
        84          6          0          0          0        810   stm32f4xx_hal_msp.o
      1800         94          0          0          0       6081   stm32f4xx_hal_rcc.o
      1752          0          0          0          0       7498   stm32f4xx_hal_spi.o
       726         46          0          0          0       6194   stm32f4xx_hal_tim.o
         4          0          0          0          0       1529   stm32f4xx_hal_tim_ex.o
       140         18          0          0         64       1408   stm32f4xx_hal_timebase_tim.o
      2162         26          0          0          0      12207   stm32f4xx_hal_uart.o
       136         42          0          0          0       6049   stm32f4xx_it.o
       100         18         24          4          0       1119   system_stm32f4xx.o
        56          6          0          0          0        580   task_main.o
        50          6          0          0          0       1062   task_monitor.o
      2522        320          0         60        240      19096   tasks.o
       592         58          0          0        416       2528   usart.o

    ----------------------------------------------------------------------
     22798       1334        580        296      31076     923035   Object Totals
         0          0         32          0          0          0   (incl. Generated)
        22          0          3          8          6          0   (incl. Padding)

    ----------------------------------------------------------------------

      Code (inc. data)   RO Data    RW Data    ZI Data      Debug   Library Member Name

       336         56          0          0          0        136   cosf.o
        38          0          0          0          0        116   fpclassifyf.o
        38         12          0          0          0        348   funder.o
       340         24         32          0          0        160   rredf.o
       380         58          0          0          0        200   tanf.o
        86          0          0          0          0          0   __dczerorl2.o
         0          0          0          0          0          0   entry.o
         0          0          0          0          0          0   entry10a.o
         0          0          0          0          0          0   entry11a.o
         8          4          0          0          0          0   entry2.o
         4          0          0          0          0          0   entry5.o
         0          0          0          0          0          0   entry7b.o
         0          0          0          0          0          0   entry8b.o
         8          4          0          0          0          0   entry9a.o
        12          6          0          4          0         68   errno.o
        30          0          0          0          0          0   handlers.o
        36          8          0          0          0         68   init.o
         0          0          0          0          0          0   iusefp.o
        30          0          0          0          0         68   llshl.o
        32          0          0          0          0         68   llushr.o
        36          0          0          0          0         68   memcpya.o
        36          0          0          0          0        108   memseta.o
        98          0          0          0          0         92   uldiv.o

    ----------------------------------------------------------------------
      1554        172         32          4          0       1500   Library Totals
         6          0          0          0          0          0   (incl. Padding)

    ----------------------------------------------------------------------

      Code (inc. data)   RO Data    RW Data    ZI Data      Debug   Library Name

      1132        150         32          0          0        960   m_wm.l
       416         22          0          4          0        540   mc_w.l

    ----------------------------------------------------------------------
      1554        172         32          4          0       1500   Library Totals

    ----------------------------------------------------------------------

==============================================================================


      Code (inc. data)   RO Data    RW Data    ZI Data      Debug   

     24352       1506        612        300      31076     906063   Grand Totals
     24352       1506        612         44      31076     906063   ELF Image Totals (compressed)
     24352       1506        612         44          0          0   ROM Totals

==============================================================================

    Total RO  Size (Code + RO Data)                24964 (  24.38kB)
    Total RW  Size (RW Data + ZI Data)             31376 (  30.64kB)
    Total ROM Size (Code + RO Data + RW Data)      25008 (  24.42kB)

==============================================================================

