Component: ARM Compiler 5.06 update 6 (build 750) Tool: armlink [4d35ed]

==============================================================================

Section Cross References

    startup_stm32f405xx.o(RESET) refers to startup_stm32f405xx.o(STACK) for __initial_sp
    startup_stm32f405xx.o(RESET) refers to startup_stm32f405xx.o(.text) for Reset_Handler
    startup_stm32f405xx.o(RESET) refers to stm32f4xx_it.o(i.NMI_Handler) for NMI_Handler
    startup_stm32f405xx.o(RESET) refers to stm32f4xx_it.o(i.HardFault_Handler) for HardFault_Handler
    startup_stm32f405xx.o(RESET) refers to stm32f4xx_it.o(i.MemManage_Handler) for MemManage_Handler
    startup_stm32f405xx.o(RESET) refers to stm32f4xx_it.o(i.BusFault_Handler) for BusFault_Handler
    startup_stm32f405xx.o(RESET) refers to stm32f4xx_it.o(i.UsageFault_Handler) for UsageFault_Handler
    startup_stm32f405xx.o(RESET) refers to port.o(.emb_text) for SVC_Handler
    startup_stm32f405xx.o(RESET) refers to stm32f4xx_it.o(i.DebugMon_Handler) for DebugMon_Handler
    startup_stm32f405xx.o(RESET) refers to stm32f4xx_it.o(i.SysTick_Handler) for SysTick_Handler
    startup_stm32f405xx.o(RESET) refers to stm32f4xx_it.o(i.CAN1_RX0_IRQHandler) for CAN1_RX0_IRQHandler
    startup_stm32f405xx.o(.text) refers to system_stm32f4xx.o(i.SystemInit) for SystemInit
    startup_stm32f405xx.o(.text) refers to entry.o(.ARM.Collect$$$$00000000) for __main
    main.o(i.SystemClock_Config) refers to memseta.o(.text) for __aeabi_memclr4
    main.o(i.SystemClock_Config) refers to stm32f4xx_hal_rcc.o(i.HAL_RCC_OscConfig) for HAL_RCC_OscConfig
    main.o(i.SystemClock_Config) refers to stm32f4xx_hal_rcc.o(i.HAL_RCC_ClockConfig) for HAL_RCC_ClockConfig
    main.o(i.main) refers to stm32f4xx_hal.o(i.HAL_Init) for HAL_Init
    main.o(i.main) refers to main.o(i.SystemClock_Config) for SystemClock_Config
    main.o(i.main) refers to gpio.o(i.MX_GPIO_Init) for MX_GPIO_Init
    main.o(i.main) refers to can.o(i.MX_CAN1_Init) for MX_CAN1_Init
    main.o(i.main) refers to bsp_can_driver.o(i.CAN_Init_All) for CAN_Init_All
    gpio.o(i.MX_GPIO_Init) refers to memseta.o(.text) for __aeabi_memclr4
    gpio.o(i.MX_GPIO_Init) refers to stm32f4xx_hal_gpio.o(i.HAL_GPIO_WritePin) for HAL_GPIO_WritePin
    gpio.o(i.MX_GPIO_Init) refers to stm32f4xx_hal_gpio.o(i.HAL_GPIO_Init) for HAL_GPIO_Init
    can.o(i.HAL_CAN_MspDeInit) refers to stm32f4xx_hal_gpio.o(i.HAL_GPIO_DeInit) for HAL_GPIO_DeInit
    can.o(i.HAL_CAN_MspDeInit) refers to stm32f4xx_hal_cortex.o(i.HAL_NVIC_DisableIRQ) for HAL_NVIC_DisableIRQ
    can.o(i.HAL_CAN_MspInit) refers to memseta.o(.text) for __aeabi_memclr4
    can.o(i.HAL_CAN_MspInit) refers to stm32f4xx_hal_gpio.o(i.HAL_GPIO_Init) for HAL_GPIO_Init
    can.o(i.HAL_CAN_MspInit) refers to stm32f4xx_hal_cortex.o(i.HAL_NVIC_SetPriority) for HAL_NVIC_SetPriority
    can.o(i.HAL_CAN_MspInit) refers to stm32f4xx_hal_cortex.o(i.HAL_NVIC_EnableIRQ) for HAL_NVIC_EnableIRQ
    can.o(i.MX_CAN1_Init) refers to stm32f4xx_hal_can.o(i.HAL_CAN_Init) for HAL_CAN_Init
    can.o(i.MX_CAN1_Init) refers to main.o(i.Error_Handler) for Error_Handler
    can.o(i.MX_CAN1_Init) refers to can.o(.bss) for .bss
    freertos.o(i.MX_FREERTOS_Init) refers to memcpya.o(.text) for __aeabi_memcpy4
    freertos.o(i.MX_FREERTOS_Init) refers to cmsis_os.o(i.osThreadCreate) for osThreadCreate
    freertos.o(i.MX_FREERTOS_Init) refers to freertos.o(.constdata) for .constdata
    freertos.o(i.MX_FREERTOS_Init) refers to freertos.o(.data) for .data
    freertos.o(i.StartDefaultTask) refers to cmsis_os.o(i.osDelay) for osDelay
    freertos.o(i.vApplicationGetIdleTaskMemory) refers to freertos.o(.bss) for .bss
    freertos.o(.constdata) refers to freertos.o(.conststring) for .conststring
    freertos.o(.constdata) refers to freertos.o(i.StartDefaultTask) for StartDefaultTask
    stm32f4xx_it.o(i.CAN1_RX0_IRQHandler) refers to stm32f4xx_hal_can.o(i.HAL_CAN_IRQHandler) for HAL_CAN_IRQHandler
    stm32f4xx_it.o(i.CAN1_RX0_IRQHandler) refers to can.o(.bss) for hcan1
    stm32f4xx_it.o(i.SysTick_Handler) refers to stm32f4xx_hal.o(i.HAL_IncTick) for HAL_IncTick
    stm32f4xx_it.o(i.SysTick_Handler) refers to tasks.o(i.xTaskGetSchedulerState) for xTaskGetSchedulerState
    stm32f4xx_it.o(i.SysTick_Handler) refers to port.o(i.xPortSysTickHandler) for xPortSysTickHandler
    stm32f4xx_hal_msp.o(i.HAL_MspInit) refers to stm32f4xx_hal_cortex.o(i.HAL_NVIC_SetPriority) for HAL_NVIC_SetPriority
    stm32f4xx_hal_can.o(i.HAL_CAN_DeInit) refers to stm32f4xx_hal_can.o(i.HAL_CAN_Stop) for HAL_CAN_Stop
    stm32f4xx_hal_can.o(i.HAL_CAN_DeInit) refers to can.o(i.HAL_CAN_MspDeInit) for HAL_CAN_MspDeInit
    stm32f4xx_hal_can.o(i.HAL_CAN_IRQHandler) refers to stm32f4xx_hal_can.o(i.HAL_CAN_TxMailbox0CompleteCallback) for HAL_CAN_TxMailbox0CompleteCallback
    stm32f4xx_hal_can.o(i.HAL_CAN_IRQHandler) refers to stm32f4xx_hal_can.o(i.HAL_CAN_TxMailbox0AbortCallback) for HAL_CAN_TxMailbox0AbortCallback
[...]
    cmsis_os.o(i.osMessagePut) refers to cmsis_os.o(i.inHandlerMode) for inHandlerMode
    cmsis_os.o(i.osMessagePut) refers to queue.o(i.xQueueGenericSendFromISR) for xQueueGenericSendFromISR
    cmsis_os.o(i.osMessagePut) refers to queue.o(i.xQueueGenericSend) for xQueueGenericSend
    cmsis_os.o(i.osMessageWaiting) refers to cmsis_os.o(i.inHandlerMode) for inHandlerMode
    cmsis_os.o(i.osMessageWaiting) refers to queue.o(i.uxQueueMessagesWaitingFromISR) for uxQueueMessagesWaitingFromISR
    cmsis_os.o(i.osMessageWaiting) refers to queue.o(i.uxQueueMessagesWaiting) for uxQueueMessagesWaiting
    cmsis_os.o(i.osMutexCreate) refers to queue.o(i.xQueueCreateMutexStatic) for xQueueCreateMutexStatic
    cmsis_os.o(i.osMutexCreate) refers to queue.o(i.xQueueCreateMutex) for xQueueCreateMutex
    cmsis_os.o(i.osMutexDelete) refers to cmsis_os.o(i.inHandlerMode) for inHandlerMode
    cmsis_os.o(i.osMutexDelete) refers to queue.o(i.vQueueDelete) for vQueueDelete
    cmsis_os.o(i.osMutexRelease) refers to cmsis_os.o(i.inHandlerMode) for inHandlerMode
    cmsis_os.o(i.osMutexRelease) refers to queue.o(i.xQueueGiveFromISR) for xQueueGiveFromISR
    cmsis_os.o(i.osMutexRelease) refers to queue.o(i.xQueueGenericSend) for xQueueGenericSend
    cmsis_os.o(i.osMutexWait) refers to cmsis_os.o(i.inHandlerMode) for inHandlerMode
    cmsis_os.o(i.osMutexWait) refers to queue.o(i.xQueueReceiveFromISR) for xQueueReceiveFromISR
    cmsis_os.o(i.osMutexWait) refers to queue.o(i.xQueueSemaphoreTake) for xQueueSemaphoreTake
    cmsis_os.o(i.osPoolAlloc) refers to cmsis_os.o(i.inHandlerMode) for inHandlerMode
    cmsis_os.o(i.osPoolAlloc) refers to port.o(i.vPortEnterCritical) for vPortEnterCritical
    cmsis_os.o(i.osPoolAlloc) refers to port.o(i.vPortExitCritical) for vPortExitCritical
    cmsis_os.o(i.osPoolCAlloc) refers to cmsis_os.o(i.osPoolAlloc) for osPoolAlloc
    cmsis_os.o(i.osPoolCreate) refers to heap_4.o(i.pvPortMalloc) for pvPortMalloc
    cmsis_os.o(i.osPoolCreate) refers to heap_4.o(i.vPortFree) for vPortFree
    cmsis_os.o(i.osSemaphoreCreate) refers to queue.o(i.xQueueGenericCreateStatic) for xQueueGenericCreateStatic
    cmsis_os.o(i.osSemaphoreCreate) refers to queue.o(i.xQueueGenericCreate) for xQueueGenericCreate
    cmsis_os.o(i.osSemaphoreCreate) refers to queue.o(i.xQueueGenericSend) for xQueueGenericSend
    cmsis_os.o(i.osSemaphoreDelete) refers to cmsis_os.o(i.inHandlerMode) for inHandlerMode
    cmsis_os.o(i.osSemaphoreDelete) refers to queue.o(i.vQueueDelete) for vQueueDelete
    cmsis_os.o(i.osSemaphoreGetCount) refers to queue.o(i.uxQueueMessagesWaiting) for uxQueueMessagesWaiting
    cmsis_os.o(i.osSemaphoreRelease) refers to cmsis_os.o(i.inHandlerMode) for inHandlerMode
    cmsis_os.o(i.osSemaphoreRelease) refers to queue.o(i.xQueueGiveFromISR) for xQueueGiveFromISR
    cmsis_os.o(i.osSemaphoreRelease) refers to queue.o(i.xQueueGenericSend) for xQueueGenericSend
    cmsis_os.o(i.osSemaphoreWait) refers to cmsis_os.o(i.inHandlerMode) for inHandlerMode
    cmsis_os.o(i.osSemaphoreWait) refers to queue.o(i.xQueueReceiveFromISR) for xQueueReceiveFromISR
    cmsis_os.o(i.osSemaphoreWait) refers to queue.o(i.xQueueSemaphoreTake) for xQueueSemaphoreTake
    cmsis_os.o(i.osSignalSet) refers to cmsis_os.o(i.inHandlerMode) for inHandlerMode
    cmsis_os.o(i.osSignalSet) refers to tasks.o(i.xTaskGenericNotifyFromISR) for xTaskGenericNotifyFromISR
    cmsis_os.o(i.osSignalSet) refers to tasks.o(i.xTaskGenericNotify) for xTaskGenericNotify
    cmsis_os.o(i.osSignalWait) refers to cmsis_os.o(i.inHandlerMode) for inHandlerMode
    cmsis_os.o(i.osSignalWait) refers to tasks.o(i.xTaskNotifyWait) for xTaskNotifyWait
    cmsis_os.o(i.osSystickHandler) refers to tasks.o(i.xTaskGetSchedulerState) for xTaskGetSchedulerState
    cmsis_os.o(i.osSystickHandler) refers to port.o(i.xPortSysTickHandler) for xPortSysTickHandler
    cmsis_os.o(i.osThreadCreate) refers to cmsis_os.o(i.makeFreeRtosPriority) for makeFreeRtosPriority
    cmsis_os.o(i.osThreadCreate) refers to tasks.o(i.xTaskCreateStatic) for xTaskCreateStatic
    cmsis_os.o(i.osThreadCreate) refers to tasks.o(i.xTaskCreate) for xTaskCreate
    cmsis_os.o(i.osThreadGetId) refers to tasks.o(i.xTaskGetCurrentTaskHandle) for xTaskGetCurrentTaskHandle
    cmsis_os.o(i.osThreadGetPriority) refers to cmsis_os.o(i.inHandlerMode) for inHandlerMode
    cmsis_os.o(i.osThreadGetPriority) refers to tasks.o(i.uxTaskPriorityGetFromISR) for uxTaskPriorityGetFromISR
    cmsis_os.o(i.osThreadGetPriority) refers to tasks.o(i.uxTaskPriorityGet) for uxTaskPriorityGet
    cmsis_os.o(i.osThreadGetPriority) refers to cmsis_os.o(i.makeCmsisPriority) for makeCmsisPriority
    cmsis_os.o(i.osThreadResume) refers to cmsis_os.o(i.inHandlerMode) for inHandlerMode
    cmsis_os.o(i.osThreadResume) refers to tasks.o(i.xTaskResumeFromISR) for xTaskResumeFromISR
    cmsis_os.o(i.osThreadResume) refers to tasks.o(i.vTaskResume) for vTaskResume
    cmsis_os.o(i.osThreadResumeAll) refers to tasks.o(i.xTaskResumeAll) for xTaskResumeAll
    cmsis_os.o(i.osThreadSetPriority) refers to cmsis_os.o(i.makeFreeRtosPriority) for makeFreeRtosPriority
    cmsis_os.o(i.osThreadSetPriority) refers to tasks.o(i.vTaskPrioritySet) for vTaskPrioritySet
    cmsis_os.o(i.osThreadSuspend) refers to tasks.o(i.vTaskSuspend) for vTaskSuspend
    cmsis_os.o(i.osThreadSuspendAll) refers to tasks.o(i.vTaskSuspendAll) for vTaskSuspendAll
    cmsis_os.o(i.osThreadTerminate) refers to tasks.o(i.vTaskDelete) for vTaskDelete
    heap_4.o(i.prvHeapInit) refers to heap_4.o(.bss) for .bss
    heap_4.o(i.prvHeapInit) refers to heap_4.o(.data) for .data
    heap_4.o(i.prvInsertBlockIntoFreeList) refers to heap_4.o(.data) for .data
    heap_4.o(i.pvPortMalloc) refers to tasks.o(i.vTaskSuspendAll) for vTaskSuspendAll
    heap_4.o(i.pvPortMalloc) refers to heap_4.o(i.prvHeapInit) for prvHeapInit
    heap_4.o(i.pvPortMalloc) refers to heap_4.o(i.prvInsertBlockIntoFreeList) for prvInsertBlockIntoFreeList
    heap_4.o(i.pvPortMalloc) refers to tasks.o(i.xTaskResumeAll) for xTaskResumeAll
    heap_4.o(i.pvPortMalloc) refers to heap_4.o(.data) for .data
    heap_4.o(i.vPortFree) refers to tasks.o(i.vTaskSuspendAll) for vTaskSuspendAll
    heap_4.o(i.vPortFree) refers to heap_4.o(i.prvInsertBlockIntoFreeList) for prvInsertBlockIntoFreeList
    heap_4.o(i.vPortFree) refers to tasks.o(i.xTaskResumeAll) for xTaskResumeAll
    heap_4.o(i.vPortFree) refers to heap_4.o(.data) for .data
    heap_4.o(i.xPortGetFreeHeapSize) refers to heap_4.o(.data) for .data
    heap_4.o(i.xPortGetMinimumEverFreeHeapSize) refers to heap_4.o(.data) for .data
    port.o(.emb_text) refers to tasks.o(i.vTaskSwitchContext) for vTaskSwitchContext
    port.o(.emb_text) refers to tasks.o(.data) for pxCurrentTCB
    port.o(i.prvTaskExitError) refers to port.o(.data) for .data
    port.o(i.pxPortInitialiseStack) refers to port.o(i.prvTaskExitError) for prvTaskExitError
    port.o(i.vPortEndScheduler) refers to port.o(.data) for .data
    port.o(i.vPortEnterCritical) refers to port.o(.data) for .data
    port.o(i.vPortExitCritical) refers to port.o(.data) for .data
    port.o(i.vPortSetupTimerInterrupt) refers to system_stm32f4xx.o(.data) for SystemCoreClock
    port.o(i.vPortValidateInterruptPriority) refers to port.o(.emb_text) for vPortGetIPSR
    port.o(i.vPortValidateInterruptPriority) refers to port.o(.data) for .data
    port.o(i.xPortStartScheduler) refers to port.o(i.vPortSetupTimerInterrupt) for vPortSetupTimerInterrupt
    port.o(i.xPortStartScheduler) refers to port.o(.emb_text) for __asm___6_port_c_39a90d8d__prvEnableVFP
    port.o(i.xPortStartScheduler) refers to port.o(.data) for .data
    port.o(i.xPortSysTickHandler) refers to tasks.o(i.xTaskIncrementTick) for xTaskIncrementTick
    bsp_can_driver.o(i.CAN_Init_All) refers to stm32f4xx_hal_can.o(i.HAL_CAN_ConfigFilter) for HAL_CAN_ConfigFilter
    bsp_can_driver.o(i.CAN_Init_All) refers to stm32f4xx_hal_can.o(i.HAL_CAN_ActivateNotification) for HAL_CAN_ActivateNotification
    bsp_can_driver.o(i.CAN_Init_All) refers to stm32f4xx_hal_can.o(i.HAL_CAN_Start) for HAL_CAN_Start
    bsp_can_driver.o(i.CAN_Init_All) refers to can.o(.bss) for hcan1
    bsp_can_driver.o(i.HAL_CAN_RxFifo0MsgPendingCallback) refers to stm32f4xx_hal_can.o(i.HAL_CAN_GetRxFifoFillLevel) for HAL_CAN_GetRxFifoFillLevel
    bsp_can_driver.o(i.HAL_CAN_RxFifo0MsgPendingCallback) refers to stm32f4xx_hal_can.o(i.HAL_CAN_GetRxMessage) for HAL_CAN_GetRxMessage
    bsp_can_driver.o(i.HAL_CAN_RxFifo0MsgPendingCallback) refers to can.o(.bss) for hcan1
    bsp_can_driver.o(i.HAL_CAN_RxFifo0MsgPendingCallback) refers to bsp_can_driver.o(.data) for .data
    bsp_can_driver.o(i.HAL_CAN_RxFifo0MsgPendingCallback) refers to bsp_can_driver.o(.bss) for .bss
    bsp_can_driver.o(i.can_send_msg) refers to stm32f4xx_hal_can.o(i.HAL_CAN_AddTxMessage) for HAL_CAN_AddTxMessage
    bsp_can_driver.o(i.can_send_msg) refers to bsp_can_driver.o(.bss) for .bss
    bsp_can_driver.o(i.can_send_msg) refers to bsp_can_driver.o(.data) for .data
    entry.o(.ARM.Collect$$$$00000000) refers (Special) to entry10a.o(.ARM.Collect$$$$0000000D) for __rt_final_cpp
    entry.o(.ARM.Collect$$$$00000000) refers (Special) to entry11a.o(.ARM.Collect$$$$0000000F) for __rt_final_exit
    entry.o(.ARM.Collect$$$$00000000) refers (Special) to entry7b.o(.ARM.Collect$$$$00000008) for _main_clock
    entry.o(.ARM.Collect$$$$00000000) refers (Special) to entry8b.o(.ARM.Collect$$$$0000000A) for _main_cpp_init
    entry.o(.ARM.Collect$$$$00000000) refers (Special) to entry9a.o(.ARM.Collect$$$$0000000B) for _main_init
    entry.o(.ARM.Collect$$$$00000000) refers (Special) to entry5.o(.ARM.Collect$$$$00000004) for _main_scatterload
    entry.o(.ARM.Collect$$$$00000000) refers (Special) to entry2.o(.ARM.Collect$$$$00000001) for _main_stk
    uldiv.o(.text) refers to llushr.o(.text) for __aeabi_llsr
    uldiv.o(.text) refers to llshl.o(.text) for __aeabi_llsl
    entry2.o(.ARM.Collect$$$$00000001) refers to entry2.o(.ARM.Collect$$$$00002712) for __lit__00000000
    entry2.o(.ARM.Collect$$$$00002712) refers to startup_stm32f405xx.o(STACK) for __initial_sp
    entry2.o(__vectab_stack_and_reset_area) refers to startup_stm32f405xx.o(STACK) for __initial_sp
    entry2.o(__vectab_stack_and_reset_area) refers to entry.o(.ARM.Collect$$$$00000000) for __main
    entry5.o(.ARM.Collect$$$$00000004) refers to init.o(.text) for __scatterload
    entry9a.o(.ARM.Collect$$$$0000000B) refers to main.o(i.main) for main
    entry9b.o(.ARM.Collect$$$$0000000C) refers to main.o(i.main) for main
    init.o(.text) refers to entry5.o(.ARM.Collect$$$$00000004) for __main_after_scatterload


==============================================================================

Removing Unused input sections from the image.

    Removing startup_stm32f405xx.o(HEAP), (512 bytes).
    Removing main.o(.rev16_text), (4 bytes).
    Removing main.o(.revsh_text), (4 bytes).
    Removing main.o(.rrx_text), (6 bytes).
    Removing gpio.o(.rev16_text), (4 bytes).
    Removing gpio.o(.revsh_text), (4 bytes).
    Removing gpio.o(.rrx_text), (6 bytes).
    Removing can.o(.rev16_text), (4 bytes).
    Removing can.o(.revsh_text), (4 bytes).
    Removing can.o(.rrx_text), (6 bytes).
    Removing can.o(i.HAL_CAN_MspDeInit), (56 bytes).
    Removing freertos.o(.rev16_text), (4 bytes).
    Removing freertos.o(.revsh_text), (4 bytes).
    Removing freertos.o(.rrx_text), (6 bytes).
    Removing freertos.o(i.MX_FREERTOS_Init), (40 bytes).
    Removing freertos.o(i.StartDefaultTask), (8 bytes).
    Removing freertos.o(i.vApplicationGetIdleTaskMemory), (20 bytes).
    Removing freertos.o(.bss), (596 bytes).
    Removing freertos.o(.constdata), (28 bytes).
    Removing freertos.o(.conststring), (12 bytes).
    Removing freertos.o(.data), (4 bytes).
    Removing stm32f4xx_it.o(.rev16_text), (4 bytes).
    Removing stm32f4xx_it.o(.revsh_text), (4 bytes).
    Removing stm32f4xx_it.o(.rrx_text), (6 bytes).
    Removing stm32f4xx_hal_msp.o(.rev16_text), (4 bytes).
    Removing stm32f4xx_hal_msp.o(.revsh_text), (4 bytes).
    Removing stm32f4xx_hal_msp.o(.rrx_text), (6 bytes).
    Removing stm32f4xx_hal_can.o(.rev16_text), (4 bytes).
    Removing stm32f4xx_hal_can.o(.revsh_text), (4 bytes).
    Removing stm32f4xx_hal_can.o(.rrx_text), (6 bytes).
    Removing stm32f4xx_hal_can.o(i.HAL_CAN_AbortTxRequest), (70 bytes).
    Removing stm32f4xx_hal_can.o(i.HAL_CAN_AddTxMessage), (200 bytes).
    Removing stm32f4xx_hal_can.o(i.HAL_CAN_DeInit), (40 bytes).
    Removing stm32f4xx_hal_can.o(i.HAL_CAN_DeactivateNotification), (36 bytes).
    Removing stm32f4xx_hal_can.o(i.HAL_CAN_GetError), (4 bytes).
    Removing stm32f4xx_hal_can.o(i.HAL_CAN_GetState), (36 bytes).
    Removing stm32f4xx_hal_can.o(i.HAL_CAN_GetTxMailboxesFreeLevel), (44 bytes).
    Removing stm32f4xx_hal_can.o(i.HAL_CAN_GetTxTimestamp), (40 bytes).
    Removing stm32f4xx_hal_can.o(i.HAL_CAN_IsSleepActive), (28 bytes).
    Removing stm32f4xx_hal_can.o(i.HAL_CAN_IsTxMessagePending), (30 bytes).
    Removing stm32f4xx_hal_can.o(i.HAL_CAN_MspDeInit), (2 bytes).
    Removing stm32f4xx_hal_can.o(i.HAL_CAN_MspInit), (2 bytes).
    Removing stm32f4xx_hal_can.o(i.HAL_CAN_RequestSleep), (38 bytes).
    Removing stm32f4xx_hal_can.o(i.HAL_CAN_ResetError), (34 bytes).
    Removing stm32f4xx_hal_can.o(i.HAL_CAN_RxFifo0MsgPendingCallback), (2 bytes).
    Removing stm32f4xx_hal_can.o(i.HAL_CAN_Stop), (96 bytes).
    Removing stm32f4xx_hal_can.o(i.HAL_CAN_WakeUp), (76 bytes).
    Removing stm32f4xx_hal_tim.o(.rev16_text), (4 bytes).
    Removing stm32f4xx_hal_tim.o(.revsh_text), (4 bytes).
    Removing stm32f4xx_hal_tim.o(.rrx_text), (6 bytes).
    Removing stm32f4xx_hal_tim_ex.o(.rev16_text), (4 bytes).
    Removing stm32f4xx_hal_tim_ex.o(.revsh_text), (4 bytes).
    Removing stm32f4xx_hal_tim_ex.o(.rrx_text), (6 bytes).
    Removing stm32f4xx_hal_rcc.o(.rev16_text), (4 bytes).
    Removing stm32f4xx_hal_rcc.o(.revsh_text), (4 bytes).
    Removing stm32f4xx_hal_rcc.o(.rrx_text), (6 bytes).
    Removing stm32f4xx_hal_rcc.o(i.HAL_RCC_CSSCallback), (2 bytes).
    Removing stm32f4xx_hal_rcc.o(i.HAL_RCC_DeInit), (4 bytes).
    Removing stm32f4xx_hal_rcc.o(i.HAL_RCC_DisableCSS), (12 bytes).
    Removing stm32f4xx_hal_rcc.o(i.HAL_RCC_EnableCSS), (12 bytes).
    Removing stm32f4xx_hal_rcc.o(i.HAL_RCC_GetClockConfig), (64 bytes).
    Removing stm32f4xx_hal_rcc.o(i.HAL_RCC_GetHCLKFreq), (12 bytes).
    Removing stm32f4xx_hal_rcc.o(i.HAL_RCC_GetOscConfig), (180 bytes).
    Removing stm32f4xx_hal_rcc.o(i.HAL_RCC_GetPCLK1Freq), (32 bytes).
    Removing stm32f4xx_hal_rcc.o(i.HAL_RCC_GetPCLK2Freq), (32 bytes).
    Removing stm32f4xx_hal_rcc.o(i.HAL_RCC_MCOConfig), (140 bytes).
    Removing stm32f4xx_hal_rcc.o(i.HAL_RCC_NMI_IRQHandler), (28 bytes).
    Removing stm32f4xx_hal_rcc_ex.o(.rev16_text), (4 bytes).
    Removing stm32f4xx_hal_rcc_ex.o(.revsh_text), (4 bytes).
    Removing stm32f4xx_hal_rcc_ex.o(.rrx_text), (6 bytes).
    Removing stm32f4xx_hal_rcc_ex.o(i.HAL_RCCEx_DisablePLLI2S), (52 bytes).
    Removing stm32f4xx_hal_rcc_ex.o(i.HAL_RCCEx_EnablePLLI2S), (104 bytes).
    Removing stm32f4xx_hal_rcc_ex.o(i.HAL_RCCEx_GetPeriphCLKConfig), (52 bytes).
    Removing stm32f4xx_hal_rcc_ex.o(i.HAL_RCCEx_GetPeriphCLKFreq), (92 bytes).
    Removing stm32f4xx_hal_rcc_ex.o(i.HAL_RCCEx_PeriphCLKConfig), (316 bytes).
    Removing stm32f4xx_hal_rcc_ex.o(i.HAL_RCC_DeInit), (304 bytes).
    Removing stm32f4xx_hal_flash.o(.rev16_text), (4 bytes).
    Removing stm32f4xx_hal_flash.o(.revsh_text), (4 bytes).
    Removing stm32f4xx_hal_flash.o(.rrx_text), (6 bytes).
    Removing stm32f4xx_hal_flash.o(i.FLASH_Program_Byte), (32 bytes).
    Removing stm32f4xx_hal_flash.o(i.FLASH_Program_DoubleWord), (40 bytes).
    Removing stm32f4xx_hal_flash.o(i.FLASH_Program_HalfWord), (36 bytes).
    Removing stm32f4xx_hal_flash.o(i.FLASH_Program_Word), (36 bytes).
    Removing stm32f4xx_hal_flash.o(i.FLASH_SetErrorCode), (104 bytes).
    Removing stm32f4xx_hal_flash.o(i.FLASH_WaitForLastOperation), (80 bytes).
    Removing stm32f4xx_hal_flash.o(i.HAL_FLASH_EndOfOperationCallback), (2 bytes).
    Removing stm32f4xx_hal_flash.o(i.HAL_FLASH_GetError), (12 bytes).
    Removing stm32f4xx_hal_flash.o(i.HAL_FLASH_IRQHandler), (204 bytes).
    Removing stm32f4xx_hal_flash.o(i.HAL_FLASH_Lock), (20 bytes).
    Removing stm32f4xx_hal_flash.o(i.HAL_FLASH_OB_Launch), (24 bytes).
    Removing stm32f4xx_hal_flash.o(i.HAL_FLASH_OB_Lock), (20 bytes).
    Removing stm32f4xx_hal_flash.o(i.HAL_FLASH_OB_Unlock), (40 bytes).
    Removing stm32f4xx_hal_flash.o(i.HAL_FLASH_OperationErrorCallback), (2 bytes).
    Removing stm32f4xx_hal_flash.o(i.HAL_FLASH_Program), (124 bytes).
    Removing stm32f4xx_hal_flash.o(i.HAL_FLASH_Program_IT), (108 bytes).
    Removing stm32f4xx_hal_flash.o(i.HAL_FLASH_Unlock), (44 bytes).
    Removing stm32f4xx_hal_flash.o(.bss), (32 bytes).
    Removing stm32f4xx_hal_flash_ex.o(.rev16_text), (4 bytes).
    Removing stm32f4xx_hal_flash_ex.o(.revsh_text), (4 bytes).
    Removing stm32f4xx_hal_flash_ex.o(.rrx_text), (6 bytes).
    Removing stm32f4xx_hal_flash_ex.o(i.FLASH_Erase_Sector), (80 bytes).
    Removing stm32f4xx_hal_flash_ex.o(i.FLASH_FlushCaches), (84 bytes).
    Removing stm32f4xx_hal_flash_ex.o(i.FLASH_MassErase), (40 bytes).
    Removing stm32f4xx_hal_flash_ex.o(i.HAL_FLASHEx_Erase), (152 bytes).
    Removing stm32f4xx_hal_flash_ex.o(i.HAL_FLASHEx_Erase_IT), (104 bytes).
    Removing stm32f4xx_hal_flash_ex.o(i.HAL_FLASHEx_OBGetConfig), (64 bytes).
    Removing stm32f4xx_hal_flash_ex.o(i.HAL_FLASHEx_OBProgram), (204 bytes).
    Removing stm32f4xx_hal_flash_ramfunc.o(.rev16_text), (4 bytes).
    Removing stm32f4xx_hal_flash_ramfunc.o(.revsh_text), (4 bytes).
    Removing stm32f4xx_hal_flash_ramfunc.o(.rrx_text), (6 bytes).
    Removing stm32f4xx_hal_gpio.o(.rev16_text), (4 bytes).
    Removing stm32f4xx_hal_gpio.o(.revsh_text), (4 bytes).
    Removing stm32f4xx_hal_gpio.o(.rrx_text), (6 bytes).
    Removing stm32f4xx_hal_gpio.o(i.HAL_GPIO_DeInit), (332 bytes).
    Removing stm32f4xx_hal_gpio.o(i.HAL_GPIO_EXTI_Callback), (2 bytes).
    Removing stm32f4xx_hal_gpio.o(i.HAL_GPIO_EXTI_IRQHandler), (24 bytes).
    Removing stm32f4xx_hal_gpio.o(i.HAL_GPIO_LockPin), (34 bytes).
    Removing stm32f4xx_hal_gpio.o(i.HAL_GPIO_ReadPin), (10 bytes).
    Removing stm32f4xx_hal_gpio.o(i.HAL_GPIO_TogglePin), (14 bytes).
    Removing stm32f4xx_hal_dma_ex.o(.rev16_text), (4 bytes).
    Removing stm32f4xx_hal_dma_ex.o(.revsh_text), (4 bytes).
    Removing stm32f4xx_hal_dma_ex.o(.rrx_text), (6 bytes).
    Removing stm32f4xx_hal_dma_ex.o(i.DMA_MultiBufferSetConfig), (30 bytes).
    Removing stm32f4xx_hal_dma_ex.o(i.HAL_DMAEx_ChangeMemory), (14 bytes).
    Removing stm32f4xx_hal_dma_ex.o(i.HAL_DMAEx_MultiBufferStart), (100 bytes).
    Removing stm32f4xx_hal_dma_ex.o(i.HAL_DMAEx_MultiBufferStart_IT), (2432 bytes).
    Removing stm32f4xx_hal_dma.o(.rev16_text), (4 bytes).
    Removing stm32f4xx_hal_dma.o(.revsh_text), (4 bytes).
    Removing stm32f4xx_hal_dma.o(.rrx_text), (6 bytes).
    Removing stm32f4xx_hal_dma.o(i.DMA_CalcBaseAndBitshift), (40 bytes).
    Removing stm32f4xx_hal_dma.o(i.DMA_CheckFifoParam), (84 bytes).
    Removing stm32f4xx_hal_dma.o(i.DMA_SetConfig), (40 bytes).
    Removing stm32f4xx_hal_dma.o(i.HAL_DMA_Abort), (142 bytes).
    Removing stm32f4xx_hal_dma.o(i.HAL_DMA_Abort_IT), (36 bytes).
    Removing stm32f4xx_hal_dma.o(i.HAL_DMA_DeInit), (98 bytes).
    Removing stm32f4xx_hal_dma.o(i.HAL_DMA_GetError), (4 bytes).
    Removing stm32f4xx_hal_dma.o(i.HAL_DMA_GetState), (6 bytes).
    Removing stm32f4xx_hal_dma.o(i.HAL_DMA_IRQHandler), (416 bytes).
    Removing stm32f4xx_hal_dma.o(i.HAL_DMA_Init), (212 bytes).
    Removing stm32f4xx_hal_dma.o(i.HAL_DMA_PollForTransfer), (292 bytes).
    Removing stm32f4xx_hal_dma.o(i.HAL_DMA_RegisterCallback), (80 bytes).
    Removing stm32f4xx_hal_dma.o(i.HAL_DMA_Start), (70 bytes).
    Removing stm32f4xx_hal_dma.o(i.HAL_DMA_Start_IT), (120 bytes).
    Removing stm32f4xx_hal_dma.o(i.HAL_DMA_UnRegisterCallback), (96 bytes).
    Removing stm32f4xx_hal_dma.o(.constdata), (8 bytes).
    Removing stm32f4xx_hal_pwr.o(.rev16_text), (4 bytes).
    Removing stm32f4xx_hal_pwr.o(.revsh_text), (4 bytes).
    Removing stm32f4xx_hal_pwr.o(.rrx_text), (6 bytes).
    Removing stm32f4xx_hal_pwr.o(i.HAL_PWR_ConfigPVD), (124 bytes).
    Removing stm32f4xx_hal_pwr.o(i.HAL_PWR_DeInit), (24 bytes).
    Removing stm32f4xx_hal_pwr.o(i.HAL_PWR_DisableBkUpAccess), (12 bytes).
    Removing stm32f4xx_hal_pwr.o(i.HAL_PWR_DisablePVD), (12 bytes).
    Removing stm32f4xx_hal_pwr.o(i.HAL_PWR_DisableSEVOnPend), (16 bytes).
    Removing stm32f4xx_hal_pwr.o(i.HAL_PWR_DisableSleepOnExit), (16 bytes).
    Removing stm32f4xx_hal_pwr.o(i.HAL_PWR_DisableWakeUpPin), (16 bytes).
    Removing stm32f4xx_hal_pwr.o(i.HAL_PWR_EnableBkUpAccess), (12 bytes).
    Removing stm32f4xx_hal_pwr.o(i.HAL_PWR_EnablePVD), (12 bytes).
    Removing stm32f4xx_hal_pwr.o(i.HAL_PWR_EnableSEVOnPend), (16 bytes).
    Removing stm32f4xx_hal_pwr.o(i.HAL_PWR_EnableSleepOnExit), (16 bytes).
    Removing stm32f4xx_hal_pwr.o(i.HAL_PWR_EnableWakeUpPin), (16 bytes).
    Removing stm32f4xx_hal_pwr.o(i.HAL_PWR_EnterSLEEPMode), (32 bytes).
    Removing stm32f4xx_hal_pwr.o(i.HAL_PWR_EnterSTANDBYMode), (32 bytes).
    Removing stm32f4xx_hal_pwr.o(i.HAL_PWR_EnterSTOPMode), (56 bytes).
    Removing stm32f4xx_hal_pwr.o(i.HAL_PWR_PVDCallback), (2 bytes).
    Removing stm32f4xx_hal_pwr.o(i.HAL_PWR_PVD_IRQHandler), (28 bytes).
    Removing stm32f4xx_hal_pwr_ex.o(.rev16_text), (4 bytes).
    Removing stm32f4xx_hal_pwr_ex.o(.revsh_text), (4 bytes).
    Removing stm32f4xx_hal_pwr_ex.o(.rrx_text), (6 bytes).
    Removing stm32f4xx_hal_pwr_ex.o(i.HAL_PWREx_ControlVoltageScaling), (88 bytes).
    Removing stm32f4xx_hal_pwr_ex.o(i.HAL_PWREx_DisableBkUpReg), (60 bytes).
    Removing stm32f4xx_hal_pwr_ex.o(i.HAL_PWREx_DisableFlashPowerDown), (12 bytes).
    Removing stm32f4xx_hal_pwr_ex.o(i.HAL_PWREx_EnableBkUpReg), (60 bytes).
    Removing stm32f4xx_hal_pwr_ex.o(i.HAL_PWREx_EnableFlashPowerDown), (12 bytes).
    Removing stm32f4xx_hal_pwr_ex.o(i.HAL_PWREx_GetVoltageRange), (16 bytes).
    Removing stm32f4xx_hal_cortex.o(.rev16_text), (4 bytes).
    Removing stm32f4xx_hal_cortex.o(.revsh_text), (4 bytes).
    Removing stm32f4xx_hal_cortex.o(.rrx_text), (6 bytes).
    Removing stm32f4xx_hal_cortex.o(i.HAL_MPU_ConfigRegion), (84 bytes).
    Removing stm32f4xx_hal_cortex.o(i.HAL_MPU_Disable), (28 bytes).
    Removing stm32f4xx_hal_cortex.o(i.HAL_MPU_Enable), (36 bytes).
    Removing stm32f4xx_hal_cortex.o(i.HAL_NVIC_ClearPendingIRQ), (26 bytes).
    Removing stm32f4xx_hal_cortex.o(i.HAL_NVIC_DisableIRQ), (34 bytes).
    Removing stm32f4xx_hal_cortex.o(i.HAL_NVIC_GetActive), (36 bytes).
    Removing stm32f4xx_hal_cortex.o(i.HAL_NVIC_GetPendingIRQ), (36 bytes).
    Removing stm32f4xx_hal_cortex.o(i.HAL_NVIC_GetPriority), (82 bytes).
    Removing stm32f4xx_hal_cortex.o(i.HAL_NVIC_GetPriorityGrouping), (16 bytes).
    Removing stm32f4xx_hal_cortex.o(i.HAL_NVIC_SetPendingIRQ), (26 bytes).
    Removing stm32f4xx_hal_cortex.o(i.HAL_NVIC_SystemReset), (36 bytes).
    Removing stm32f4xx_hal_cortex.o(i.HAL_SYSTICK_CLKSourceConfig), (24 bytes).
    Removing stm32f4xx_hal_cortex.o(i.HAL_SYSTICK_Callback), (2 bytes).
    Removing stm32f4xx_hal_cortex.o(i.HAL_SYSTICK_IRQHandler), (8 bytes).
    Removing stm32f4xx_hal.o(.rev16_text), (4 bytes).
    Removing stm32f4xx_hal.o(.revsh_text), (4 bytes).
    Removing stm32f4xx_hal.o(.rrx_text), (6 bytes).
    Removing stm32f4xx_hal.o(i.HAL_DBGMCU_DisableDBGSleepMode), (16 bytes).
    Removing stm32f4xx_hal.o(i.HAL_DBGMCU_DisableDBGStandbyMode), (16 bytes).
    Removing stm32f4xx_hal.o(i.HAL_DBGMCU_DisableDBGStopMode), (16 bytes).
    Removing stm32f4xx_hal.o(i.HAL_DBGMCU_EnableDBGSleepMode), (16 bytes).
    Removing stm32f4xx_hal.o(i.HAL_DBGMCU_EnableDBGStandbyMode), (16 bytes).
    Removing stm32f4xx_hal.o(i.HAL_DBGMCU_EnableDBGStopMode), (16 bytes).
    Removing stm32f4xx_hal.o(i.HAL_DeInit), (52 bytes).
    Removing stm32f4xx_hal.o(i.HAL_Delay), (36 bytes).
    Removing stm32f4xx_hal.o(i.HAL_DisableCompensationCell), (12 bytes).
    Removing stm32f4xx_hal.o(i.HAL_EnableCompensationCell), (12 bytes).
    Removing stm32f4xx_hal.o(i.HAL_GetDEVID), (16 bytes).
    Removing stm32f4xx_hal.o(i.HAL_GetHalVersion), (8 bytes).
    Removing stm32f4xx_hal.o(i.HAL_GetREVID), (12 bytes).
    Removing stm32f4xx_hal.o(i.HAL_GetTickFreq), (12 bytes).
    Removing stm32f4xx_hal.o(i.HAL_GetTickPrio), (12 bytes).
    Removing stm32f4xx_hal.o(i.HAL_GetUIDw0), (12 bytes).
    Removing stm32f4xx_hal.o(i.HAL_GetUIDw1), (12 bytes).
    Removing stm32f4xx_hal.o(i.HAL_GetUIDw2), (12 bytes).
    Removing stm32f4xx_hal.o(i.HAL_MspDeInit), (2 bytes).
    Removing stm32f4xx_hal.o(i.HAL_MspInit), (2 bytes).
    Removing stm32f4xx_hal.o(i.HAL_ResumeTick), (14 bytes).
    Removing stm32f4xx_hal.o(i.HAL_SetTickFreq), (28 bytes).
    Removing stm32f4xx_hal.o(i.HAL_SuspendTick), (14 bytes).
    Removing stm32f4xx_hal_exti.o(.rev16_text), (4 bytes).
    Removing stm32f4xx_hal_exti.o(.revsh_text), (4 bytes).
    Removing stm32f4xx_hal_exti.o(.rrx_text), (6 bytes).
    Removing stm32f4xx_hal_exti.o(i.HAL_EXTI_ClearConfigLine), (56 bytes).
    Removing stm32f4xx_hal_exti.o(i.HAL_EXTI_ClearPending), (12 bytes).
    Removing stm32f4xx_hal_exti.o(i.HAL_EXTI_GenerateSWI), (12 bytes).
    Removing stm32f4xx_hal_exti.o(i.HAL_EXTI_GetConfigLine), (108 bytes).
    Removing stm32f4xx_hal_exti.o(i.HAL_EXTI_GetHandle), (12 bytes).
    Removing stm32f4xx_hal_exti.o(i.HAL_EXTI_GetPending), (28 bytes).
    Removing stm32f4xx_hal_exti.o(i.HAL_EXTI_IRQHandler), (28 bytes).
    Removing stm32f4xx_hal_exti.o(i.HAL_EXTI_RegisterCallback), (14 bytes).
    Removing stm32f4xx_hal_exti.o(i.HAL_EXTI_SetConfigLine), (112 bytes).
    Removing system_stm32f4xx.o(.rev16_text), (4 bytes).
    Removing system_stm32f4xx.o(.revsh_text), (4 bytes).
    Removing system_stm32f4xx.o(.rrx_text), (6 bytes).
    Removing system_stm32f4xx.o(i.SystemCoreClockUpdate), (120 bytes).
    Removing system_stm32f4xx.o(.constdata), (8 bytes).
    Removing event_groups.o(i.prvTestWaitCondition), (20 bytes).
    Removing event_groups.o(i.vEventGroupClearBitsCallback), (4 bytes).
    Removing event_groups.o(i.vEventGroupDelete), (74 bytes).
    Removing event_groups.o(i.vEventGroupSetBitsCallback), (4 bytes).
    Removing event_groups.o(i.xEventGroupClearBits), (64 bytes).
    Removing event_groups.o(i.xEventGroupCreate), (28 bytes).
    Removing event_groups.o(i.xEventGroupCreateStatic), (44 bytes).
    Removing event_groups.o(i.xEventGroupGetBitsFromISR), (26 bytes).
    Removing event_groups.o(i.xEventGroupSetBits), (140 bytes).
    Removing event_groups.o(i.xEventGroupSync), (204 bytes).
    Removing event_groups.o(i.xEventGroupWaitBits), (264 bytes).
    Removing list.o(i.vListInitialise), (22 bytes).
    Removing list.o(i.vListInitialiseItem), (6 bytes).
    Removing list.o(i.vListInsert), (48 bytes).
    Removing queue.o(i.pcQueueGetName), (40 bytes).
    Removing queue.o(i.prvCopyDataFromQueue), (38 bytes).
    Removing queue.o(i.prvCopyDataToQueue), (108 bytes).
    Removing queue.o(i.prvInitialiseMutex), (22 bytes).
    Removing queue.o(i.prvInitialiseNewQueue), (22 bytes).
    Removing queue.o(i.prvIsQueueEmpty), (28 bytes).
    Removing queue.o(i.prvUnlockQueue), (106 bytes).
    Removing queue.o(i.uxQueueMessagesWaiting), (36 bytes).
    Removing queue.o(i.uxQueueMessagesWaitingFromISR), (22 bytes).
    Removing queue.o(i.uxQueueSpacesAvailable), (40 bytes).
    Removing queue.o(i.vQueueAddToRegistry), (40 bytes).
    Removing queue.o(i.vQueueDelete), (46 bytes).
    Removing queue.o(i.vQueueUnregisterQueue), (40 bytes).
    Removing queue.o(i.xQueueCreateMutex), (22 bytes).
    Removing queue.o(i.xQueueCreateMutexStatic), (26 bytes).
    Removing queue.o(i.xQueueGenericCreate), (72 bytes).
    Removing queue.o(i.xQueueGenericCreateStatic), (102 bytes).
    Removing queue.o(i.xQueueGenericReset), (136 bytes).
    Removing queue.o(i.xQueueGenericSend), (352 bytes).
    Removing queue.o(i.xQueueGenericSendFromISR), (188 bytes).
    Removing queue.o(i.xQueueGiveFromISR), (156 bytes).
    Removing queue.o(i.xQueueIsQueueEmptyFromISR), (30 bytes).
    Removing queue.o(i.xQueueIsQueueFullFromISR), (34 bytes).
    Removing queue.o(i.xQueuePeek), (308 bytes).
    Removing queue.o(i.xQueuePeekFromISR), (116 bytes).
    Removing queue.o(i.xQueueReceive), (312 bytes).
    Removing queue.o(i.xQueueReceiveFromISR), (154 bytes).
    Removing queue.o(i.xQueueSemaphoreTake), (376 bytes).
    Removing queue.o(.bss), (64 bytes).
    Removing stream_buffer.o(i.prvBytesInBuffer), (18 bytes).
    Removing stream_buffer.o(i.prvInitialiseNewStreamBuffer), (76 bytes).
    Removing stream_buffer.o(i.prvReadBytesFromBuffer), (140 bytes).
    Removing stream_buffer.o(i.prvReadMessageFromBuffer), (66 bytes).
    Removing stream_buffer.o(i.prvWriteBytesToBuffer), (130 bytes).
    Removing stream_buffer.o(i.prvWriteMessageToBuffer), (60 bytes).
    Removing stream_buffer.o(i.vStreamBufferDelete), (34 bytes).
    Removing stream_buffer.o(i.xStreamBufferBytesAvailable), (22 bytes).
    Removing stream_buffer.o(i.xStreamBufferGenericCreate), (82 bytes).
    Removing stream_buffer.o(i.xStreamBufferGenericCreateStatic), (114 bytes).
    Removing stream_buffer.o(i.xStreamBufferIsEmpty), (34 bytes).
    Removing stream_buffer.o(i.xStreamBufferIsFull), (48 bytes).
    Removing stream_buffer.o(i.xStreamBufferReceive), (212 bytes).
    Removing stream_buffer.o(i.xStreamBufferReceiveCompletedFromISR), (70 bytes).
    Removing stream_buffer.o(i.xStreamBufferReceiveFromISR), (144 bytes).
    Removing stream_buffer.o(i.xStreamBufferReset), (58 bytes).
    Removing stream_buffer.o(i.xStreamBufferSend), (236 bytes).
    Removing stream_buffer.o(i.xStreamBufferSendCompletedFromISR), (70 bytes).
    Removing stream_buffer.o(i.xStreamBufferSendFromISR), (142 bytes).
    Removing stream_buffer.o(i.xStreamBufferSetTriggerLevel), (40 bytes).
    Removing stream_buffer.o(i.xStreamBufferSpacesAvailable), (38 bytes).
    Removing tasks.o(i.pcTaskGetName), (32 bytes).
    Removing tasks.o(i.prvAddCurrentTaskToDelayedList), (112 bytes).
    Removing tasks.o(i.prvAddNewTaskToReadyList), (208 bytes).
    Removing tasks.o(i.prvDeleteTCB), (52 bytes).
    Removing tasks.o(i.prvIdleTask), (96 bytes).
    Removing tasks.o(i.prvInitialiseNewTask), (142 bytes).
    Removing tasks.o(i.prvTaskIsTaskSuspended), (52 bytes).
    Removing tasks.o(i.pvTaskIncrementMutexHeldCount), (24 bytes).
    Removing tasks.o(i.ulTaskNotifyTake), (104 bytes).
    Removing tasks.o(i.uxTaskGetNumberOfTasks), (12 bytes).
    Removing tasks.o(i.uxTaskPriorityGet), (28 bytes).
    Removing tasks.o(i.uxTaskPriorityGetFromISR), (44 bytes).
    Removing tasks.o(i.uxTaskResetEventItemValue), (24 bytes).
    Removing tasks.o(i.vTaskDelay), (76 bytes).
    Removing tasks.o(i.vTaskDelete), (172 bytes).
    Removing tasks.o(i.vTaskEndScheduler), (28 bytes).
    Removing tasks.o(i.vTaskInternalSetTimeOutState), (16 bytes).
    Removing tasks.o(i.vTaskMissedYield), (12 bytes).
    Removing tasks.o(i.vTaskNotifyGiveFromISR), (184 bytes).
    Removing tasks.o(i.vTaskPlaceOnEventList), (48 bytes).
    Removing tasks.o(i.vTaskPlaceOnUnorderedEventList), (80 bytes).
    Removing tasks.o(i.vTaskPriorityDisinheritAfterTimeout), (168 bytes).
    Removing tasks.o(i.vTaskPrioritySet), (196 bytes).
    Removing tasks.o(i.vTaskRemoveFromUnorderedEventList), (112 bytes).
    Removing tasks.o(i.vTaskResume), (124 bytes).
    Removing tasks.o(i.vTaskSetTimeOutState), (48 bytes).
    Removing tasks.o(i.vTaskStartScheduler), (108 bytes).
    Removing tasks.o(i.vTaskSuspend), (188 bytes).
    Removing tasks.o(i.vTaskSuspendAll), (16 bytes).
    Removing tasks.o(i.xTaskCheckForTimeOut), (116 bytes).
    Removing tasks.o(i.xTaskCreate), (90 bytes).
    Removing tasks.o(i.xTaskCreateStatic), (86 bytes).
    Removing tasks.o(i.xTaskGenericNotify), (204 bytes).
    Removing tasks.o(i.xTaskGenericNotifyFromISR), (240 bytes).
    Removing tasks.o(i.xTaskGetCurrentTaskHandle), (12 bytes).
    Removing tasks.o(i.xTaskGetTickCount), (12 bytes).
    Removing tasks.o(i.xTaskGetTickCountFromISR), (16 bytes).
    Removing tasks.o(i.xTaskNotifyStateClear), (52 bytes).
    Removing tasks.o(i.xTaskNotifyWait), (140 bytes).
    Removing tasks.o(i.xTaskPriorityDisinherit), (152 bytes).
    Removing tasks.o(i.xTaskPriorityInherit), (148 bytes).
    Removing tasks.o(i.xTaskRemoveFromEventList), (116 bytes).
    Removing tasks.o(i.xTaskResumeAll), (196 bytes).
    Removing tasks.o(i.xTaskResumeFromISR), (136 bytes).
    Removing cmsis_os.o(.rev16_text), (4 bytes).
    Removing cmsis_os.o(.revsh_text), (4 bytes).
    Removing cmsis_os.o(.rrx_text), (6 bytes).
    Removing cmsis_os.o(i.inHandlerMode), (12 bytes).
    Removing cmsis_os.o(i.makeCmsisPriority), (14 bytes).
    Removing cmsis_os.o(i.makeFreeRtosPriority), (12 bytes).
    Removing cmsis_os.o(i.osAbortDelay), (4 bytes).
    Removing cmsis_os.o(i.osDelay), (14 bytes).
    Removing cmsis_os.o(i.osDelayUntil), (4 bytes).
    Removing cmsis_os.o(i.osKernelRunning), (18 bytes).
    Removing cmsis_os.o(i.osKernelStart), (10 bytes).
    Removing cmsis_os.o(i.osKernelSysTick), (24 bytes).
    Removing cmsis_os.o(i.osMailAlloc), (12 bytes).
    Removing cmsis_os.o(i.osMailCAlloc), (32 bytes).
    Removing cmsis_os.o(i.osMailCreate), (92 bytes).
    Removing cmsis_os.o(i.osMailFree), (12 bytes).
    Removing cmsis_os.o(i.osMailGet), (144 bytes).
    Removing cmsis_os.o(i.osMailPut), (92 bytes).
    Removing cmsis_os.o(i.osMessageAvailableSpace), (4 bytes).
    Removing cmsis_os.o(i.osMessageCreate), (38 bytes).
    Removing cmsis_os.o(i.osMessageDelete), (24 bytes).
    Removing cmsis_os.o(i.osMessageGet), (148 bytes).
    Removing cmsis_os.o(i.osMessagePeek), (74 bytes).
    Removing cmsis_os.o(i.osMessagePut), (92 bytes).
    Removing cmsis_os.o(i.osMessageWaiting), (30 bytes).
    Removing cmsis_os.o(i.osMutexCreate), (16 bytes).
    Removing cmsis_os.o(i.osMutexDelete), (24 bytes).
    Removing cmsis_os.o(i.osMutexRelease), (80 bytes).
    Removing cmsis_os.o(i.osMutexWait), (100 bytes).
    Removing cmsis_os.o(i.osPoolAlloc), (106 bytes).
    Removing cmsis_os.o(i.osPoolCAlloc), (16 bytes).
    Removing cmsis_os.o(i.osPoolCreate), (94 bytes).
    Removing cmsis_os.o(i.osPoolFree), (48 bytes).
    Removing cmsis_os.o(i.osRecursiveMutexCreate), (4 bytes).
    Removing cmsis_os.o(i.osRecursiveMutexRelease), (4 bytes).
    Removing cmsis_os.o(i.osRecursiveMutexWait), (4 bytes).
    Removing cmsis_os.o(i.osSemaphoreCreate), (62 bytes).
    Removing cmsis_os.o(i.osSemaphoreDelete), (24 bytes).
    Removing cmsis_os.o(i.osSemaphoreGetCount), (4 bytes).
    Removing cmsis_os.o(i.osSemaphoreRelease), (80 bytes).
    Removing cmsis_os.o(i.osSemaphoreWait), (100 bytes).
    Removing cmsis_os.o(i.osSignalSet), (92 bytes).
    Removing cmsis_os.o(i.osSignalWait), (86 bytes).
    Removing cmsis_os.o(i.osSystickHandler), (20 bytes).
    Removing cmsis_os.o(i.osThreadCreate), (84 bytes).
    Removing cmsis_os.o(i.osThreadGetId), (4 bytes).
    Removing cmsis_os.o(i.osThreadGetPriority), (32 bytes).
    Removing cmsis_os.o(i.osThreadList), (4 bytes).
    Removing cmsis_os.o(i.osThreadResume), (52 bytes).
    Removing cmsis_os.o(i.osThreadResumeAll), (18 bytes).
    Removing cmsis_os.o(i.osThreadSetPriority), (22 bytes).
    Removing cmsis_os.o(i.osThreadSuspend), (10 bytes).
    Removing cmsis_os.o(i.osThreadSuspendAll), (10 bytes).
    Removing cmsis_os.o(i.osThreadTerminate), (10 bytes).
    Removing cmsis_os.o(i.osThreadYield), (24 bytes).
    Removing cmsis_os.o(i.osTimerCreate), (4 bytes).
    Removing cmsis_os.o(i.osTimerDelete), (4 bytes).
    Removing cmsis_os.o(i.osTimerStart), (4 bytes).
    Removing cmsis_os.o(i.osTimerStop), (4 bytes).
    Removing heap_4.o(i.prvHeapInit), (76 bytes).
    Removing heap_4.o(i.prvInsertBlockIntoFreeList), (76 bytes).
    Removing heap_4.o(i.pvPortMalloc), (216 bytes).
    Removing heap_4.o(i.vPortFree), (92 bytes).
    Removing heap_4.o(i.vPortInitialiseBlocks), (2 bytes).
    Removing heap_4.o(i.xPortGetFreeHeapSize), (12 bytes).
    Removing heap_4.o(i.xPortGetMinimumEverFreeHeapSize), (12 bytes).
    Removing heap_4.o(.bss), (15360 bytes).
    Removing heap_4.o(.data), (24 bytes).
    Removing port.o(i.prvTaskExitError), (40 bytes).
    Removing port.o(i.pxPortInitialiseStack), (44 bytes).
    Removing port.o(i.vPortEndScheduler), (32 bytes).
    Removing port.o(i.vPortEnterCritical), (64 bytes).
    Removing port.o(i.vPortExitCritical), (40 bytes).
    Removing port.o(i.vPortSetupTimerInterrupt), (36 bytes).
    Removing port.o(i.vPortValidateInterruptPriority), (84 bytes).
    Removing port.o(i.xPortStartScheduler), (244 bytes).
    Removing port.o(.data), (12 bytes).
    Removing bsp_can_driver.o(.rev16_text), (4 bytes).
    Removing bsp_can_driver.o(.revsh_text), (4 bytes).
    Removing bsp_can_driver.o(.rrx_text), (6 bytes).
    Removing bsp_can_driver.o(i.can_send_msg), (80 bytes).

423 unused section(s) (total 41046 bytes) removed from the image.

==============================================================================

Image Symbol Table

    Local Symbols

    Symbol Name                              Value     Ov Type        Size  Object(Section)

    ../Drivers/STM32F4xx_HAL_Driver/Src/stm32f4xx_hal.c 0x00000000   Number         0  stm32f4xx_hal.o ABSOLUTE
    ../Drivers/STM32F4xx_HAL_Driver/Src/stm32f4xx_hal_can.c 0x00000000   Number         0  stm32f4xx_hal_can.o ABSOLUTE
    ../Drivers/STM32F4xx_HAL_Driver/Src/stm32f4xx_hal_cortex.c 0x00000000   Number         0  stm32f4xx_hal_cortex.o ABSOLUTE
    ../Drivers/STM32F4xx_HAL_Driver/Src/stm32f4xx_hal_dma.c 0x00000000   Number         0  stm32f4xx_hal_dma.o ABSOLUTE
    ../Drivers/STM32F4xx_HAL_Driver/Src/stm32f4xx_hal_dma_ex.c 0x00000000   Number         0  stm32f4xx_hal_dma_ex.o ABSOLUTE
    ../Drivers/STM32F4xx_HAL_Driver/Src/stm32f4xx_hal_exti.c 0x00000000   Number         0  stm32f4xx_hal_exti.o ABSOLUTE
    ../Drivers/STM32F4xx_HAL_Driver/Src/stm32f4xx_hal_flash.c 0x00000000   Number         0  stm32f4xx_hal_flash.o ABSOLUTE
    ../Drivers/STM32F4xx_HAL_Driver/Src/stm32f4xx_hal_flash_ex.c 0x00000000   Number         0  stm32f4xx_hal_flash_ex.o ABSOLUTE
    ../Drivers/STM32F4xx_HAL_Driver/Src/stm32f4xx_hal_flash_ramfunc.c 0x00000000   Number         0  stm32f4xx_hal_flash_ramfunc.o ABSOLUTE
    ../Drivers/STM32F4xx_HAL_Driver/Src/stm32f4xx_hal_gpio.c 0x00000000   Number         0  stm32f4xx_hal_gpio.o ABSOLUTE
    ../Drivers/STM32F4xx_HAL_Driver/Src/stm32f4xx_hal_pwr.c 0x00000000   Number         0  stm32f4xx_hal_pwr.o ABSOLUTE
    ../Drivers/STM32F4xx_HAL_Driver/Src/stm32f4xx_hal_pwr_ex.c 0x00000000   Number         0  stm32f4xx_hal_pwr_ex.o ABSOLUTE
    ../Drivers/STM32F4xx_HAL_Driver/Src/stm32f4xx_hal_rcc.c 0x00000000   Number         0  stm32f4xx_hal_rcc.o ABSOLUTE
    ../Drivers/STM32F4xx_HAL_Driver/Src/stm32f4xx_hal_rcc_ex.c 0x00000000   Number         0  stm32f4xx_hal_rcc_ex.o ABSOLUTE
    ../Drivers/STM32F4xx_HAL_Driver/Src/stm32f4xx_hal_tim.c 0x00000000   Number         0  stm32f4xx_hal_tim.o ABSOLUTE
    ../Drivers/STM32F4xx_HAL_Driver/Src/stm32f4xx_hal_tim_ex.c 0x00000000   Number         0  stm32f4xx_hal_tim_ex.o ABSOLUTE
    ../Middlewares/Third_Party/FreeRTOS/Source/CMSIS_RTOS/cmsis_os.c 0x00000000   Number         0  cmsis_os.o ABSOLUTE
    ../Middlewares/Third_Party/FreeRTOS/Source/croutine.c 0x00000000   Number         0  croutine.o ABSOLUTE
    ../Middlewares/Third_Party/FreeRTOS/Source/event_groups.c 0x00000000   Number         0  event_groups.o ABSOLUTE
    ../Middlewares/Third_Party/FreeRTOS/Source/list.c 0x00000000   Number         0  list.o ABSOLUTE
    ../Middlewares/Third_Party/FreeRTOS/Source/portable/MemMang/heap_4.c 0x00000000   Number         0  heap_4.o ABSOLUTE
    ../Middlewares/Third_Party/FreeRTOS/Source/portable/RVDS/ARM_CM4F/port.c 0x00000000   Number         0  port.o ABSOLUTE
    ../Middlewares/Third_Party/FreeRTOS/Source/queue.c 0x00000000   Number         0  queue.o ABSOLUTE
    ../Middlewares/Third_Party/FreeRTOS/Source/stream_buffer.c 0x00000000   Number         0  stream_buffer.o ABSOLUTE
    ../Middlewares/Third_Party/FreeRTOS/Source/tasks.c 0x00000000   Number         0  tasks.o ABSOLUTE
    ../Middlewares/Third_Party/FreeRTOS/Source/timers.c 0x00000000   Number         0  timers.o ABSOLUTE
    ../Src/can.c                             0x00000000   Number         0  can.o ABSOLUTE
    ../Src/freertos.c                        0x00000000   Number         0  freertos.o ABSOLUTE
    ../Src/gpio.c                            0x00000000   Number         0  gpio.o ABSOLUTE
    ../Src/main.c                            0x00000000   Number         0  main.o ABSOLUTE
    ../Src/stm32f4xx_hal_msp.c               0x00000000   Number         0  stm32f4xx_hal_msp.o ABSOLUTE
    ../Src/stm32f4xx_it.c                    0x00000000   Number         0  stm32f4xx_it.o ABSOLUTE
    ../Src/system_stm32f4xx.c                0x00000000   Number         0  system_stm32f4xx.o ABSOLUTE
    ../clib/microlib/division.c              0x00000000   Number         0  uldiv.o ABSOLUTE
    ../clib/microlib/init/entry.s            0x00000000   Number         0  entry10b.o ABSOLUTE
    ../clib/microlib/init/entry.s            0x00000000   Number         0  entry.o ABSOLUTE
    ../clib/microlib/init/entry.s            0x00000000   Number         0  entry10a.o ABSOLUTE
    ../clib/microlib/init/entry.s            0x00000000   Number         0  entry9b.o ABSOLUTE
    ../clib/microlib/init/entry.s            0x00000000   Number         0  entry9a.o ABSOLUTE
    ../clib/microlib/init/entry.s            0x00000000   Number         0  entry8b.o ABSOLUTE
    ../clib/microlib/init/entry.s            0x00000000   Number         0  entry7b.o ABSOLUTE
    ../clib/microlib/init/entry.s            0x00000000   Number         0  entry7a.o ABSOLUTE
    ../clib/microlib/init/entry.s            0x00000000   Number         0  entry5.o ABSOLUTE
    ../clib/microlib/init/entry.s            0x00000000   Number         0  entry2.o ABSOLUTE
    ../clib/microlib/init/entry.s            0x00000000   Number         0  entry8a.o ABSOLUTE
    ../clib/microlib/init/entry.s            0x00000000   Number         0  entry11b.o ABSOLUTE
    ../clib/microlib/init/entry.s            0x00000000   Number         0  entry11a.o ABSOLUTE
    ../clib/microlib/longlong.c              0x00000000   Number         0  llushr.o ABSOLUTE
    ../clib/microlib/longlong.c              0x00000000   Number         0  llshl.o ABSOLUTE
    ../clib/microlib/string/memcpy.c         0x00000000   Number         0  memcpya.o ABSOLUTE
    ../clib/microlib/string/memcpy.c         0x00000000   Number         0  memcpyb.o ABSOLUTE
    ../clib/microlib/string/memset.c         0x00000000   Number         0  memseta.o ABSOLUTE
    ../clib/microlib/string/memset.c         0x00000000   Number         0  memset.o ABSOLUTE
    ..\Drivers\STM32F4xx_HAL_Driver\Src\stm32f4xx_hal.c 0x00000000   Number         0  stm32f4xx_hal.o ABSOLUTE
    ..\Drivers\STM32F4xx_HAL_Driver\Src\stm32f4xx_hal_can.c 0x00000000   Number         0  stm32f4xx_hal_can.o ABSOLUTE
    ..\Drivers\STM32F4xx_HAL_Driver\Src\stm32f4xx_hal_cortex.c 0x00000000   Number         0  stm32f4xx_hal_cortex.o ABSOLUTE
    ..\Drivers\STM32F4xx_HAL_Driver\Src\stm32f4xx_hal_dma.c 0x00000000   Number         0  stm32f4xx_hal_dma.o ABSOLUTE
    ..\Drivers\STM32F4xx_HAL_Driver\Src\stm32f4xx_hal_dma_ex.c 0x00000000   Number         0  stm32f4xx_hal_dma_ex.o ABSOLUTE
    ..\Drivers\STM32F4xx_HAL_Driver\Src\stm32f4xx_hal_exti.c 0x00000000   Number         0  stm32f4xx_hal_exti.o ABSOLUTE
    ..\Drivers\STM32F4xx_HAL_Driver\Src\stm32f4xx_hal_flash.c 0x00000000   Number         0  stm32f4xx_hal_flash.o ABSOLUTE
    ..\Drivers\STM32F4xx_HAL_Driver\Src\stm32f4xx_hal_flash_ex.c 0x00000000   Number         0  stm32f4xx_hal_flash_ex.o ABSOLUTE
    ..\Drivers\STM32F4xx_HAL_Driver\Src\stm32f4xx_hal_flash_ramfunc.c 0x00000000   Number         0  stm32f4xx_hal_flash_ramfunc.o ABSOLUTE
    ..\Drivers\STM32F4xx_HAL_Driver\Src\stm32f4xx_hal_gpio.c 0x00000000   Number         0  stm32f4xx_hal_gpio.o ABSOLUTE
    ..\Drivers\STM32F4xx_HAL_Driver\Src\stm32f4xx_hal_pwr.c 0x00000000   Number         0  stm32f4xx_hal_pwr.o ABSOLUTE
    ..\Drivers\STM32F4xx_HAL_Driver\Src\stm32f4xx_hal_pwr_ex.c 0x00000000   Number         0  stm32f4xx_hal_pwr_ex.o ABSOLUTE
    ..\Drivers\STM32F4xx_HAL_Driver\Src\stm32f4xx_hal_rcc.c 0x00000000   Number         0  stm32f4xx_hal_rcc.o ABSOLUTE
    ..\Drivers\STM32F4xx_HAL_Driver\Src\stm32f4xx_hal_rcc_ex.c 0x00000000   Number         0  stm32f4xx_hal_rcc_ex.o ABSOLUTE
    ..\Drivers\STM32F4xx_HAL_Driver\Src\stm32f4xx_hal_tim.c 0x00000000   Number         0  stm32f4xx_hal_tim.o ABSOLUTE
    ..\Drivers\STM32F4xx_HAL_Driver\Src\stm32f4xx_hal_tim_ex.c 0x00000000   Number         0  stm32f4xx_hal_tim_ex.o ABSOLUTE
    ..\Middlewares\Third_Party\FreeRTOS\Source\CMSIS_RTOS\cmsis_os.c 0x00000000   Number         0  cmsis_os.o ABSOLUTE
    ..\Middlewares\Third_Party\FreeRTOS\Source\portable\RVDS\ARM_CM4F\port.c 0x00000000   Number         0  port.o ABSOLUTE
    ..\Src\can.c                             0x00000000   Number         0  can.o ABSOLUTE
    ..\Src\freertos.c                        0x00000000   Number         0  freertos.o ABSOLUTE
    ..\Src\gpio.c                            0x00000000   Number         0  gpio.o ABSOLUTE
    ..\Src\main.c                            0x00000000   Number         0  main.o ABSOLUTE
    ..\Src\stm32f4xx_hal_msp.c               0x00000000   Number         0  stm32f4xx_hal_msp.o ABSOLUTE
    ..\Src\stm32f4xx_it.c                    0x00000000   Number         0  stm32f4xx_it.o ABSOLUTE
    ..\Src\system_stm32f4xx.c                0x00000000   Number         0  system_stm32f4xx.o ABSOLUTE
    My_BSP\CAN\bsp_can_driver.c              0x00000000   Number         0  bsp_can_driver.o ABSOLUTE
    My_BSP\\CAN\\bsp_can_driver.c            0x00000000   Number         0  bsp_can_driver.o ABSOLUTE
    My_TASK\AutoTask\task_auto.c             0x00000000   Number         0  task_auto.o ABSOLUTE
    My_TASK\MainTask\task_main.c             0x00000000   Number         0  task_main.o ABSOLUTE
    My_TASK\MonitorTask\task_monitor.c       0x00000000   Number         0  task_monitor.o ABSOLUTE
    dc.s                                     0x00000000   Number         0  dc.o ABSOLUTE
    handlers.s                               0x00000000   Number         0  handlers.o ABSOLUTE
    init.s                                   0x00000000   Number         0  init.o ABSOLUTE
    startup_stm32f405xx.s                    0x00000000   Number         0  startup_stm32f405xx.o ABSOLUTE
    RESET                                    0x08000000   Section      392  startup_stm32f405xx.o(RESET)
    .ARM.Collect$$$$00000000                 0x08000188   Section        0  entry.o(.ARM.Collect$$$$00000000)
    .ARM.Collect$$$$00000001                 0x08000188   Section        4  entry2.o(.ARM.Collect$$$$00000001)
    .ARM.Collect$$$$00000004                 0x0800018c   Section        4  entry5.o(.ARM.Collect$$$$00000004)
    .ARM.Collect$$$$00000008                 0x08000190   Section        0  entry7b.o(.ARM.Collect$$$$00000008)
    .ARM.Collect$$$$0000000A                 0x08000190   Section        0  entry8b.o(.ARM.Collect$$$$0000000A)
    .ARM.Collect$$$$0000000B                 0x08000190   Section        8  entry9a.o(.ARM.Collect$$$$0000000B)
    .ARM.Collect$$$$0000000D                 0x08000198   Section        0  entry10a.o(.ARM.Collect$$$$0000000D)
    .ARM.Collect$$$$0000000F                 0x08000198   Section        0  entry11a.o(.ARM.Collect$$$$0000000F)
    .ARM.Collect$$$$00002712                 0x08000198   Section        4  entry2.o(.ARM.Collect$$$$00002712)
    __lit__00000000                          0x08000198   Data           4  entry2.o(.ARM.Collect$$$$00002712)
    .emb_text                                0x0800019c   Section      190  port.o(.emb_text)
    $v0                                      0x0800019c   Number         0  port.o(.emb_text)
    .text                                    0x0800025c   Section       36  startup_stm32f405xx.o(.text)
    $v0                                      0x0800025c   Number         0  startup_stm32f405xx.o(.text)
    .text                                    0x08000280   Section        0  uldiv.o(.text)
    .text                                    0x080002e2   Section        0  memseta.o(.text)
    .text                                    0x08000306   Section        0  llshl.o(.text)
    .text                                    0x08000324   Section        0  llushr.o(.text)
    .text                                    0x08000344   Section       36  init.o(.text)
    i.BusFault_Handler                       0x08000368   Section        0  stm32f4xx_it.o(i.BusFault_Handler)
    i.CAN1_RX0_IRQHandler                    0x0800036c   Section        0  stm32f4xx_it.o(i.CAN1_RX0_IRQHandler)
    i.CAN_Init_All                           0x08000378   Section        0  bsp_can_driver.o(i.CAN_Init_All)
    i.DebugMon_Handler                       0x080003bc   Section        0  stm32f4xx_it.o(i.DebugMon_Handler)
    i.Error_Handler                          0x080003be   Section        0  main.o(i.Error_Handler)
    i.HAL_CAN_ActivateNotification           0x080003c0   Section        0  stm32f4xx_hal_can.o(i.HAL_CAN_ActivateNotification)
    i.HAL_CAN_ConfigFilter                   0x080003e4   Section        0  stm32f4xx_hal_can.o(i.HAL_CAN_ConfigFilter)
    i.HAL_CAN_ErrorCallback                  0x080004f0   Section        0  stm32f4xx_hal_can.o(i.HAL_CAN_ErrorCallback)
    i.HAL_CAN_GetRxFifoFillLevel             0x080004f4   Section        0  stm32f4xx_hal_can.o(i.HAL_CAN_GetRxFifoFillLevel)
    i.HAL_CAN_GetRxMessage                   0x08000516   Section        0  stm32f4xx_hal_can.o(i.HAL_CAN_GetRxMessage)
    i.HAL_CAN_IRQHandler                     0x080005fe   Section        0  stm32f4xx_hal_can.o(i.HAL_CAN_IRQHandler)
    i.HAL_CAN_Init                           0x080007fa   Section        0  stm32f4xx_hal_can.o(i.HAL_CAN_Init)
    i.HAL_CAN_MspInit                        0x08000914   Section        0  can.o(i.HAL_CAN_MspInit)
    i.HAL_CAN_RxFifo0FullCallback            0x08000990   Section        0  stm32f4xx_hal_can.o(i.HAL_CAN_RxFifo0FullCallback)
    i.HAL_CAN_RxFifo0MsgPendingCallback      0x08000994   Section        0  bsp_can_driver.o(i.HAL_CAN_RxFifo0MsgPendingCallback)
    i.HAL_CAN_RxFifo1FullCallback            0x08000b28   Section        0  stm32f4xx_hal_can.o(i.HAL_CAN_RxFifo1FullCallback)
    i.HAL_CAN_RxFifo1MsgPendingCallback      0x08000b2a   Section        0  stm32f4xx_hal_can.o(i.HAL_CAN_RxFifo1MsgPendingCallback)
    i.HAL_CAN_SleepCallback                  0x08000b2c   Section        0  stm32f4xx_hal_can.o(i.HAL_CAN_SleepCallback)
    i.HAL_CAN_Start                          0x08000b30   Section        0  stm32f4xx_hal_can.o(i.HAL_CAN_Start)
    i.HAL_CAN_TxMailbox0AbortCallback        0x08000b88   Section        0  stm32f4xx_hal_can.o(i.HAL_CAN_TxMailbox0AbortCallback)
    i.HAL_CAN_TxMailbox0CompleteCallback     0x08000b8a   Section        0  stm32f4xx_hal_can.o(i.HAL_CAN_TxMailbox0CompleteCallback)
    i.HAL_CAN_TxMailbox1AbortCallback        0x08000b8c   Section        0  stm32f4xx_hal_can.o(i.HAL_CAN_TxMailbox1AbortCallback)
    i.HAL_CAN_TxMailbox1CompleteCallback     0x08000b8e   Section        0  stm32f4xx_hal_can.o(i.HAL_CAN_TxMailbox1CompleteCallback)
    i.HAL_CAN_TxMailbox2AbortCallback        0x08000b90   Section        0  stm32f4xx_hal_can.o(i.HAL_CAN_TxMailbox2AbortCallback)
    i.HAL_CAN_TxMailbox2CompleteCallback     0x08000b92   Section        0  stm32f4xx_hal_can.o(i.HAL_CAN_TxMailbox2CompleteCallback)
    i.HAL_CAN_WakeUpFromRxMsgCallback        0x08000b94   Section        0  stm32f4xx_hal_can.o(i.HAL_CAN_WakeUpFromRxMsgCallback)
    i.HAL_GPIO_Init                          0x08000b98   Section        0  stm32f4xx_hal_gpio.o(i.HAL_GPIO_Init)
    i.HAL_GPIO_WritePin                      0x08000d48   Section        0  stm32f4xx_hal_gpio.o(i.HAL_GPIO_WritePin)
    i.HAL_GetTick                            0x08000d54   Section        0  stm32f4xx_hal.o(i.HAL_GetTick)
    i.HAL_IncTick                            0x08000d60   Section        0  stm32f4xx_hal.o(i.HAL_IncTick)
    i.HAL_Init                               0x08000d70   Section        0  stm32f4xx_hal.o(i.HAL_Init)
    i.HAL_InitTick                           0x08000da4   Section        0  stm32f4xx_hal.o(i.HAL_InitTick)
    i.HAL_MspInit                            0x08000de4   Section        0  stm32f4xx_hal_msp.o(i.HAL_MspInit)
    i.HAL_NVIC_EnableIRQ                     0x08000e1c   Section        0  stm32f4xx_hal_cortex.o(i.HAL_NVIC_EnableIRQ)
    i.HAL_NVIC_SetPriority                   0x08000e38   Section        0  stm32f4xx_hal_cortex.o(i.HAL_NVIC_SetPriority)
    i.HAL_NVIC_SetPriorityGrouping           0x08000e78   Section        0  stm32f4xx_hal_cortex.o(i.HAL_NVIC_SetPriorityGrouping)
    i.HAL_RCC_ClockConfig                    0x08000e9c   Section        0  stm32f4xx_hal_rcc.o(i.HAL_RCC_ClockConfig)
    i.HAL_RCC_GetSysClockFreq                0x08000fcc   Section        0  stm32f4xx_hal_rcc.o(i.HAL_RCC_GetSysClockFreq)
    i.HAL_RCC_OscConfig                      0x0800102c   Section        0  stm32f4xx_hal_rcc.o(i.HAL_RCC_OscConfig)
    i.HAL_SYSTICK_Config                     0x08001348   Section        0  stm32f4xx_hal_cortex.o(i.HAL_SYSTICK_Config)
    i.HardFault_Handler                      0x08001370   Section        0  stm32f4xx_it.o(i.HardFault_Handler)
    i.MX_CAN1_Init                           0x08001374   Section        0  can.o(i.MX_CAN1_Init)
    i.MX_GPIO_Init                           0x080013bc   Section        0  gpio.o(i.MX_GPIO_Init)
    i.MemManage_Handler                      0x08001428   Section        0  stm32f4xx_it.o(i.MemManage_Handler)
    i.NMI_Handler                            0x0800142a   Section        0  stm32f4xx_it.o(i.NMI_Handler)
    i.SysTick_Handler                        0x0800142c   Section        0  stm32f4xx_it.o(i.SysTick_Handler)
    i.SystemClock_Config                     0x08001444   Section        0  main.o(i.SystemClock_Config)
    i.SystemInit                             0x080014c8   Section        0  system_stm32f4xx.o(i.SystemInit)
    i.UsageFault_Handler                     0x0800151c   Section        0  stm32f4xx_it.o(i.UsageFault_Handler)
    i.__NVIC_SetPriority                     0x0800151e   Section        0  stm32f4xx_hal_cortex.o(i.__NVIC_SetPriority)
    __NVIC_SetPriority                       0x0800151f   Thumb Code    32  stm32f4xx_hal_cortex.o(i.__NVIC_SetPriority)
    i.__scatterload_copy                     0x0800153e   Section       14  handlers.o(i.__scatterload_copy)
    i.__scatterload_null                     0x0800154c   Section        2  handlers.o(i.__scatterload_null)
    i.__scatterload_zeroinit                 0x0800154e   Section       14  handlers.o(i.__scatterload_zeroinit)
    i.main                                   0x0800155c   Section        0  main.o(i.main)
    i.prvResetNextTaskUnblockTime            0x08001574   Section        0  tasks.o(i.prvResetNextTaskUnblockTime)
    prvResetNextTaskUnblockTime              0x08001575   Thumb Code    26  tasks.o(i.prvResetNextTaskUnblockTime)
    i.uxListRemove                           0x08001594   Section        0  list.o(i.uxListRemove)
    i.vListInsertEnd                         0x080015ba   Section        0  list.o(i.vListInsertEnd)
    i.vTaskSwitchContext                     0x080015d4   Section        0  tasks.o(i.vTaskSwitchContext)
    i.xPortSysTickHandler                    0x08001630   Section        0  port.o(i.xPortSysTickHandler)
    i.xTaskGetSchedulerState                 0x0800165c   Section        0  tasks.o(i.xTaskGetSchedulerState)
    i.xTaskIncrementTick                     0x08001678   Section        0  tasks.o(i.xTaskIncrementTick)
    .constdata                               0x08001740   Section       16  system_stm32f4xx.o(.constdata)
    .data                                    0x20000000   Section       12  stm32f4xx_hal.o(.data)
    .data                                    0x2000000c   Section        4  system_stm32f4xx.o(.data)
    .data                                    0x20000010   Section       60  tasks.o(.data)
    pxDelayedTaskList                        0x20000014   Data           4  tasks.o(.data)
    pxOverflowDelayedTaskList                0x20000018   Data           4  tasks.o(.data)
    uxDeletedTasksWaitingCleanUp             0x2000001c   Data           4  tasks.o(.data)
    uxCurrentNumberOfTasks                   0x20000020   Data           4  tasks.o(.data)
    xTickCount                               0x20000024   Data           4  tasks.o(.data)
    uxTopReadyPriority                       0x20000028   Data           4  tasks.o(.data)
    xSchedulerRunning                        0x2000002c   Data           4  tasks.o(.data)
    uxPendedTicks                            0x20000030   Data           4  tasks.o(.data)
    xYieldPending                            0x20000034   Data           4  tasks.o(.data)
    xNumOfOverflows                          0x20000038   Data           4  tasks.o(.data)
    uxTaskNumber                             0x2000003c   Data           4  tasks.o(.data)
    xNextTaskUnblockTime                     0x20000040   Data           4  tasks.o(.data)
    xIdleTaskHandle                          0x20000044   Data           4  tasks.o(.data)
    uxSchedulerSuspended                     0x20000048   Data           4  tasks.o(.data)
    .data                                    0x2000004c   Section       21  bsp_can_driver.o(.data)
    Data                                     0x20000051   Data           8  bsp_can_driver.o(.data)
    .bss                                     0x20000064   Section       40  can.o(.bss)
    .bss                                     0x2000008c   Section      240  tasks.o(.bss)
    pxReadyTasksLists                        0x2000008c   Data         140  tasks.o(.bss)
    xDelayedTaskList1                        0x20000118   Data          20  tasks.o(.bss)
    xDelayedTaskList2                        0x2000012c   Data          20  tasks.o(.bss)
    xPendingReadyList                        0x20000140   Data          20  tasks.o(.bss)
    xTasksWaitingTermination                 0x20000154   Data          20  tasks.o(.bss)
    xSuspendedTaskList                       0x20000168   Data          20  tasks.o(.bss)
    .bss                                     0x2000017c   Section      172  bsp_can_driver.o(.bss)
    TxHead                                   0x2000017c   Data          24  bsp_can_driver.o(.bss)
    STACK                                    0x20000228   Section     1024  startup_stm32f405xx.o(STACK)

    Global Symbols

    Symbol Name                              Value     Ov Type        Size  Object(Section)

    BuildAttributes$$THM_ISAv4$E$P$D$K$B$S$7EM$VFPi3$EXTD16$VFPS$VFMA$PE$A:L22UL41UL21$X:L11$S22US41US21$IEEE1$IW$USESV6$~STKCKD$USESV7$~SHL$OSPACE$EBA8$MICROLIB$REQ8$PRES8$EABIv2 0x00000000   Number         0  anon$$obj.o ABSOLUTE
    __ARM_use_no_argv                        0x00000000   Number         0  main.o ABSOLUTE
    __cpp_initialize__aeabi_                  - Undefined Weak Reference
    __cxa_finalize                            - Undefined Weak Reference
    __decompress                              - Undefined Weak Reference
    _clock_init                               - Undefined Weak Reference
    _microlib_exit                            - Undefined Weak Reference
    __Vectors_Size                           0x00000188   Number         0  startup_stm32f405xx.o ABSOLUTE
    __Vectors                                0x08000000   Data           4  startup_stm32f405xx.o(RESET)
    __Vectors_End                            0x08000188   Data           0  startup_stm32f405xx.o(RESET)
    __main                                   0x08000189   Thumb Code     0  entry.o(.ARM.Collect$$$$00000000)
    _main_stk                                0x08000189   Thumb Code     0  entry2.o(.ARM.Collect$$$$00000001)
    _main_scatterload                        0x0800018d   Thumb Code     0  entry5.o(.ARM.Collect$$$$00000004)
    __main_after_scatterload                 0x08000191   Thumb Code     0  entry5.o(.ARM.Collect$$$$00000004)
    _main_clock                              0x08000191   Thumb Code     0  entry7b.o(.ARM.Collect$$$$00000008)
    _main_cpp_init                           0x08000191   Thumb Code     0  entry8b.o(.ARM.Collect$$$$0000000A)
    _main_init                               0x08000191   Thumb Code     0  entry9a.o(.ARM.Collect$$$$0000000B)
    __rt_final_cpp                           0x08000199   Thumb Code     0  entry10a.o(.ARM.Collect$$$$0000000D)
    __rt_final_exit                          0x08000199   Thumb Code     0  entry11a.o(.ARM.Collect$$$$0000000F)
    SVC_Handler                              0x0800019d   Thumb Code    28  port.o(.emb_text)
    __asm___6_port_c_39a90d8d__prvStartFirstTask 0x080001bd   Thumb Code    36  port.o(.emb_text)
    __asm___6_port_c_39a90d8d__prvEnableVFP  0x080001e5   Thumb Code    16  port.o(.emb_text)
    PendSV_Handler                           0x080001f9   Thumb Code    88  port.o(.emb_text)
    vPortGetIPSR                             0x08000255   Thumb Code     6  port.o(.emb_text)
    Reset_Handler                            0x0800025d   Thumb Code     8  startup_stm32f405xx.o(.text)
    ADC_IRQHandler                           0x08000277   Thumb Code     0  startup_stm32f405xx.o(.text)
    CAN1_RX1_IRQHandler                      0x08000277   Thumb Code     0  startup_stm32f405xx.o(.text)
    CAN1_SCE_IRQHandler                      0x08000277   Thumb Code     0  startup_stm32f405xx.o(.text)
    CAN1_TX_IRQHandler                       0x08000277   Thumb Code     0  startup_stm32f405xx.o(.text)
    CAN2_RX0_IRQHandler                      0x08000277   Thumb Code     0  startup_stm32f405xx.o(.text)
    CAN2_RX1_IRQHandler                      0x08000277   Thumb Code     0  startup_stm32f405xx.o(.text)
    CAN2_SCE_IRQHandler                      0x08000277   Thumb Code     0  startup_stm32f405xx.o(.text)
    CAN2_TX_IRQHandler                       0x08000277   Thumb Code     0  startup_stm32f405xx.o(.text)
    DMA1_Stream0_IRQHandler                  0x08000277   Thumb Code     0  startup_stm32f405xx.o(.text)
    DMA1_Stream1_IRQHandler                  0x08000277   Thumb Code     0  startup_stm32f405xx.o(.text)
    DMA1_Stream2_IRQHandler                  0x08000277   Thumb Code     0  startup_stm32f405xx.o(.text)
    DMA1_Stream3_IRQHandler                  0x08000277   Thumb Code     0  startup_stm32f405xx.o(.text)
    DMA1_Stream4_IRQHandler                  0x08000277   Thumb Code     0  startup_stm32f405xx.o(.text)
    DMA1_Stream5_IRQHandler                  0x08000277   Thumb Code     0  startup_stm32f405xx.o(.text)
    DMA1_Stream6_IRQHandler                  0x08000277   Thumb Code     0  startup_stm32f405xx.o(.text)
    DMA1_Stream7_IRQHandler                  0x08000277   Thumb Code     0  startup_stm32f405xx.o(.text)
    DMA2_Stream0_IRQHandler                  0x08000277   Thumb Code     0  startup_stm32f405xx.o(.text)
    DMA2_Stream1_IRQHandler                  0x08000277   Thumb Code     0  startup_stm32f405xx.o(.text)
    DMA2_Stream2_IRQHandler                  0x08000277   Thumb Code     0  startup_stm32f405xx.o(.text)
    DMA2_Stream3_IRQHandler                  0x08000277   Thumb Code     0  startup_stm32f405xx.o(.text)
    DMA2_Stream4_IRQHandler                  0x08000277   Thumb Code     0  startup_stm32f405xx.o(.text)
    DMA2_Stream5_IRQHandler                  0x08000277   Thumb Code     0  startup_stm32f405xx.o(.text)
    DMA2_Stream6_IRQHandler                  0x08000277   Thumb Code     0  startup_stm32f405xx.o(.text)
    DMA2_Stream7_IRQHandler                  0x08000277   Thumb Code     0  startup_stm32f405xx.o(.text)
    EXTI0_IRQHandler                         0x08000277   Thumb Code     0  startup_stm32f405xx.o(.text)
    EXTI15_10_IRQHandler                     0x08000277   Thumb Code     0  startup_stm32f405xx.o(.text)
    EXTI1_IRQHandler                         0x08000277   Thumb Code     0  startup_stm32f405xx.o(.text)
    EXTI2_IRQHandler                         0x08000277   Thumb Code     0  startup_stm32f405xx.o(.text)
    EXTI3_IRQHandler                         0x08000277   Thumb Code     0  startup_stm32f405xx.o(.text)
    EXTI4_IRQHandler                         0x08000277   Thumb Code     0  startup_stm32f405xx.o(.text)
    EXTI9_5_IRQHandler                       0x08000277   Thumb Code     0  startup_stm32f405xx.o(.text)
    FLASH_IRQHandler                         0x08000277   Thumb Code     0  startup_stm32f405xx.o(.text)
    FMC_IRQHandler                           0x08000277   Thumb Code     0  startup_stm32f405xx.o(.text)
    FPU_IRQHandler                           0x08000277   Thumb Code     0  startup_stm32f405xx.o(.text)
    HASH_RNG_IRQHandler                      0x08000277   Thumb Code     0  startup_stm32f405xx.o(.text)
    I2C1_ER_IRQHandler                       0x08000277   Thumb Code     0  startup_stm32f405xx.o(.text)
    I2C1_EV_IRQHandler                       0x08000277   Thumb Code     0  startup_stm32f405xx.o(.text)
    I2C2_ER_IRQHandler                       0x08000277   Thumb Code     0  startup_stm32f405xx.o(.text)
    I2C2_EV_IRQHandler                       0x08000277   Thumb Code     0  startup_stm32f405xx.o(.text)
    I2C3_ER_IRQHandler                       0x08000277   Thumb Code     0  startup_stm32f405xx.o(.text)
    I2C3_EV_IRQHandler                       0x08000277   Thumb Code     0  startup_stm32f405xx.o(.text)
    OTG_FS_IRQHandler                        0x08000277   Thumb Code     0  startup_stm32f405xx.o(.text)
    OTG_FS_WKUP_IRQHandler                   0x08000277   Thumb Code     0  startup_stm32f405xx.o(.text)
    OTG_HS_EP1_IN_IRQHandler                 0x08000277   Thumb Code     0  startup_stm32f405xx.o(.text)
    OTG_HS_EP1_OUT_IRQHandler                0x08000277   Thumb Code     0  startup_stm32f405xx.o(.text)
    OTG_HS_IRQHandler                        0x08000277   Thumb Code     0  startup_stm32f405xx.o(.text)
    OTG_HS_WKUP_IRQHandler                   0x08000277   Thumb Code     0  startup_stm32f405xx.o(.text)
    PVD_IRQHandler                           0x08000277   Thumb Code     0  startup_stm32f405xx.o(.text)
    RCC_IRQHandler                           0x08000277   Thumb Code     0  startup_stm32f405xx.o(.text)
    RTC_Alarm_IRQHandler                     0x08000277   Thumb Code     0  startup_stm32f405xx.o(.text)
    RTC_WKUP_IRQHandler                      0x08000277   Thumb Code     0  startup_stm32f405xx.o(.text)
    SDIO_IRQHandler                          0x08000277   Thumb Code     0  startup_stm32f405xx.o(.text)
    SPI1_IRQHandler                          0x08000277   Thumb Code     0  startup_stm32f405xx.o(.text)
    SPI2_IRQHandler                          0x08000277   Thumb Code     0  startup_stm32f405xx.o(.text)
    SPI3_IRQHandler                          0x08000277   Thumb Code     0  startup_stm32f405xx.o(.text)
    TAMP_STAMP_IRQHandler                    0x08000277   Thumb Code     0  startup_stm32f405xx.o(.text)
    TIM1_BRK_TIM9_IRQHandler                 0x08000277   Thumb Code     0  startup_stm32f405xx.o(.text)
    TIM1_CC_IRQHandler                       0x08000277   Thumb Code     0  startup_stm32f405xx.o(.text)
    TIM1_TRG_COM_TIM11_IRQHandler            0x08000277   Thumb Code     0  startup_stm32f405xx.o(.text)
    TIM1_UP_TIM10_IRQHandler                 0x08000277   Thumb Code     0  startup_stm32f405xx.o(.text)
    TIM2_IRQHandler                          0x08000277   Thumb Code     0  startup_stm32f405xx.o(.text)
    TIM3_IRQHandler                          0x08000277   Thumb Code     0  startup_stm32f405xx.o(.text)
    TIM4_IRQHandler                          0x08000277   Thumb Code     0  startup_stm32f405xx.o(.text)
    TIM5_IRQHandler                          0x08000277   Thumb Code     0  startup_stm32f405xx.o(.text)
    TIM6_DAC_IRQHandler                      0x08000277   Thumb Code     0  startup_stm32f405xx.o(.text)
    TIM7_IRQHandler                          0x08000277   Thumb Code     0  startup_stm32f405xx.o(.text)
    TIM8_BRK_TIM12_IRQHandler                0x08000277   Thumb Code     0  startup_stm32f405xx.o(.text)
    TIM8_CC_IRQHandler                       0x08000277   Thumb Code     0  startup_stm32f405xx.o(.text)
    TIM8_TRG_COM_TIM14_IRQHandler            0x08000277   Thumb Code     0  startup_stm32f405xx.o(.text)
    TIM8_UP_TIM13_IRQHandler                 0x08000277   Thumb Code     0  startup_stm32f405xx.o(.text)
    UART4_IRQHandler                         0x08000277   Thumb Code     0  startup_stm32f405xx.o(.text)
    UART5_IRQHandler                         0x08000277   Thumb Code     0  startup_stm32f405xx.o(.text)
    USART1_IRQHandler                        0x08000277   Thumb Code     0  startup_stm32f405xx.o(.text)
    USART2_IRQHandler                        0x08000277   Thumb Code     0  startup_stm32f405xx.o(.text)
    USART3_IRQHandler                        0x08000277   Thumb Code     0  startup_stm32f405xx.o(.text)
    USART6_IRQHandler                        0x08000277   Thumb Code     0  startup_stm32f405xx.o(.text)
    WWDG_IRQHandler                          0x08000277   Thumb Code     0  startup_stm32f405xx.o(.text)
    __aeabi_uldivmod                         0x08000281   Thumb Code    98  uldiv.o(.text)
    __aeabi_memset                           0x080002e3   Thumb Code    14  memseta.o(.text)
    __aeabi_memset4                          0x080002e3   Thumb Code     0  memseta.o(.text)
    __aeabi_memset8                          0x080002e3   Thumb Code     0  memseta.o(.text)
    __aeabi_memclr                           0x080002f1   Thumb Code     4  memseta.o(.text)
    __aeabi_memclr4                          0x080002f1   Thumb Code     0  memseta.o(.text)
    __aeabi_memclr8                          0x080002f1   Thumb Code     0  memseta.o(.text)
    memset                                   0x080002f5   Thumb Code    18  memseta.o(.text)
    __aeabi_llsl                             0x08000307   Thumb Code    30  llshl.o(.text)
    _ll_shift_l                              0x08000307   Thumb Code     0  llshl.o(.text)
    __aeabi_llsr                             0x08000325   Thumb Code    32  llushr.o(.text)
    _ll_ushift_r                             0x08000325   Thumb Code     0  llushr.o(.text)
    __scatterload                            0x08000345   Thumb Code    28  init.o(.text)
    __scatterload_rt2                        0x08000345   Thumb Code     0  init.o(.text)
    BusFault_Handler                         0x08000369   Thumb Code     2  stm32f4xx_it.o(i.BusFault_Handler)
    CAN1_RX0_IRQHandler                      0x0800036d   Thumb Code     6  stm32f4xx_it.o(i.CAN1_RX0_IRQHandler)
    CAN_Init_All                             0x08000379   Thumb Code    64  bsp_can_driver.o(i.CAN_Init_All)
    DebugMon_Handler                         0x080003bd   Thumb Code     2  stm32f4xx_it.o(i.DebugMon_Handler)
    Error_Handler                            0x080003bf   Thumb Code     2  main.o(i.Error_Handler)
    HAL_CAN_ActivateNotification             0x080003c1   Thumb Code    36  stm32f4xx_hal_can.o(i.HAL_CAN_ActivateNotification)
    HAL_CAN_ConfigFilter                     0x080003e5   Thumb Code   262  stm32f4xx_hal_can.o(i.HAL_CAN_ConfigFilter)
    HAL_CAN_ErrorCallback                    0x080004f1   Thumb Code     2  stm32f4xx_hal_can.o(i.HAL_CAN_ErrorCallback)
    HAL_CAN_GetRxFifoFillLevel               0x080004f5   Thumb Code    34  stm32f4xx_hal_can.o(i.HAL_CAN_GetRxFifoFillLevel)
    HAL_CAN_GetRxMessage                     0x08000517   Thumb Code   232  stm32f4xx_hal_can.o(i.HAL_CAN_GetRxMessage)
    HAL_CAN_IRQHandler                       0x080005ff   Thumb Code   508  stm32f4xx_hal_can.o(i.HAL_CAN_IRQHandler)
    HAL_CAN_Init                             0x080007fb   Thumb Code   282  stm32f4xx_hal_can.o(i.HAL_CAN_Init)
    HAL_CAN_MspInit                          0x08000915   Thumb Code   110  can.o(i.HAL_CAN_MspInit)
    HAL_CAN_RxFifo0FullCallback              0x08000991   Thumb Code     2  stm32f4xx_hal_can.o(i.HAL_CAN_RxFifo0FullCallback)
    HAL_CAN_RxFifo0MsgPendingCallback        0x08000995   Thumb Code   390  bsp_can_driver.o(i.HAL_CAN_RxFifo0MsgPendingCallback)
    HAL_CAN_RxFifo1FullCallback              0x08000b29   Thumb Code     2  stm32f4xx_hal_can.o(i.HAL_CAN_RxFifo1FullCallback)
    HAL_CAN_RxFifo1MsgPendingCallback        0x08000b2b   Thumb Code     2  stm32f4xx_hal_can.o(i.HAL_CAN_RxFifo1MsgPendingCallback)
    HAL_CAN_SleepCallback                    0x08000b2d   Thumb Code     2  stm32f4xx_hal_can.o(i.HAL_CAN_SleepCallback)
    HAL_CAN_Start                            0x08000b31   Thumb Code    88  stm32f4xx_hal_can.o(i.HAL_CAN_Start)
    HAL_CAN_TxMailbox0AbortCallback          0x08000b89   Thumb Code     2  stm32f4xx_hal_can.o(i.HAL_CAN_TxMailbox0AbortCallback)
    HAL_CAN_TxMailbox0CompleteCallback       0x08000b8b   Thumb Code     2  stm32f4xx_hal_can.o(i.HAL_CAN_TxMailbox0CompleteCallback)
    HAL_CAN_TxMailbox1AbortCallback          0x08000b8d   Thumb Code     2  stm32f4xx_hal_can.o(i.HAL_CAN_TxMailbox1AbortCallback)
    HAL_CAN_TxMailbox1CompleteCallback       0x08000b8f   Thumb Code     2  stm32f4xx_hal_can.o(i.HAL_CAN_TxMailbox1CompleteCallback)
    HAL_CAN_TxMailbox2AbortCallback          0x08000b91   Thumb Code     2  stm32f4xx_hal_can.o(i.HAL_CAN_TxMailbox2AbortCallback)
    HAL_CAN_TxMailbox2CompleteCallback       0x08000b93   Thumb Code     2  stm32f4xx_hal_can.o(i.HAL_CAN_TxMailbox2CompleteCallback)
    HAL_CAN_WakeUpFromRxMsgCallback          0x08000b95   Thumb Code     2  stm32f4xx_hal_can.o(i.HAL_CAN_WakeUpFromRxMsgCallback)
    HAL_GPIO_Init                            0x08000b99   Thumb Code   388  stm32f4xx_hal_gpio.o(i.HAL_GPIO_Init)
    HAL_GPIO_WritePin                        0x08000d49   Thumb Code    10  stm32f4xx_hal_gpio.o(i.HAL_GPIO_WritePin)
    HAL_GetTick                              0x08000d55   Thumb Code     6  stm32f4xx_hal.o(i.HAL_GetTick)
    HAL_IncTick                              0x08000d61   Thumb Code    12  stm32f4xx_hal.o(i.HAL_IncTick)
    HAL_Init                                 0x08000d71   Thumb Code    48  stm32f4xx_hal.o(i.HAL_Init)
    HAL_InitTick                             0x08000da5   Thumb Code    54  stm32f4xx_hal.o(i.HAL_InitTick)
    HAL_MspInit                              0x08000de5   Thumb Code    52  stm32f4xx_hal_msp.o(i.HAL_MspInit)
    HAL_NVIC_EnableIRQ                       0x08000e1d   Thumb Code    26  stm32f4xx_hal_cortex.o(i.HAL_NVIC_EnableIRQ)
    HAL_NVIC_SetPriority                     0x08000e39   Thumb Code    60  stm32f4xx_hal_cortex.o(i.HAL_NVIC_SetPriority)
    HAL_NVIC_SetPriorityGrouping             0x08000e79   Thumb Code    26  stm32f4xx_hal_cortex.o(i.HAL_NVIC_SetPriorityGrouping)
    HAL_RCC_ClockConfig                      0x08000e9d   Thumb Code   286  stm32f4xx_hal_rcc.o(i.HAL_RCC_ClockConfig)
    HAL_RCC_GetSysClockFreq                  0x08000fcd   Thumb Code    88  stm32f4xx_hal_rcc.o(i.HAL_RCC_GetSysClockFreq)
    HAL_RCC_OscConfig                        0x0800102d   Thumb Code   770  stm32f4xx_hal_rcc.o(i.HAL_RCC_OscConfig)
    HAL_SYSTICK_Config                       0x08001349   Thumb Code    40  stm32f4xx_hal_cortex.o(i.HAL_SYSTICK_Config)
    HardFault_Handler                        0x08001371   Thumb Code     2  stm32f4xx_it.o(i.HardFault_Handler)
    MX_CAN1_Init                             0x08001375   Thumb Code    62  can.o(i.MX_CAN1_Init)
    MX_GPIO_Init                             0x080013bd   Thumb Code   100  gpio.o(i.MX_GPIO_Init)
    MemManage_Handler                        0x08001429   Thumb Code     2  stm32f4xx_it.o(i.MemManage_Handler)
    NMI_Handler                              0x0800142b   Thumb Code     2  stm32f4xx_it.o(i.NMI_Handler)
    SysTick_Handler                          0x0800142d   Thumb Code    24  stm32f4xx_it.o(i.SysTick_Handler)
    SystemClock_Config                       0x08001445   Thumb Code   122  main.o(i.SystemClock_Config)
    SystemInit                               0x080014c9   Thumb Code    66  system_stm32f4xx.o(i.SystemInit)
    UsageFault_Handler                       0x0800151d   Thumb Code     2  stm32f4xx_it.o(i.UsageFault_Handler)
    __scatterload_copy                       0x0800153f   Thumb Code    14  handlers.o(i.__scatterload_copy)
    __scatterload_null                       0x0800154d   Thumb Code     2  handlers.o(i.__scatterload_null)
    __scatterload_zeroinit                   0x0800154f   Thumb Code    14  handlers.o(i.__scatterload_zeroinit)
    main                                     0x0800155d   Thumb Code    22  main.o(i.main)
    uxListRemove                             0x08001595   Thumb Code    38  list.o(i.uxListRemove)
    vListInsertEnd                           0x080015bb   Thumb Code    24  list.o(i.vListInsertEnd)
    vTaskSwitchContext                       0x080015d5   Thumb Code    82  tasks.o(i.vTaskSwitchContext)
    xPortSysTickHandler                      0x08001631   Thumb Code    38  port.o(i.xPortSysTickHandler)
    xTaskGetSchedulerState                   0x0800165d   Thumb Code    22  tasks.o(i.xTaskGetSchedulerState)
    xTaskIncrementTick                       0x08001679   Thumb Code   192  tasks.o(i.xTaskIncrementTick)
    AHBPrescTable                            0x08001740   Data          16  system_stm32f4xx.o(.constdata)
    Region$$Table$$Base                      0x08001750   Number         0  anon$$obj.o(Region$$Table)
    Region$$Table$$Limit                     0x08001770   Number         0  anon$$obj.o(Region$$Table)
    uwTickFreq                               0x20000000   Data           1  stm32f4xx_hal.o(.data)
    uwTickPrio                               0x20000004   Data           4  stm32f4xx_hal.o(.data)
    uwTick                                   0x20000008   Data           4  stm32f4xx_hal.o(.data)
    SystemCoreClock                          0x2000000c   Data           4  system_stm32f4xx.o(.data)
    pxCurrentTCB                             0x20000010   Data           4  tasks.o(.data)
    send_buf                                 0x2000004c   Data           5  bsp_can_driver.o(.data)
    CAN1_RxData                              0x20000059   Data           8  bsp_can_driver.o(.data)
    hcan1                                    0x20000064   Data          40  can.o(.bss)
    Bsp_CAN1_Rx                              0x20000194   Data          28  bsp_can_driver.o(.bss)
    motor_data                               0x200001b0   Data         120  bsp_can_driver.o(.bss)
    __initial_sp                             0x20000628   Data           0  startup_stm32f405xx.o(STACK)



==============================================================================

Memory Map of the image

  Image Entry point : 0x08000189

  Load Region LR_IROM1 (Base: 0x08000000, Size: 0x000017d4, Max: 0x00100000, ABSOLUTE)

    Execution Region ER_IROM1 (Exec base: 0x08000000, Load base: 0x08000000, Size: 0x00001770, Max: 0x00100000, ABSOLUTE)

    Exec Addr    Load Addr    Size         Type   Attr      Idx    E Section Name        Object

    0x08000000   0x08000000   0x00000188   Data   RO            3    RESET               startup_stm32f405xx.o
    0x08000188   0x08000188   0x00000000   Code   RO         3167  * .ARM.Collect$$$$00000000  mc_w.l(entry.o)
    0x08000188   0x08000188   0x00000004   Code   RO         3180    .ARM.Collect$$$$00000001  mc_w.l(entry2.o)
    0x0800018c   0x0800018c   0x00000004   Code   RO         3183    .ARM.Collect$$$$00000004  mc_w.l(entry5.o)
    0x08000190   0x08000190   0x00000000   Code   RO         3185    .ARM.Collect$$$$00000008  mc_w.l(entry7b.o)
    0x08000190   0x08000190   0x00000000   Code   RO         3187    .ARM.Collect$$$$0000000A  mc_w.l(entry8b.o)
    0x08000190   0x08000190   0x00000008   Code   RO         3188    .ARM.Collect$$$$0000000B  mc_w.l(entry9a.o)
    0x08000198   0x08000198   0x00000000   Code   RO         3190    .ARM.Collect$$$$0000000D  mc_w.l(entry10a.o)
    0x08000198   0x08000198   0x00000000   Code   RO         3192    .ARM.Collect$$$$0000000F  mc_w.l(entry11a.o)
    0x08000198   0x08000198   0x00000004   Code   RO         3181    .ARM.Collect$$$$00002712  mc_w.l(entry2.o)
    0x0800019c   0x0800019c   0x000000be   Code   RO         3026    .emb_text           port.o
    0x0800025a   0x0800025a   0x00000002   PAD
    0x0800025c   0x0800025c   0x00000024   Code   RO            4    .text               startup_stm32f405xx.o
    0x08000280   0x08000280   0x00000062   Code   RO         3170    .text               mc_w.l(uldiv.o)
    0x080002e2   0x080002e2   0x00000024   Code   RO         3176    .text               mc_w.l(memseta.o)
    0x08000306   0x08000306   0x0000001e   Code   RO         3194    .text               mc_w.l(llshl.o)
    0x08000324   0x08000324   0x00000020   Code   RO         3196    .text               mc_w.l(llushr.o)
    0x08000344   0x08000344   0x00000024   Code   RO         3198    .text               mc_w.l(init.o)
    0x08000368   0x08000368   0x00000002   Code   RO          308    i.BusFault_Handler  stm32f4xx_it.o
    0x0800036a   0x0800036a   0x00000002   PAD
    0x0800036c   0x0800036c   0x0000000c   Code   RO          309    i.CAN1_RX0_IRQHandler  stm32f4xx_it.o
    0x08000378   0x08000378   0x00000044   Code   RO         3106    i.CAN_Init_All      bsp_can_driver.o
    0x080003bc   0x080003bc   0x00000002   Code   RO          310    i.DebugMon_Handler  stm32f4xx_it.o
    0x080003be   0x080003be   0x00000002   Code   RO           13    i.Error_Handler     main.o
    0x080003c0   0x080003c0   0x00000024   Code   RO          403    i.HAL_CAN_ActivateNotification  stm32f4xx_hal_can.o
    0x080003e4   0x080003e4   0x0000010c   Code   RO          405    i.HAL_CAN_ConfigFilter  stm32f4xx_hal_can.o
    0x080004f0   0x080004f0   0x00000002   Code   RO          408    i.HAL_CAN_ErrorCallback  stm32f4xx_hal_can.o
    0x080004f2   0x080004f2   0x00000002   PAD
    0x080004f4   0x080004f4   0x00000022   Code   RO          410    i.HAL_CAN_GetRxFifoFillLevel  stm32f4xx_hal_can.o
    0x08000516   0x08000516   0x000000e8   Code   RO          411    i.HAL_CAN_GetRxMessage  stm32f4xx_hal_can.o
    0x080005fe   0x080005fe   0x000001fc   Code   RO          415    i.HAL_CAN_IRQHandler  stm32f4xx_hal_can.o
    0x080007fa   0x080007fa   0x0000011a   Code   RO          416    i.HAL_CAN_Init      stm32f4xx_hal_can.o
    0x08000914   0x08000914   0x0000007c   Code   RO          217    i.HAL_CAN_MspInit   can.o
    0x08000990   0x08000990   0x00000002   Code   RO          423    i.HAL_CAN_RxFifo0FullCallback  stm32f4xx_hal_can.o
    0x08000992   0x08000992   0x00000002   PAD
    0x08000994   0x08000994   0x00000194   Code   RO         3107    i.HAL_CAN_RxFifo0MsgPendingCallback  bsp_can_driver.o
    0x08000b28   0x08000b28   0x00000002   Code   RO          425    i.HAL_CAN_RxFifo1FullCallback  stm32f4xx_hal_can.o
    0x08000b2a   0x08000b2a   0x00000002   Code   RO          426    i.HAL_CAN_RxFifo1MsgPendingCallback  stm32f4xx_hal_can.o
    0x08000b2c   0x08000b2c   0x00000002   Code   RO          427    i.HAL_CAN_SleepCallback  stm32f4xx_hal_can.o
    0x08000b2e   0x08000b2e   0x00000002   PAD
    0x08000b30   0x08000b30   0x00000058   Code   RO          428    i.HAL_CAN_Start     stm32f4xx_hal_can.o
    0x08000b88   0x08000b88   0x00000002   Code   RO          430    i.HAL_CAN_TxMailbox0AbortCallback  stm32f4xx_hal_can.o
    0x08000b8a   0x08000b8a   0x00000002   Code   RO          431    i.HAL_CAN_TxMailbox0CompleteCallback  stm32f4xx_hal_can.o
    0x08000b8c   0x08000b8c   0x00000002   Code   RO          432    i.HAL_CAN_TxMailbox1AbortCallback  stm32f4xx_hal_can.o
    0x08000b8e   0x08000b8e   0x00000002   Code   RO          433    i.HAL_CAN_TxMailbox1CompleteCallback  stm32f4xx_hal_can.o
    0x08000b90   0x08000b90   0x00000002   Code   RO          434    i.HAL_CAN_TxMailbox2AbortCallback  stm32f4xx_hal_can.o
    0x08000b92   0x08000b92   0x00000002   Code   RO          435    i.HAL_CAN_TxMailbox2CompleteCallback  stm32f4xx_hal_can.o
    0x08000b94   0x08000b94   0x00000002   Code   RO          437    i.HAL_CAN_WakeUpFromRxMsgCallback  stm32f4xx_hal_can.o
    0x08000b96   0x08000b96   0x00000002   PAD
    0x08000b98   0x08000b98   0x000001b0   Code   RO         1027    i.HAL_GPIO_Init     stm32f4xx_hal_gpio.o
    0x08000d48   0x08000d48   0x0000000a   Code   RO         1031    i.HAL_GPIO_WritePin  stm32f4xx_hal_gpio.o
    0x08000d52   0x08000d52   0x00000002   PAD
    0x08000d54   0x08000d54   0x0000000c   Code   RO         1559    i.HAL_GetTick       stm32f4xx_hal.o
    0x08000d60   0x08000d60   0x00000010   Code   RO         1565    i.HAL_IncTick       stm32f4xx_hal.o
    0x08000d70   0x08000d70   0x00000034   Code   RO         1566    i.HAL_Init          stm32f4xx_hal.o
    0x08000da4   0x08000da4   0x00000040   Code   RO         1567    i.HAL_InitTick      stm32f4xx_hal.o
    0x08000de4   0x08000de4   0x00000038   Code   RO          378    i.HAL_MspInit       stm32f4xx_hal_msp.o
    0x08000e1c   0x08000e1c   0x0000001a   Code   RO         1416    i.HAL_NVIC_EnableIRQ  stm32f4xx_hal_cortex.o
    0x08000e36   0x08000e36   0x00000002   PAD
    0x08000e38   0x08000e38   0x00000040   Code   RO         1422    i.HAL_NVIC_SetPriority  stm32f4xx_hal_cortex.o
    0x08000e78   0x08000e78   0x00000024   Code   RO         1423    i.HAL_NVIC_SetPriorityGrouping  stm32f4xx_hal_cortex.o
    0x08000e9c   0x08000e9c   0x00000130   Code   RO          673    i.HAL_RCC_ClockConfig  stm32f4xx_hal_rcc.o
    0x08000fcc   0x08000fcc   0x00000060   Code   RO          682    i.HAL_RCC_GetSysClockFreq  stm32f4xx_hal_rcc.o
    0x0800102c   0x0800102c   0x0000031c   Code   RO          685    i.HAL_RCC_OscConfig  stm32f4xx_hal_rcc.o
    0x08001348   0x08001348   0x00000028   Code   RO         1427    i.HAL_SYSTICK_Config  stm32f4xx_hal_cortex.o
    0x08001370   0x08001370   0x00000002   Code   RO          311    i.HardFault_Handler  stm32f4xx_it.o
    0x08001372   0x08001372   0x00000002   PAD
    0x08001374   0x08001374   0x00000048   Code   RO          218    i.MX_CAN1_Init      can.o
    0x080013bc   0x080013bc   0x0000006c   Code   RO          192    i.MX_GPIO_Init      gpio.o
    0x08001428   0x08001428   0x00000002   Code   RO          312    i.MemManage_Handler  stm32f4xx_it.o
    0x0800142a   0x0800142a   0x00000002   Code   RO          313    i.NMI_Handler       stm32f4xx_it.o
    0x0800142c   0x0800142c   0x00000018   Code   RO          314    i.SysTick_Handler   stm32f4xx_it.o
    0x08001444   0x08001444   0x00000084   Code   RO           14    i.SystemClock_Config  main.o
    0x080014c8   0x080014c8   0x00000054   Code   RO         1802    i.SystemInit        system_stm32f4xx.o
    0x0800151c   0x0800151c   0x00000002   Code   RO          315    i.UsageFault_Handler  stm32f4xx_it.o
    0x0800151e   0x0800151e   0x00000020   Code   RO         1429    i.__NVIC_SetPriority  stm32f4xx_hal_cortex.o
    0x0800153e   0x0800153e   0x0000000e   Code   RO         3202    i.__scatterload_copy  mc_w.l(handlers.o)
    0x0800154c   0x0800154c   0x00000002   Code   RO         3203    i.__scatterload_null  mc_w.l(handlers.o)
    0x0800154e   0x0800154e   0x0000000e   Code   RO         3204    i.__scatterload_zeroinit  mc_w.l(handlers.o)
    0x0800155c   0x0800155c   0x00000016   Code   RO           15    i.main              main.o
    0x08001572   0x08001572   0x00000002   PAD
    0x08001574   0x08001574   0x00000020   Code   RO         2300    i.prvResetNextTaskUnblockTime  tasks.o
    0x08001594   0x08001594   0x00000026   Code   RO         1940    i.uxListRemove      list.o
    0x080015ba   0x080015ba   0x00000018   Code   RO         1944    i.vListInsertEnd    list.o
    0x080015d2   0x080015d2   0x00000002   PAD
    0x080015d4   0x080015d4   0x0000005c   Code   RO         2324    i.vTaskSwitchContext  tasks.o
    0x08001630   0x08001630   0x0000002c   Code   RO         3035    i.xPortSysTickHandler  port.o
    0x0800165c   0x0800165c   0x0000001c   Code   RO         2331    i.xTaskGetSchedulerState  tasks.o
    0x08001678   0x08001678   0x000000c8   Code   RO         2334    i.xTaskIncrementTick  tasks.o
    0x08001740   0x08001740   0x00000010   Data   RO         1803    .constdata          system_stm32f4xx.o
    0x08001750   0x08001750   0x00000020   Data   RO         3200    Region$$Table       anon$$obj.o


    Execution Region RW_IRAM1 (Exec base: 0x20000000, Load base: 0x08001770, Size: 0x00000628, Max: 0x00020000, ABSOLUTE)

    Exec Addr    Load Addr    Size         Type   Attr      Idx    E Section Name        Object

    0x20000000   0x08001770   0x0000000c   Data   RW         1573    .data               stm32f4xx_hal.o
    0x2000000c   0x0800177c   0x00000004   Data   RW         1805    .data               system_stm32f4xx.o
    0x20000010   0x08001780   0x0000003c   Data   RW         2343    .data               tasks.o
    0x2000004c   0x080017bc   0x00000015   Data   RW         3110    .data               bsp_can_driver.o
    0x20000061   0x080017d1   0x00000003   PAD
    0x20000064        -       0x00000028   Zero   RW          219    .bss                can.o
    0x2000008c        -       0x000000f0   Zero   RW         2342    .bss                tasks.o
    0x2000017c        -       0x000000ac   Zero   RW         3109    .bss                bsp_can_driver.o
    0x20000228        -       0x00000400   Zero   RW            1    STACK               startup_stm32f405xx.o


==============================================================================

Image component sizes


      Code (inc. data)   RO Data    RW Data    ZI Data      Debug   Object Name

       472         18          0         21        172       3252   bsp_can_driver.o
       196         24          0          0         40       1645   can.o
         0          0          0          0          0      18120   event_groups.o
       108          8          0          0          0        887   gpio.o
        62          0          0          0          0       1688   list.o
       156         10          0          0          0     608556   main.o
       234         22          0          0          0       4010   port.o
        36          8        392          0       1024        832   startup_stm32f405xx.o
       144         24          0         12          0       3917   stm32f4xx_hal.o
      1472          6          0          0          0      13885   stm32f4xx_hal_can.o
       198         14          0          0          0      33935   stm32f4xx_hal_cortex.o
       442         44          0          0          0       2416   stm32f4xx_hal_gpio.o
        56          4          0          0          0        834   stm32f4xx_hal_msp.o
      1196         52          0          0          0       3946   stm32f4xx_hal_rcc.o
        48          6          0          0          0       3705   stm32f4xx_it.o
        84         18         16          4          0       1147   system_stm32f4xx.o
       352         30          0         60        240       7417   tasks.o

    ----------------------------------------------------------------------
      5278        288        440        100       1476     710192   Object Totals
         0          0         32          0          0          0   (incl. Generated)
        22          0          0          3          0          0   (incl. Padding)

    ----------------------------------------------------------------------

      Code (inc. data)   RO Data    RW Data    ZI Data      Debug   Library Member Name

         0          0          0          0          0          0   entry.o
         0          0          0          0          0          0   entry10a.o
         0          0          0          0          0          0   entry11a.o
         8          4          0          0          0          0   entry2.o
         4          0          0          0          0          0   entry5.o
         0          0          0          0          0          0   entry7b.o
         0          0          0          0          0          0   entry8b.o
         8          4          0          0          0          0   entry9a.o
        30          0          0          0          0          0   handlers.o
        36          8          0          0          0         68   init.o
        30          0          0          0          0         68   llshl.o
        32          0          0          0          0         68   llushr.o
        36          0          0          0          0        108   memseta.o
        98          0          0          0          0         92   uldiv.o

    ----------------------------------------------------------------------
       282         16          0          0          0        404   Library Totals
         0          0          0          0          0          0   (incl. Padding)

    ----------------------------------------------------------------------

      Code (inc. data)   RO Data    RW Data    ZI Data      Debug   Library Name

       282         16          0          0          0        404   mc_w.l

    ----------------------------------------------------------------------
       282         16          0          0          0        404   Library Totals

    ----------------------------------------------------------------------

==============================================================================


      Code (inc. data)   RO Data    RW Data    ZI Data      Debug   

      5560        304        440        100       1476     705396   Grand Totals
      5560        304        440        100       1476     705396   ELF Image Totals
      5560        304        440        100          0          0   ROM Totals

==============================================================================

    Total RO  Size (Code + RO Data)                 6000 (   5.86kB)
    Total RW  Size (RW Data + ZI Data)              1576 (   1.54kB)
    Total ROM Size (Code + RO Data + RW Data)       6100 (   5.96kB)

==============================================================================

