Component: ARM Compiler 5.06 update 6 (build 750) Tool: armlink [4d35ed]

==============================================================================

Section Cross References

    startup_stm32f405xx.o(STACK) refers (Special) to heapauxi.o(.text) for __use_two_region_memory
    startup_stm32f405xx.o(HEAP) refers (Special) to heapauxi.o(.text) for __use_two_region_memory
    startup_stm32f405xx.o(RESET) refers (Special) to heapauxi.o(.text) for __use_two_region_memory
    startup_stm32f405xx.o(RESET) refers to startup_stm32f405xx.o(STACK) for __initial_sp
    startup_stm32f405xx.o(RESET) refers to startup_stm32f405xx.o(.text) for Reset_Handler
    startup_stm32f405xx.o(RESET) refers to stm32f4xx_it.o(i.NMI_Handler) for NMI_Handler
    startup_stm32f405xx.o(RESET) refers to stm32f4xx_it.o(i.HardFault_Handler) for HardFault_Handler
    startup_stm32f405xx.o(RESET) refers to stm32f4xx_it.o(i.MemManage_Handler) for MemManage_Handler
    startup_stm32f405xx.o(RESET) refers to stm32f4xx_it.o(i.BusFault_Handler) for BusFault_Handler
    startup_stm32f405xx.o(RESET) refers to stm32f4xx_it.o(i.UsageFault_Handler) for UsageFault_Handler
    startup_stm32f405xx.o(RESET) refers to port.o(.emb_text) for SVC_Handler
    startup_stm32f405xx.o(RESET) refers to stm32f4xx_it.o(i.DebugMon_Handler) for DebugMon_Handler
    startup_stm32f405xx.o(RESET) refers to port.o(i.SysTick_Handler) for SysTick_Handler
    startup_stm32f405xx.o(RESET) refers to stm32f4xx_it.o(i.DMA1_Stream1_IRQHandler) for DMA1_Stream1_IRQHandler
    startup_stm32f405xx.o(RESET) refers to stm32f4xx_it.o(i.CAN1_RX0_IRQHandler) for CAN1_RX0_IRQHandler
    startup_stm32f405xx.o(RESET) refers to stm32f4xx_it.o(i.USART3_IRQHandler) for USART3_IRQHandler
    startup_stm32f405xx.o(RESET) refers to stm32f4xx_it.o(i.TIM8_TRG_COM_TIM14_IRQHandler) for TIM8_TRG_COM_TIM14_IRQHandler
    startup_stm32f405xx.o(RESET) refers to stm32f4xx_it.o(i.DMA2_Stream0_IRQHandler) for DMA2_Stream0_IRQHandler
    startup_stm32f405xx.o(RESET) refers to stm32f4xx_it.o(i.CAN2_RX0_IRQHandler) for CAN2_RX0_IRQHandler
    startup_stm32f405xx.o(.text) refers (Special) to heapauxi.o(.text) for __use_two_region_memory
    startup_stm32f405xx.o(.text) refers to system_stm32f4xx.o(i.SystemInit) for SystemInit
    startup_stm32f405xx.o(.text) refers to __main.o(!!!main) for __main
    startup_stm32f405xx.o(.text) refers to startup_stm32f405xx.o(HEAP) for Heap_Mem
    startup_stm32f405xx.o(.text) refers to startup_stm32f405xx.o(STACK) for Stack_Mem
    main.o(i.HAL_TIM_PeriodElapsedCallback) refers to stm32f4xx_hal.o(i.HAL_IncTick) for HAL_IncTick
    main.o(i._Z18SystemClock_Configv) refers to rt_memclr_w.o(.text) for __aeabi_memclr4
    main.o(i._Z18SystemClock_Configv) refers to stm32f4xx_hal_rcc.o(i.HAL_RCC_OscConfig) for HAL_RCC_OscConfig
    main.o(i._Z18SystemClock_Configv) refers to main.o(i.Error_Handler) for Error_Handler
    main.o(i._Z18SystemClock_Configv) refers to stm32f4xx_hal_rcc.o(i.HAL_RCC_ClockConfig) for HAL_RCC_ClockConfig
    main.o(i.main) refers to stm32f4xx_hal.o(i.HAL_Init) for HAL_Init
    main.o(i.main) refers to main.o(i._Z18SystemClock_Configv) for SystemClock_Config()
    main.o(i.main) refers to gpio.o(i.MX_GPIO_Init) for MX_GPIO_Init
    main.o(i.main) refers to dma.o(i.MX_DMA_Init) for MX_DMA_Init
    main.o(i.main) refers to adc.o(i.MX_ADC1_Init) for MX_ADC1_Init
    main.o(i.main) refers to can.o(i.MX_CAN1_Init) for MX_CAN1_Init
    main.o(i.main) refers to can.o(i.MX_CAN2_Init) for MX_CAN2_Init
    main.o(i.main) refers to tim.o(i.MX_TIM2_Init) for MX_TIM2_Init
    main.o(i.main) refers to usart.o(i.MX_USART3_UART_Init) for MX_USART3_UART_Init
    main.o(i.main) refers to freertos.o(i._Z16MX_FREERTOS_Initv) for MX_FREERTOS_Init()
    main.o(i.main) refers to cmsis_os.o(i.osKernelStart) for osKernelStart
    main.o(.ARM.exidx) refers to main.o(i.Error_Handler) for i.Error_Handler
    main.o(.ARM.exidx) refers to main.o(i._Z18SystemClock_Configv) for i._Z18SystemClock_Configv
    main.o(.ARM.exidx) refers to main.o(i.main) for i.main
    main.o(.ARM.exidx) refers to main.o(i.HAL_TIM_PeriodElapsedCallback) for i.HAL_TIM_PeriodElapsedCallback
    gpio.o(i.MX_GPIO_Init) refers to rt_memclr_w.o(.text) for __aeabi_memclr4
    gpio.o(i.MX_GPIO_Init) refers to stm32f4xx_hal_gpio.o(i.HAL_GPIO_WritePin) for HAL_GPIO_WritePin
    gpio.o(i.MX_GPIO_Init) refers to stm32f4xx_hal_gpio.o(i.HAL_GPIO_Init) for HAL_GPIO_Init
    gpio.o(.ARM.exidx) refers to gpio.o(i.MX_GPIO_Init) for i.MX_GPIO_Init
    adc.o(i.HAL_ADC_MspDeInit) refers to stm32f4xx_hal_gpio.o(i.HAL_GPIO_DeInit) for HAL_GPIO_DeInit
    adc.o(i.HAL_ADC_MspDeInit) refers to stm32f4xx_hal_dma.o(i.HAL_DMA_DeInit) for HAL_DMA_DeInit
    adc.o(i.HAL_ADC_MspInit) refers to rt_memclr_w.o(.text) for __aeabi_memclr4
    adc.o(i.HAL_ADC_MspInit) refers to stm32f4xx_hal_gpio.o(i.HAL_GPIO_Init) for HAL_GPIO_Init
    adc.o(i.HAL_ADC_MspInit) refers to stm32f4xx_hal_dma.o(i.HAL_DMA_Init) for HAL_DMA_Init
[...]
    x$fpl$fretinf                            0x08005c90   Section       10  fretinf.o(x$fpl$fretinf)
    $v0                                      0x08005c90   Number         0  fretinf.o(x$fpl$fretinf)
    x$fpl$usenofp                            0x08005c9a   Section        0  usenofp.o(x$fpl$usenofp)
    .constdata                               0x08005c9c   Section       40  freertos.o(.constdata)
    .constdata                               0x08005cc4   Section        8  stm32f4xx_hal_dma.o(.constdata)
    [local to stm32f4xx_hal_dma_c]::DMA_CalcBaseAndBitshift(__DMA_HandleTypeDef*)::flagBitshiftOffset 0x08005cc4   Data           8  stm32f4xx_hal_dma.o(.constdata)
    .constdata                               0x08005ccc   Section       24  system_stm32f4xx.o(.constdata)
    .constdata                               0x08005ce4   Section       20  task_create.o(.constdata)
    .constdata__ZTV5motor                    0x08005cf8   Section       36  car_driver.o(.constdata__ZTV5motor)
    .constdata__ZTV7manager                  0x08005d1c   Section       20  car_driver.o(.constdata__ZTV7manager)
    .constdata__ZTV9softmotor                0x08005d30   Section       36  car_driver.o(.constdata__ZTV9softmotor)
    .conststring                             0x08005d54   Section       24  freertos.o(.conststring)
    .conststring                             0x08005d6c   Section        9  task_create.o(.conststring)
    .init_array                              0x08005d98   Section        4  app_mode.o(.init_array)
    .init_array                              0x08005d9c   Section        0  init_aeabi.o(.init_array)
    .data                                    0x20000000   Section        4  can.o(.data)
    HAL_RCC_CAN1_CLK_ENABLED                 0x20000000   Data           4  can.o(.data)
    .data                                    0x20000004   Section        8  freertos.o(.data)
    .data                                    0x2000000c   Section        9  stm32f4xx_hal.o(.data)
    .data                                    0x20000018   Section        4  system_stm32f4xx.o(.data)
    .data                                    0x2000001c   Section       60  tasks.o(.data)
    pxDelayedTaskList                        0x20000020   Data           4  tasks.o(.data)
    pxOverflowDelayedTaskList                0x20000024   Data           4  tasks.o(.data)
    uxDeletedTasksWaitingCleanUp             0x20000028   Data           4  tasks.o(.data)
    uxCurrentNumberOfTasks                   0x2000002c   Data           4  tasks.o(.data)
    xTickCount                               0x20000030   Data           4  tasks.o(.data)
    uxTopReadyPriority                       0x20000034   Data           4  tasks.o(.data)
    xSchedulerRunning                        0x20000038   Data           4  tasks.o(.data)
    uxPendedTicks                            0x2000003c   Data           4  tasks.o(.data)
    xYieldPending                            0x20000040   Data           4  tasks.o(.data)
    xNumOfOverflows                          0x20000044   Data           4  tasks.o(.data)
    uxTaskNumber                             0x20000048   Data           4  tasks.o(.data)
    xNextTaskUnblockTime                     0x2000004c   Data           4  tasks.o(.data)
    xIdleTaskHandle                          0x20000050   Data           4  tasks.o(.data)
    uxSchedulerSuspended                     0x20000054   Data           4  tasks.o(.data)
    .data                                    0x20000058   Section       24  heap_4.o(.data)
    xStart                                   0x20000058   Data           8  heap_4.o(.data)
    pxEnd                                    0x20000060   Data           4  heap_4.o(.data)
    xFreeBytesRemaining                      0x20000064   Data           4  heap_4.o(.data)
    xMinimumEverFreeBytesRemaining           0x20000068   Data           4  heap_4.o(.data)
    xBlockAllocatedBit                       0x2000006c   Data           4  heap_4.o(.data)
    .data                                    0x20000070   Section       12  port.o(.data)
    uxCriticalNesting                        0x20000070   Data           4  port.o(.data)
    ucMaxSysCallPriority                     0x20000074   Data           1  port.o(.data)
    ulMaxPRIGROUPValue                       0x20000078   Data           4  port.o(.data)
    .data                                    0x2000007c   Section       30  app_mode.o(.data)
    .data                                    0x2000009c   Section       16  car_driver.o(.data)
    .data                                    0x200000ac   Section        4  task_create.o(.data)
    .data                                    0x200000b0   Section        8  task_main.o(.data)
    Air_Flag                                 0x200000b0   Data           1  task_main.o(.data)
    MainTask(const void*)::xLastWakeTime     0x200000b4   Data           4  task_main.o(.data)
    .bss                                     0x200000b8   Section      168  adc.o(.bss)
    .bss                                     0x20000160   Section       80  can.o(.bss)
    .bss                                     0x200001b0   Section       64  tim.o(.bss)
    .bss                                     0x200001f0   Section      160  usart.o(.bss)
    .bss                                     0x20000290   Section       64  stm32f4xx_hal_timebase_tim.o(.bss)
    .bss                                     0x200002d0   Section      240  tasks.o(.bss)
    pxReadyTasksLists                        0x200002d0   Data         140  tasks.o(.bss)
    xDelayedTaskList1                        0x2000035c   Data          20  tasks.o(.bss)
    xDelayedTaskList2                        0x20000370   Data          20  tasks.o(.bss)
    xPendingReadyList                        0x20000384   Data          20  tasks.o(.bss)
    xTasksWaitingTermination                 0x20000398   Data          20  tasks.o(.bss)
    xSuspendedTaskList                       0x200003ac   Data          20  tasks.o(.bss)
    .bss                                     0x200003c0   Section    15360  heap_4.o(.bss)
    ucHeap                                   0x200003c0   Data       15360  heap_4.o(.bss)
    .bss                                     0x20003fc0   Section      352  app_mode.o(.bss)
    .bss                                     0x20004120   Section      188  bsp_can.o(.bss)
    HAL_CAN_RxFifo0MsgPendingCallback::bsp_can_Rx 0x200041c0   Data          28  bsp_can.o(.bss)
    .bss                                     0x200041dc   Section       96  car_driver.o(.bss)
    .bss                                     0x2000423c   Section       96  libspace.o(.bss)
    HEAP                                     0x200042a0   Section      512  startup_stm32f405xx.o(HEAP)
    Heap_Mem                                 0x200042a0   Data         512  startup_stm32f405xx.o(HEAP)
    STACK                                    0x200044a0   Section     1024  startup_stm32f405xx.o(STACK)
    Stack_Mem                                0x200044a0   Data        1024  startup_stm32f405xx.o(STACK)
    __initial_sp                             0x200048a0   Data           0  startup_stm32f405xx.o(STACK)

    Global Symbols

    Symbol Name                              Value     Ov Type        Size  Object(Section)

    BuildAttributes$$THM_ISAv4$E$P$D$K$B$S$7EM$VFPi3$EXTD16$VFPS$VFMA$PE$A:L22UL41UL21$X:L11$S22US41US21$IEEE1$IW$USESV6$~STKCKD$USESV7$~SHL$OTIME$ROPI$IEEEX$EBA8$UX$STANDARDLIB$REQ8$PRES8$EABIv2 0x00000000   Number         0  anon$$obj.o ABSOLUTE
    __ARM_use_no_argv                        0x00000000   Number         0  main.o ABSOLUTE
    __ARM::default_unexpected_handler()       - Undefined Weak Reference
    __ARM_exceptions_buffer_required          - Undefined Weak Reference
    __ARM_exceptions_init                     - Undefined Weak Reference
    __alloca_initialize                       - Undefined Weak Reference
    __arm_preinit_                            - Undefined Weak Reference
    __cxa_finalize                            - Undefined Weak Reference
    __rt_locale                               - Undefined Weak Reference
    __sigvec_lookup                           - Undefined Weak Reference
    __user_heap_extent                        - Undefined Weak Reference
    _atexit_init                              - Undefined Weak Reference
    _call_atexit_fns                          - Undefined Weak Reference
    _clock_init                               - Undefined Weak Reference
    _fp_trap_init                             - Undefined Weak Reference
    _fp_trap_shutdown                         - Undefined Weak Reference
    _get_lc_collate                           - Undefined Weak Reference
    _get_lc_ctype                             - Undefined Weak Reference
    _get_lc_monetary                          - Undefined Weak Reference
    _get_lc_numeric                           - Undefined Weak Reference
    _get_lc_time                              - Undefined Weak Reference
    _getenv_init                              - Undefined Weak Reference
    _handle_redirection                       - Undefined Weak Reference
    _initio                                   - Undefined Weak Reference
    _mutex_acquire                            - Undefined Weak Reference
    _mutex_free                               - Undefined Weak Reference
    _mutex_release                            - Undefined Weak Reference
    _rand_init                                - Undefined Weak Reference
    _signal_finish                            - Undefined Weak Reference
    _signal_init                              - Undefined Weak Reference
    _terminateio                              - Undefined Weak Reference
    __Vectors_Size                           0x00000188   Number         0  startup_stm32f405xx.o ABSOLUTE
    __Vectors                                0x08000000   Data           4  startup_stm32f405xx.o(RESET)
    __Vectors_End                            0x08000188   Data           0  startup_stm32f405xx.o(RESET)
    __main                                   0x08000189   Thumb Code     8  __main.o(!!!main)
    __scatterload                            0x08000191   Thumb Code     0  __scatter.o(!!!scatter)
    __scatterload_rt2                        0x08000191   Thumb Code    44  __scatter.o(!!!scatter)
    __scatterload_rt2_thumb_only             0x08000191   Thumb Code     0  __scatter.o(!!!scatter)
    __scatterload_null                       0x0800019f   Thumb Code     0  __scatter.o(!!!scatter)
    __scatterload_copy                       0x080001c5   Thumb Code    26  __scatter_copy.o(!!handler_copy)
    __scatterload_zeroinit                   0x080001e1   Thumb Code    28  __scatter_zi.o(!!handler_zi)
    __rt_lib_init                            0x080001fd   Thumb Code     0  libinit.o(.ARM.Collect$$libinit$$00000000)
    __rt_lib_init_fp_1                       0x080001ff   Thumb Code     0  libinit2.o(.ARM.Collect$$libinit$$00000001)
    __rt_lib_init_alloca_1                   0x08000203   Thumb Code     0  libinit2.o(.ARM.Collect$$libinit$$0000002E)
    __rt_lib_init_argv_1                     0x08000203   Thumb Code     0  libinit2.o(.ARM.Collect$$libinit$$0000002C)
    __rt_lib_init_atexit_1                   0x08000203   Thumb Code     0  libinit2.o(.ARM.Collect$$libinit$$0000001B)
    __rt_lib_init_clock_1                    0x08000203   Thumb Code     0  libinit2.o(.ARM.Collect$$libinit$$00000021)
    __rt_lib_init_cpp_2                      0x08000203   Thumb Code     0  libinit2.o(.ARM.Collect$$libinit$$00000031)
    __rt_lib_init_exceptions_1               0x08000203   Thumb Code     0  libinit2.o(.ARM.Collect$$libinit$$00000030)
    __rt_lib_init_fp_trap_1                  0x08000203   Thumb Code     0  libinit2.o(.ARM.Collect$$libinit$$0000001F)
    __rt_lib_init_getenv_1                   0x08000203   Thumb Code     0  libinit2.o(.ARM.Collect$$libinit$$00000023)
    __rt_lib_init_heap_1                     0x08000203   Thumb Code     0  libinit2.o(.ARM.Collect$$libinit$$0000000A)
    __rt_lib_init_lc_collate_1               0x08000203   Thumb Code     0  libinit2.o(.ARM.Collect$$libinit$$00000011)
    __rt_lib_init_lc_ctype_1                 0x08000203   Thumb Code     0  libinit2.o(.ARM.Collect$$libinit$$00000013)
    __rt_lib_init_lc_monetary_1              0x08000203   Thumb Code     0  libinit2.o(.ARM.Collect$$libinit$$00000015)
    __rt_lib_init_lc_numeric_1               0x08000203   Thumb Code     0  libinit2.o(.ARM.Collect$$libinit$$00000017)
    __rt_lib_init_lc_time_1                  0x08000203   Thumb Code     0  libinit2.o(.ARM.Collect$$libinit$$00000019)
    __rt_lib_init_preinit_1                  0x08000203   Thumb Code     0  libinit2.o(.ARM.Collect$$libinit$$00000004)
    __rt_lib_init_rand_1                     0x08000203   Thumb Code     0  libinit2.o(.ARM.Collect$$libinit$$0000000E)
    __rt_lib_init_signal_1                   0x08000203   Thumb Code     0  libinit2.o(.ARM.Collect$$libinit$$0000001D)
    __rt_lib_init_stdio_1                    0x08000203   Thumb Code     0  libinit2.o(.ARM.Collect$$libinit$$00000025)
    __rt_lib_init_user_alloc_1               0x08000203   Thumb Code     0  libinit2.o(.ARM.Collect$$libinit$$0000000C)
    __rt_lib_init_cpp_1                      0x08000207   Thumb Code     0  libinit2.o(.ARM.Collect$$libinit$$00000032)
    __rt_lib_init_return                     0x08000207   Thumb Code     0  libinit2.o(.ARM.Collect$$libinit$$00000033)
    __rt_lib_shutdown                        0x08000209   Thumb Code     0  libshutdown.o(.ARM.Collect$$libshutdown$$00000000)
    __rt_lib_shutdown_cpp_1                  0x0800020b   Thumb Code     0  libshutdown2.o(.ARM.Collect$$libshutdown$$00000002)
    __rt_lib_shutdown_fp_trap_1              0x0800020b   Thumb Code     0  libshutdown2.o(.ARM.Collect$$libshutdown$$00000007)
    __rt_lib_shutdown_heap_1                 0x0800020b   Thumb Code     0  libshutdown2.o(.ARM.Collect$$libshutdown$$0000000F)
    __rt_lib_shutdown_return                 0x0800020b   Thumb Code     0  libshutdown2.o(.ARM.Collect$$libshutdown$$00000010)
    __rt_lib_shutdown_signal_1               0x0800020b   Thumb Code     0  libshutdown2.o(.ARM.Collect$$libshutdown$$0000000A)
    __rt_lib_shutdown_stdio_1                0x0800020b   Thumb Code     0  libshutdown2.o(.ARM.Collect$$libshutdown$$00000004)
    __rt_lib_shutdown_user_alloc_1           0x0800020b   Thumb Code     0  libshutdown2.o(.ARM.Collect$$libshutdown$$0000000C)
    __rt_entry                               0x0800020d   Thumb Code     0  __rtentry.o(.ARM.Collect$$rtentry$$00000000)
    __rt_entry_presh_1                       0x0800020d   Thumb Code     0  __rtentry2.o(.ARM.Collect$$rtentry$$00000002)
    __rt_entry_sh                            0x0800020d   Thumb Code     0  __rtentry4.o(.ARM.Collect$$rtentry$$00000004)
    __rt_entry_li                            0x08000213   Thumb Code     0  __rtentry2.o(.ARM.Collect$$rtentry$$0000000A)
    __rt_entry_postsh_1                      0x08000213   Thumb Code     0  __rtentry2.o(.ARM.Collect$$rtentry$$00000009)
    __rt_entry_main                          0x08000217   Thumb Code     0  __rtentry2.o(.ARM.Collect$$rtentry$$0000000D)
    __rt_entry_postli_1                      0x08000217   Thumb Code     0  __rtentry2.o(.ARM.Collect$$rtentry$$0000000C)
    __rt_exit                                0x0800021f   Thumb Code     0  rtexit.o(.ARM.Collect$$rtexit$$00000000)
    __rt_exit_ls                             0x08000221   Thumb Code     0  rtexit2.o(.ARM.Collect$$rtexit$$00000003)
    __rt_exit_prels_1                        0x08000221   Thumb Code     0  rtexit2.o(.ARM.Collect$$rtexit$$00000002)
    __rt_exit_exit                           0x08000225   Thumb Code     0  rtexit2.o(.ARM.Collect$$rtexit$$00000004)
    SVC_Handler                              0x0800022d   Thumb Code    28  port.o(.emb_text)
    __asm___6_port_c_39a90d8d__prvStartFirstTask 0x0800024d   Thumb Code    36  port.o(.emb_text)
    __asm___6_port_c_39a90d8d__prvEnableVFP  0x08000275   Thumb Code    16  port.o(.emb_text)
    PendSV_Handler                           0x08000289   Thumb Code    88  port.o(.emb_text)
    vPortGetIPSR                             0x080002e5   Thumb Code     6  port.o(.emb_text)
    Reset_Handler                            0x080002ed   Thumb Code     8  startup_stm32f405xx.o(.text)
    ADC_IRQHandler                           0x08000307   Thumb Code     0  startup_stm32f405xx.o(.text)
    CAN1_RX1_IRQHandler                      0x08000307   Thumb Code     0  startup_stm32f405xx.o(.text)
    CAN1_SCE_IRQHandler                      0x08000307   Thumb Code     0  startup_stm32f405xx.o(.text)
    CAN1_TX_IRQHandler                       0x08000307   Thumb Code     0  startup_stm32f405xx.o(.text)
    CAN2_RX1_IRQHandler                      0x08000307   Thumb Code     0  startup_stm32f405xx.o(.text)
    CAN2_SCE_IRQHandler                      0x08000307   Thumb Code     0  startup_stm32f405xx.o(.text)
    CAN2_TX_IRQHandler                       0x08000307   Thumb Code     0  startup_stm32f405xx.o(.text)
    DMA1_Stream0_IRQHandler                  0x08000307   Thumb Code     0  startup_stm32f405xx.o(.text)
    DMA1_Stream2_IRQHandler                  0x08000307   Thumb Code     0  startup_stm32f405xx.o(.text)
    DMA1_Stream3_IRQHandler                  0x08000307   Thumb Code     0  startup_stm32f405xx.o(.text)
    DMA1_Stream4_IRQHandler                  0x08000307   Thumb Code     0  startup_stm32f405xx.o(.text)
    DMA1_Stream5_IRQHandler                  0x08000307   Thumb Code     0  startup_stm32f405xx.o(.text)
    DMA1_Stream6_IRQHandler                  0x08000307   Thumb Code     0  startup_stm32f405xx.o(.text)
    DMA1_Stream7_IRQHandler                  0x08000307   Thumb Code     0  startup_stm32f405xx.o(.text)
    DMA2_Stream1_IRQHandler                  0x08000307   Thumb Code     0  startup_stm32f405xx.o(.text)
    DMA2_Stream2_IRQHandler                  0x08000307   Thumb Code     0  startup_stm32f405xx.o(.text)
    DMA2_Stream3_IRQHandler                  0x08000307   Thumb Code     0  startup_stm32f405xx.o(.text)
    DMA2_Stream4_IRQHandler                  0x08000307   Thumb Code     0  startup_stm32f405xx.o(.text)
    DMA2_Stream5_IRQHandler                  0x08000307   Thumb Code     0  startup_stm32f405xx.o(.text)
    DMA2_Stream6_IRQHandler                  0x08000307   Thumb Code     0  startup_stm32f405xx.o(.text)
    DMA2_Stream7_IRQHandler                  0x08000307   Thumb Code     0  startup_stm32f405xx.o(.text)
    EXTI0_IRQHandler                         0x08000307   Thumb Code     0  startup_stm32f405xx.o(.text)
    EXTI15_10_IRQHandler                     0x08000307   Thumb Code     0  startup_stm32f405xx.o(.text)
    EXTI1_IRQHandler                         0x08000307   Thumb Code     0  startup_stm32f405xx.o(.text)
    EXTI2_IRQHandler                         0x08000307   Thumb Code     0  startup_stm32f405xx.o(.text)
    EXTI3_IRQHandler                         0x08000307   Thumb Code     0  startup_stm32f405xx.o(.text)
    EXTI4_IRQHandler                         0x08000307   Thumb Code     0  startup_stm32f405xx.o(.text)
    EXTI9_5_IRQHandler                       0x08000307   Thumb Code     0  startup_stm32f405xx.o(.text)
    FLASH_IRQHandler                         0x08000307   Thumb Code     0  startup_stm32f405xx.o(.text)
    FMC_IRQHandler                           0x08000307   Thumb Code     0  startup_stm32f405xx.o(.text)
    FPU_IRQHandler                           0x08000307   Thumb Code     0  startup_stm32f405xx.o(.text)
    HASH_RNG_IRQHandler                      0x08000307   Thumb Code     0  startup_stm32f405xx.o(.text)
    I2C1_ER_IRQHandler                       0x08000307   Thumb Code     0  startup_stm32f405xx.o(.text)
    I2C1_EV_IRQHandler                       0x08000307   Thumb Code     0  startup_stm32f405xx.o(.text)
    I2C2_ER_IRQHandler                       0x08000307   Thumb Code     0  startup_stm32f405xx.o(.text)
    I2C2_EV_IRQHandler                       0x08000307   Thumb Code     0  startup_stm32f405xx.o(.text)
    I2C3_ER_IRQHandler                       0x08000307   Thumb Code     0  startup_stm32f405xx.o(.text)
    I2C3_EV_IRQHandler                       0x08000307   Thumb Code     0  startup_stm32f405xx.o(.text)
    OTG_FS_IRQHandler                        0x08000307   Thumb Code     0  startup_stm32f405xx.o(.text)
    OTG_FS_WKUP_IRQHandler                   0x08000307   Thumb Code     0  startup_stm32f405xx.o(.text)
    OTG_HS_EP1_IN_IRQHandler                 0x08000307   Thumb Code     0  startup_stm32f405xx.o(.text)
    OTG_HS_EP1_OUT_IRQHandler                0x08000307   Thumb Code     0  startup_stm32f405xx.o(.text)
    OTG_HS_IRQHandler                        0x08000307   Thumb Code     0  startup_stm32f405xx.o(.text)
    OTG_HS_WKUP_IRQHandler                   0x08000307   Thumb Code     0  startup_stm32f405xx.o(.text)
    PVD_IRQHandler                           0x08000307   Thumb Code     0  startup_stm32f405xx.o(.text)
    RCC_IRQHandler                           0x08000307   Thumb Code     0  startup_stm32f405xx.o(.text)
    RTC_Alarm_IRQHandler                     0x08000307   Thumb Code     0  startup_stm32f405xx.o(.text)
    RTC_WKUP_IRQHandler                      0x08000307   Thumb Code     0  startup_stm32f405xx.o(.text)
    SDIO_IRQHandler                          0x08000307   Thumb Code     0  startup_stm32f405xx.o(.text)
    SPI1_IRQHandler                          0x08000307   Thumb Code     0  startup_stm32f405xx.o(.text)
    SPI2_IRQHandler                          0x08000307   Thumb Code     0  startup_stm32f405xx.o(.text)
    SPI3_IRQHandler                          0x08000307   Thumb Code     0  startup_stm32f405xx.o(.text)
    TAMP_STAMP_IRQHandler                    0x08000307   Thumb Code     0  startup_stm32f405xx.o(.text)
    TIM1_BRK_TIM9_IRQHandler                 0x08000307   Thumb Code     0  startup_stm32f405xx.o(.text)
    TIM1_CC_IRQHandler                       0x08000307   Thumb Code     0  startup_stm32f405xx.o(.text)
    TIM1_TRG_COM_TIM11_IRQHandler            0x08000307   Thumb Code     0  startup_stm32f405xx.o(.text)
    TIM1_UP_TIM10_IRQHandler                 0x08000307   Thumb Code     0  startup_stm32f405xx.o(.text)
    TIM2_IRQHandler                          0x08000307   Thumb Code     0  startup_stm32f405xx.o(.text)
    TIM3_IRQHandler                          0x08000307   Thumb Code     0  startup_stm32f405xx.o(.text)
    TIM4_IRQHandler                          0x08000307   Thumb Code     0  startup_stm32f405xx.o(.text)
    TIM5_IRQHandler                          0x08000307   Thumb Code     0  startup_stm32f405xx.o(.text)
    TIM6_DAC_IRQHandler                      0x08000307   Thumb Code     0  startup_stm32f405xx.o(.text)
    TIM7_IRQHandler                          0x08000307   Thumb Code     0  startup_stm32f405xx.o(.text)
    TIM8_BRK_TIM12_IRQHandler                0x08000307   Thumb Code     0  startup_stm32f405xx.o(.text)
    TIM8_CC_IRQHandler                       0x08000307   Thumb Code     0  startup_stm32f405xx.o(.text)
    TIM8_UP_TIM13_IRQHandler                 0x08000307   Thumb Code     0  startup_stm32f405xx.o(.text)
    UART4_IRQHandler                         0x08000307   Thumb Code     0  startup_stm32f405xx.o(.text)
    UART5_IRQHandler                         0x08000307   Thumb Code     0  startup_stm32f405xx.o(.text)
    USART1_IRQHandler                        0x08000307   Thumb Code     0  startup_stm32f405xx.o(.text)
    USART2_IRQHandler                        0x08000307   Thumb Code     0  startup_stm32f405xx.o(.text)
    USART6_IRQHandler                        0x08000307   Thumb Code     0  startup_stm32f405xx.o(.text)
    WWDG_IRQHandler                          0x08000307   Thumb Code     0  startup_stm32f405xx.o(.text)
    __user_initial_stackheap                 0x08000309   Thumb Code     0  startup_stm32f405xx.o(.text)
    __aeabi_uldivmod                         0x0800032d   Thumb Code     0  lludivv7m.o(.text)
    _ll_udiv                                 0x0800032d   Thumb Code   238  lludivv7m.o(.text)
    __aeabi_memcpy4                          0x0800041b   Thumb Code     0  rt_memcpy_w.o(.text)
    __aeabi_memcpy8                          0x0800041b   Thumb Code     0  rt_memcpy_w.o(.text)
    __rt_memcpy_w                            0x0800041b   Thumb Code   100  rt_memcpy_w.o(.text)
    _memcpy_lastbytes_aligned                0x08000463   Thumb Code     0  rt_memcpy_w.o(.text)
    __aeabi_memclr                           0x0800047f   Thumb Code     0  rt_memclr.o(.text)
    __rt_memclr                              0x0800047f   Thumb Code    68  rt_memclr.o(.text)
    _memset                                  0x08000483   Thumb Code     0  rt_memclr.o(.text)
    __aeabi_memclr4                          0x080004c3   Thumb Code     0  rt_memclr_w.o(.text)
    __aeabi_memclr8                          0x080004c3   Thumb Code     0  rt_memclr_w.o(.text)
    __rt_memclr_w                            0x080004c3   Thumb Code    78  rt_memclr_w.o(.text)
    _memset_w                                0x080004c7   Thumb Code     0  rt_memclr_w.o(.text)
    __use_two_region_memory                  0x08000511   Thumb Code     2  heapauxi.o(.text)
    __rt_heap_escrow                         0x08000513   Thumb Code     2  heapauxi.o(.text)
    __rt_heap_expand                         0x08000515   Thumb Code     2  heapauxi.o(.text)
    __cpp_initialize__aeabi_                 0x08000519   Thumb Code    26  init_aeabi.o(.text)
    __rt_SIGPVFN                             0x0800053d   Thumb Code    14  defsig_pvfn_outer.o(.text)
    __sig_exit                               0x0800054b   Thumb Code    10  defsig_exit.o(.text)
    __rt_SIGPVFN_inner                       0x08000555   Thumb Code    14  defsig_pvfn_inner.o(.text)
    _sys_exit                                0x08000585   Thumb Code     8  sys_exit.o(.text)
    __user_libspace                          0x08000591   Thumb Code     8  libspace.o(.text)
    __user_perproc_libspace                  0x08000591   Thumb Code     0  libspace.o(.text)
    __user_perthread_libspace                0x08000591   Thumb Code     0  libspace.o(.text)
    __user_setup_stackheap                   0x08000599   Thumb Code    74  sys_stackheap_outer.o(.text)
    exit                                     0x080005e3   Thumb Code    18  exit.o(.text)
    __default_signal_display                 0x080005f5   Thumb Code    50  defsig_general.o(.text)
    _ttywrch                                 0x08000627   Thumb Code    14  sys_wrch.o(.text)
    __I$use$semihosting                      0x08000635   Thumb Code     0  use_no_semi.o(.text)
    __use_no_semihosting_swi                 0x08000635   Thumb Code     2  use_no_semi.o(.text)
    BusFault_Handler                         0x08000637   Thumb Code     4  stm32f4xx_it.o(i.BusFault_Handler)
    __semihosting_library_function           0x08000637   Thumb Code     0  indicate_semi.o(.text)
    CAN1_RX0_IRQHandler                      0x0800063d   Thumb Code    10  stm32f4xx_it.o(i.CAN1_RX0_IRQHandler)
    CAN2_RX0_IRQHandler                      0x0800064d   Thumb Code    10  stm32f4xx_it.o(i.CAN2_RX0_IRQHandler)
    DMA1_Stream1_IRQHandler                  0x0800065d   Thumb Code    10  stm32f4xx_it.o(i.DMA1_Stream1_IRQHandler)
    DMA2_Stream0_IRQHandler                  0x0800066d   Thumb Code    10  stm32f4xx_it.o(i.DMA2_Stream0_IRQHandler)
    DebugMon_Handler                         0x0800067d   Thumb Code     2  stm32f4xx_it.o(i.DebugMon_Handler)
    Error_Handler                            0x0800067f   Thumb Code     2  main.o(i.Error_Handler)
    HAL_ADC_ConfigChannel                    0x08000681   Thumb Code   380  stm32f4xx_hal_adc.o(i.HAL_ADC_ConfigChannel)
    HAL_ADC_Init                             0x0800080d   Thumb Code   100  stm32f4xx_hal_adc.o(i.HAL_ADC_Init)
    HAL_ADC_MspInit                          0x08000875   Thumb Code   224  adc.o(i.HAL_ADC_MspInit)
    HAL_CAN_ActivateNotification             0x0800096d   Thumb Code    42  stm32f4xx_hal_can.o(i.HAL_CAN_ActivateNotification)
    HAL_CAN_AddTxMessage                     0x08000997   Thumb Code   342  stm32f4xx_hal_can.o(i.HAL_CAN_AddTxMessage)
    HAL_CAN_ConfigFilter                     0x08000aed   Thumb Code   286  stm32f4xx_hal_can.o(i.HAL_CAN_ConfigFilter)
    HAL_CAN_ErrorCallback                    0x08000c11   Thumb Code     2  stm32f4xx_hal_can.o(i.HAL_CAN_ErrorCallback)
    HAL_CAN_GetRxFifoFillLevel               0x08000c13   Thumb Code    40  stm32f4xx_hal_can.o(i.HAL_CAN_GetRxFifoFillLevel)
    HAL_CAN_GetRxMessage                     0x08000c3b   Thumb Code   380  stm32f4xx_hal_can.o(i.HAL_CAN_GetRxMessage)
    HAL_CAN_GetTxMailboxesFreeLevel          0x08000db7   Thumb Code    54  stm32f4xx_hal_can.o(i.HAL_CAN_GetTxMailboxesFreeLevel)
    HAL_CAN_IRQHandler                       0x08000ded   Thumb Code   590  stm32f4xx_hal_can.o(i.HAL_CAN_IRQHandler)
    HAL_CAN_Init                             0x0800103b   Thumb Code   372  stm32f4xx_hal_can.o(i.HAL_CAN_Init)
    HAL_CAN_MspInit                          0x080011b1   Thumb Code   332  can.o(i.HAL_CAN_MspInit)
    HAL_CAN_RxFifo0FullCallback              0x08001315   Thumb Code     2  stm32f4xx_hal_can.o(i.HAL_CAN_RxFifo0FullCallback)
    HAL_CAN_RxFifo0MsgPendingCallback        0x08001319   Thumb Code    44  bsp_can.o(i.HAL_CAN_RxFifo0MsgPendingCallback)
    HAL_CAN_RxFifo1FullCallback              0x0800134d   Thumb Code     2  stm32f4xx_hal_can.o(i.HAL_CAN_RxFifo1FullCallback)
    HAL_CAN_RxFifo1MsgPendingCallback        0x0800134f   Thumb Code     2  stm32f4xx_hal_can.o(i.HAL_CAN_RxFifo1MsgPendingCallback)
    HAL_CAN_SleepCallback                    0x08001351   Thumb Code     2  stm32f4xx_hal_can.o(i.HAL_CAN_SleepCallback)
    HAL_CAN_Start                            0x08001353   Thumb Code    94  stm32f4xx_hal_can.o(i.HAL_CAN_Start)
    HAL_CAN_TxMailbox0AbortCallback          0x080013b1   Thumb Code     2  stm32f4xx_hal_can.o(i.HAL_CAN_TxMailbox0AbortCallback)
    HAL_CAN_TxMailbox0CompleteCallback       0x080013b3   Thumb Code     2  stm32f4xx_hal_can.o(i.HAL_CAN_TxMailbox0CompleteCallback)
    HAL_CAN_TxMailbox1AbortCallback          0x080013b5   Thumb Code     2  stm32f4xx_hal_can.o(i.HAL_CAN_TxMailbox1AbortCallback)
    HAL_CAN_TxMailbox1CompleteCallback       0x080013b7   Thumb Code     2  stm32f4xx_hal_can.o(i.HAL_CAN_TxMailbox1CompleteCallback)
    HAL_CAN_TxMailbox2AbortCallback          0x080013b9   Thumb Code     2  stm32f4xx_hal_can.o(i.HAL_CAN_TxMailbox2AbortCallback)
    HAL_CAN_TxMailbox2CompleteCallback       0x080013bb   Thumb Code     2  stm32f4xx_hal_can.o(i.HAL_CAN_TxMailbox2CompleteCallback)
    HAL_CAN_WakeUpFromRxMsgCallback          0x080013bd   Thumb Code     2  stm32f4xx_hal_can.o(i.HAL_CAN_WakeUpFromRxMsgCallback)
    HAL_DMA_Abort_IT                         0x080013bf   Thumb Code    40  stm32f4xx_hal_dma.o(i.HAL_DMA_Abort_IT)
    HAL_DMA_IRQHandler                       0x080013e9   Thumb Code   570  stm32f4xx_hal_dma.o(i.HAL_DMA_IRQHandler)
    HAL_DMA_Init                             0x08001629   Thumb Code   232  stm32f4xx_hal_dma.o(i.HAL_DMA_Init)
    HAL_GPIO_Init                            0x08001715   Thumb Code   466  stm32f4xx_hal_gpio.o(i.HAL_GPIO_Init)
    HAL_GPIO_WritePin                        0x08001915   Thumb Code    12  stm32f4xx_hal_gpio.o(i.HAL_GPIO_WritePin)
    HAL_GetTick                              0x08001921   Thumb Code     6  stm32f4xx_hal.o(i.HAL_GetTick)
    HAL_IncTick                              0x0800192d   Thumb Code    16  stm32f4xx_hal.o(i.HAL_IncTick)
    HAL_Init                                 0x08001945   Thumb Code    54  stm32f4xx_hal.o(i.HAL_Init)
    HAL_InitTick                             0x08001981   Thumb Code   122  stm32f4xx_hal_timebase_tim.o(i.HAL_InitTick)
    HAL_MspInit                              0x08001a0d   Thumb Code    78  stm32f4xx_hal_msp.o(i.HAL_MspInit)
    HAL_NVIC_EnableIRQ                       0x08001a61   Thumb Code    32  stm32f4xx_hal_cortex.o(i.HAL_NVIC_EnableIRQ)
    HAL_NVIC_SetPriority                     0x08001a81   Thumb Code   124  stm32f4xx_hal_cortex.o(i.HAL_NVIC_SetPriority)
    HAL_NVIC_SetPriorityGrouping             0x08001afd   Thumb Code    32  stm32f4xx_hal_cortex.o(i.HAL_NVIC_SetPriorityGrouping)
    HAL_RCC_ClockConfig                      0x08001b25   Thumb Code   366  stm32f4xx_hal_rcc.o(i.HAL_RCC_ClockConfig)
    HAL_RCC_GetClockConfig                   0x08001ca5   Thumb Code    58  stm32f4xx_hal_rcc.o(i.HAL_RCC_GetClockConfig)
    HAL_RCC_GetHCLKFreq                      0x08001ce9   Thumb Code     6  stm32f4xx_hal_rcc.o(i.HAL_RCC_GetHCLKFreq)
    HAL_RCC_GetPCLK1Freq                     0x08001cf5   Thumb Code    22  stm32f4xx_hal_rcc.o(i.HAL_RCC_GetPCLK1Freq)
    HAL_RCC_GetPCLK2Freq                     0x08001d15   Thumb Code    22  stm32f4xx_hal_rcc.o(i.HAL_RCC_GetPCLK2Freq)
    HAL_RCC_GetSysClockFreq                  0x08001d35   Thumb Code   162  stm32f4xx_hal_rcc.o(i.HAL_RCC_GetSysClockFreq)
    HAL_RCC_OscConfig                        0x08001de5   Thumb Code  1086  stm32f4xx_hal_rcc.o(i.HAL_RCC_OscConfig)
    HAL_TIMEx_BreakCallback                  0x0800222d   Thumb Code     2  stm32f4xx_hal_tim_ex.o(i.HAL_TIMEx_BreakCallback)
    HAL_TIMEx_CommutCallback                 0x0800222f   Thumb Code     2  stm32f4xx_hal_tim_ex.o(i.HAL_TIMEx_CommutCallback)
    HAL_TIMEx_MasterConfigSynchronization    0x08002231   Thumb Code    84  stm32f4xx_hal_tim_ex.o(i.HAL_TIMEx_MasterConfigSynchronization)
    HAL_TIM_Base_Init                        0x08002285   Thumb Code    52  stm32f4xx_hal_tim.o(i.HAL_TIM_Base_Init)
    HAL_TIM_Base_MspInit                     0x080022b9   Thumb Code     2  stm32f4xx_hal_tim.o(i.HAL_TIM_Base_MspInit)
    HAL_TIM_Base_Start_IT                    0x080022bb   Thumb Code    42  stm32f4xx_hal_tim.o(i.HAL_TIM_Base_Start_IT)
    HAL_TIM_IC_CaptureCallback               0x080022e5   Thumb Code     2  stm32f4xx_hal_tim.o(i.HAL_TIM_IC_CaptureCallback)
    HAL_TIM_IRQHandler                       0x080022e7   Thumb Code   406  stm32f4xx_hal_tim.o(i.HAL_TIM_IRQHandler)
    HAL_TIM_MspPostInit                      0x0800247d   Thumb Code    84  tim.o(i.HAL_TIM_MspPostInit)
    HAL_TIM_OC_DelayElapsedCallback          0x080024d9   Thumb Code     2  stm32f4xx_hal_tim.o(i.HAL_TIM_OC_DelayElapsedCallback)
    HAL_TIM_PWM_ConfigChannel                0x080024db   Thumb Code   264  stm32f4xx_hal_tim.o(i.HAL_TIM_PWM_ConfigChannel)
    HAL_TIM_PWM_Init                         0x080025e3   Thumb Code    52  stm32f4xx_hal_tim.o(i.HAL_TIM_PWM_Init)
    HAL_TIM_PWM_MspInit                      0x08002619   Thumb Code    44  tim.o(i.HAL_TIM_PWM_MspInit)
    HAL_TIM_PWM_PulseFinishedCallback        0x08002649   Thumb Code     2  stm32f4xx_hal_tim.o(i.HAL_TIM_PWM_PulseFinishedCallback)
    HAL_TIM_PeriodElapsedCallback            0x0800264d   Thumb Code    18  main.o(i.HAL_TIM_PeriodElapsedCallback)
    HAL_TIM_TriggerCallback                  0x08002665   Thumb Code     2  stm32f4xx_hal_tim.o(i.HAL_TIM_TriggerCallback)
    HAL_UART_ErrorCallback                   0x08002667   Thumb Code     2  stm32f4xx_hal_uart.o(i.HAL_UART_ErrorCallback)
    HAL_UART_IRQHandler                      0x08002669   Thumb Code   328  stm32f4xx_hal_uart.o(i.HAL_UART_IRQHandler)
    HAL_UART_Init                            0x080027b5   Thumb Code   114  stm32f4xx_hal_uart.o(i.HAL_UART_Init)
    HAL_UART_MspInit                         0x08002829   Thumb Code   198  usart.o(i.HAL_UART_MspInit)
    HAL_UART_RxCpltCallback                  0x08002905   Thumb Code     2  stm32f4xx_hal_uart.o(i.HAL_UART_RxCpltCallback)
    HAL_UART_TxCpltCallback                  0x08002907   Thumb Code     2  stm32f4xx_hal_uart.o(i.HAL_UART_TxCpltCallback)
    HardFault_Handler                        0x08002909   Thumb Code     4  stm32f4xx_it.o(i.HardFault_Handler)
    MX_ADC1_Init                             0x0800290d   Thumb Code   168  adc.o(i.MX_ADC1_Init)
    MX_CAN1_Init                             0x080029c1   Thumb Code    62  can.o(i.MX_CAN1_Init)
    MX_CAN2_Init                             0x08002a09   Thumb Code    62  can.o(i.MX_CAN2_Init)
    MX_DMA_Init                              0x08002a51   Thumb Code    98  dma.o(i.MX_DMA_Init)
    MX_GPIO_Init                             0x08002ab9   Thumb Code   308  gpio.o(i.MX_GPIO_Init)
    MX_TIM2_Init                             0x08002c01   Thumb Code   142  tim.o(i.MX_TIM2_Init)
    MX_USART3_UART_Init                      0x08002c95   Thumb Code    52  usart.o(i.MX_USART3_UART_Init)
    MemManage_Handler                        0x08002cd5   Thumb Code     4  stm32f4xx_it.o(i.MemManage_Handler)
    NMI_Handler                              0x08002cd9   Thumb Code     2  stm32f4xx_it.o(i.NMI_Handler)
    SysTick_Handler                          0x08002cdd   Thumb Code    46  port.o(i.SysTick_Handler)
    SystemInit                               0x08002d11   Thumb Code    82  system_stm32f4xx.o(i.SystemInit)
    TIM8_TRG_COM_TIM14_IRQHandler            0x08002d75   Thumb Code    10  stm32f4xx_it.o(i.TIM8_TRG_COM_TIM14_IRQHandler)
    TIM_Base_SetConfig                       0x08002d85   Thumb Code   170  stm32f4xx_hal_tim.o(i.TIM_Base_SetConfig)
    TIM_OC2_SetConfig                        0x08002e5d   Thumb Code   114  stm32f4xx_hal_tim.o(i.TIM_OC2_SetConfig)
    USART3_IRQHandler                        0x08002ed9   Thumb Code    10  stm32f4xx_it.o(i.USART3_IRQHandler)
    UsageFault_Handler                       0x08002ee9   Thumb Code     4  stm32f4xx_it.o(i.UsageFault_Handler)
    CreateTask(const void*)                  0x08002eed   Thumb Code    32  task_create.o(i._Z10CreateTaskPKv)
    bsp_can_Init()                           0x08002f15   Thumb Code    60  bsp_can.o(i._Z12bsp_can_Initv)
    MX_FREERTOS_Init()                       0x08002f55   Thumb Code    54  freertos.o(i._Z16MX_FREERTOS_Initv)
    StartDefaultTask(const void*)            0x08002f99   Thumb Code    10  freertos.o(i._Z16StartDefaultTaskPKv)
    SystemClock_Config()                     0x08002fa5   Thumb Code   170  main.o(i._Z18SystemClock_Configv)
    bsp_can_Sendmessage(__CAN_HandleTypeDef*, short, short*) 0x08003059   Thumb Code   110  bsp_can.o(i._Z19bsp_can_SendmessageP19__CAN_HandleTypeDefsPs)
    MainTask(const void*)                    0x080030c9   Thumb Code    36  task_main.o(i._Z8MainTaskPKv)
    block_type::Block_Check()                0x080030f9   Thumb Code   176  car_driver.o(i._ZN10block_type11Block_CheckEv)
    pid::pid_run(float)                      0x080031b1   Thumb Code   364  car_driver.o(i._ZN3pid7pid_runEf)
    pid::pid(float, float, float, float, float, unsigned short, unsigned short) 0x08003321   Thumb Code    70  car_driver.o(i._ZN3pidC1Effffftt)
    pid::pid__sub_object(float, float, float, float, float, unsigned short, unsigned short) 0x08003321   Thumb Code     0  car_driver.o(i._ZN3pidC1Effffftt)
    motor::Position_Run()                    0x08003bed   Thumb Code    56  car_driver.o(i._ZN5motor12Position_RunEv)
    motor::InsertCurrent()                   0x08003c25   Thumb Code    62  car_driver.o(i._ZN5motor13InsertCurrentEv)
    motor::Handle()                          0x08003c6d   Thumb Code    88  car_driver.o(i._ZN5motor6HandleEv)
    motor::update(unsigned char*)            0x08003cc9   Thumb Code   114  car_driver.o(i._ZN5motor6updateEPh)
    motor::Safe_Set()                        0x08003d41   Thumb Code    30  car_driver.o(i._ZN5motor8Safe_SetEv)
    motor::Speed_Run()                       0x08003d61   Thumb Code   146  car_driver.o(i._ZN5motor9Speed_RunEv)
    motor::motor(unsigned char, unsigned short, str_Motor_t*, pid*, pid*) 0x08003dfd   Thumb Code    88  car_driver.o(i._ZN5motorC1EhtP11str_Motor_tP3pidS3_)
    motor::motor__sub_object(unsigned char, unsigned short, str_Motor_t*, pid*, pid*) 0x08003dfd   Thumb Code     0  car_driver.o(i._ZN5motorC1EhtP11str_Motor_tP3pidS3_)
    chassis::Handle()                        0x08003e61   Thumb Code   342  car_driver.o(i._ZN7chassis6HandleEv)
    manager::UserProcess()                   0x08003fcd   Thumb Code    14  app_mode.o(i._ZN7manager11UserProcessEv)
    manager::CANSend()                       0x08003fe1   Thumb Code   378  car_driver.o(i._ZN7manager7CANSendEv)
    manager::CANSelect(__CAN_HandleTypeDef*, __CAN_HandleTypeDef*) 0x08004181   Thumb Code    10  car_driver.o(i._ZN7manager9CANSelectEP19__CAN_HandleTypeDefS1_)
    manager::CANUpdate(__CAN_HandleTypeDef*, CAN_RxHeaderTypeDef*, unsigned char*) 0x08004195   Thumb Code   126  car_driver.o(i._ZN7manager9CANUpdateEP19__CAN_HandleTypeDefP19CAN_RxHeaderTypeDefPh)
    manager::manager__sub_object()           0x08004225   Thumb Code    10  car_driver.o(i._ZN7managerC2Ev)
    softmotor::Position_Run()                0x08004235   Thumb Code   114  car_driver.o(i._ZN9softmotor12Position_RunEv)
    softmotor::update(unsigned char*)        0x080042a9   Thumb Code   230  car_driver.o(i._ZN9softmotor6updateEPh)
    softmotor::softmotor(unsigned char, unsigned short, str_Motor_t*, pid*, pid*) 0x080043a5   Thumb Code    68  app_mode.o(i._ZN9softmotorC1EhtP11str_Motor_tP3pidS3_)
    softmotor::softmotor__sub_object(unsigned char, unsigned short, str_Motor_t*, pid*, pid*) 0x080043a5   Thumb Code     0  app_mode.o(i._ZN9softmotorC1EhtP11str_Motor_tP3pidS3_)
    __cxa_pure_virtual                       0x080043f5   Thumb Code     6  pure_virt.o(i.__cxa_pure_virtual)
    main                                     0x080044a1   Thumb Code    48  main.o(i.main)
    osDelay                                  0x080044df   Thumb Code    24  cmsis_os.o(i.osDelay)
    osKernelStart                            0x080044f7   Thumb Code    10  cmsis_os.o(i.osKernelStart)
    osThreadCreate                           0x08004501   Thumb Code    48  cmsis_os.o(i.osThreadCreate)
    pvPortMalloc                             0x0800496d   Thumb Code   296  heap_4.o(i.pvPortMalloc)
    pxPortInitialiseStack                    0x08004aa9   Thumb Code    38  port.o(i.pxPortInitialiseStack)
    uxListRemove                             0x08004ad5   Thumb Code    40  list.o(i.uxListRemove)
    vListInitialise                          0x08004afd   Thumb Code    26  list.o(i.vListInitialise)
    vListInitialiseItem                      0x08004b17   Thumb Code     6  list.o(i.vListInitialiseItem)
    vListInsert                              0x08004b1d   Thumb Code    52  list.o(i.vListInsert)
    vListInsertEnd                           0x08004b51   Thumb Code    24  list.o(i.vListInsertEnd)
    vPortEnterCritical                       0x08004b69   Thumb Code    76  port.o(i.vPortEnterCritical)
    vPortExitCritical                        0x08004bbd   Thumb Code    56  port.o(i.vPortExitCritical)
    vPortFree                                0x08004bf9   Thumb Code   140  heap_4.o(i.vPortFree)
    vPortSetupTimerInterrupt                 0x08004c8d   Thumb Code    36  port.o(i.vPortSetupTimerInterrupt)
    vTaskDelay                               0x08004cb5   Thumb Code    82  tasks.o(i.vTaskDelay)
    vTaskDelayUntil                          0x08004d11   Thumb Code   200  tasks.o(i.vTaskDelayUntil)
    vTaskStartScheduler                      0x08004de5   Thumb Code   108  tasks.o(i.vTaskStartScheduler)
    vTaskSuspendAll                          0x08004e6d   Thumb Code    12  tasks.o(i.vTaskSuspendAll)
    vTaskSwitchContext                       0x08004e7d   Thumb Code   118  tasks.o(i.vTaskSwitchContext)
    xPortStartScheduler                      0x08004f09   Thumb Code   330  port.o(i.xPortStartScheduler)
    xTaskCreate                              0x08005071   Thumb Code    96  tasks.o(i.xTaskCreate)
    xTaskIncrementTick                       0x080050d1   Thumb Code   282  tasks.o(i.xTaskIncrementTick)
    xTaskResumeAll                           0x08005219   Thumb Code   224  tasks.o(i.xTaskResumeAll)
    __aeabi_d2f                              0x0800531d   Thumb Code     0  d2f.o(x$fpl$d2f)
    _d2f                                     0x0800531d   Thumb Code    98  d2f.o(x$fpl$d2f)
    __aeabi_dadd                             0x08005381   Thumb Code     0  daddsub_clz.o(x$fpl$dadd)
    _dadd                                    0x08005381   Thumb Code   332  daddsub_clz.o(x$fpl$dadd)
    __aeabi_ddiv                             0x080054d1   Thumb Code     0  ddiv.o(x$fpl$ddiv)
    _ddiv                                    0x080054d1   Thumb Code   552  ddiv.o(x$fpl$ddiv)
    __aeabi_i2d                              0x08005781   Thumb Code     0  dflt_clz.o(x$fpl$dflt)
    _dflt                                    0x08005781   Thumb Code    46  dflt_clz.o(x$fpl$dflt)
    __aeabi_ui2d                             0x080057af   Thumb Code     0  dflt_clz.o(x$fpl$dfltu)
    _dfltu                                   0x080057af   Thumb Code    38  dflt_clz.o(x$fpl$dfltu)
    __aeabi_dmul                             0x080057d5   Thumb Code     0  dmul.o(x$fpl$dmul)
    _dmul                                    0x080057d5   Thumb Code   332  dmul.o(x$fpl$dmul)
    __fpl_dnaninf                            0x08005929   Thumb Code   156  dnaninf.o(x$fpl$dnaninf)
    __fpl_dretinf                            0x080059c5   Thumb Code    12  dretinf.o(x$fpl$dretinf)
    __aeabi_dsub                             0x080059d1   Thumb Code     0  daddsub_clz.o(x$fpl$dsub)
    _dsub                                    0x080059d1   Thumb Code   464  daddsub_clz.o(x$fpl$dsub)
    __aeabi_f2d                              0x08005ba5   Thumb Code     0  f2d.o(x$fpl$f2d)
    _f2d                                     0x08005ba5   Thumb Code    86  f2d.o(x$fpl$f2d)
    __fpl_fnaninf                            0x08005bfb   Thumb Code   140  fnaninf.o(x$fpl$fnaninf)
    _fp_init                                 0x08005c87   Thumb Code    10  fpinit.o(x$fpl$fpinit)
    __fplib_config_fpu_vfp                   0x08005c8f   Thumb Code     0  fpinit.o(x$fpl$fpinit)
    __fplib_config_pureend_doubles           0x08005c8f   Thumb Code     0  fpinit.o(x$fpl$fpinit)
    __fpl_fretinf                            0x08005c91   Thumb Code    10  fretinf.o(x$fpl$fretinf)
    __I$use$fp                               0x08005c9a   Number         0  usenofp.o(x$fpl$usenofp)
    AHBPrescTable                            0x08005ccc   Data          16  system_stm32f4xx.o(.constdata)
    APBPrescTable                            0x08005cdc   Data           8  system_stm32f4xx.o(.constdata)
    vtable for motor                         0x08005cf8   Data          36  car_driver.o(.constdata__ZTV5motor)
    vtable for manager                       0x08005d1c   Data          20  car_driver.o(.constdata__ZTV7manager)
    vtable for softmotor                     0x08005d30   Data          36  car_driver.o(.constdata__ZTV9softmotor)
    Region$$Table$$Base                      0x08005d78   Number         0  anon$$obj.o(Region$$Table)
    Region$$Table$$Limit                     0x08005d98   Number         0  anon$$obj.o(Region$$Table)
    SHT$$INIT_ARRAY$$Base                    0x08005d98   Number         0  app_mode.o(.init_array)
    SHT$$INIT_ARRAY$$Limit                   0x08005d9c   Number         0  init_aeabi.o(.init_array)
    defaultTaskHandle                        0x20000004   Data           4  freertos.o(.data)
    Create_TaskHandle                        0x20000008   Data           4  freertos.o(.data)
    uwTick                                   0x2000000c   Data           4  stm32f4xx_hal.o(.data)
    uwTickPrio                               0x20000010   Data           4  stm32f4xx_hal.o(.data)
    uwTickFreq                               0x20000014   Data           1  stm32f4xx_hal.o(.data)
    SystemCoreClock                          0x20000018   Data           4  system_stm32f4xx.o(.data)
    pxCurrentTCB                             0x2000001c   Data           4  tasks.o(.data)
    EXP_L                                    0x2000007c   Data           4  app_mode.o(.data)
    EXP_R                                    0x20000080   Data           4  app_mode.o(.data)
    EXP_L_OUT                                0x20000084   Data           4  app_mode.o(.data)
    EXP_R_OUT                                0x20000088   Data           4  app_mode.o(.data)
    StartAngle_L                             0x2000008c   Data           4  app_mode.o(.data)
    StartAngle_R                             0x20000090   Data           4  app_mode.o(.data)
    flag                                     0x20000094   Data           1  app_mode.o(.data)
    Air_Flag                                 0x20000095   Data           1  app_mode.o(.data)
    DJI_Motor_3508                           0x20000096   Data           4  app_mode.o(.data)
    Error_Code                               0x2000009c   Data           1  car_driver.o(.data)
    manager::CAN1_OnlineID                   0x2000009d   Data           1  car_driver.o(.data)
    manager::CAN2_OnlineID                   0x2000009e   Data           1  car_driver.o(.data)
    manager::CanHandle1                      0x200000a0   Data           4  car_driver.o(.data)
    manager::CanHandle2                      0x200000a4   Data           4  car_driver.o(.data)
    chassis::point                           0x200000a8   Data           4  car_driver.o(.data)
    MainTaskHandle                           0x200000ac   Data           4  task_create.o(.data)
    hadc1                                    0x200000b8   Data          72  adc.o(.bss)
    hdma_adc1                                0x20000100   Data          96  adc.o(.bss)
    hcan1                                    0x20000160   Data          40  can.o(.bss)
    hcan2                                    0x20000188   Data          40  can.o(.bss)
    htim2                                    0x200001b0   Data          64  tim.o(.bss)
    huart3                                   0x200001f0   Data          64  usart.o(.bss)
    hdma_usart3_rx                           0x20000230   Data          96  usart.o(.bss)
    htim14                                   0x20000290   Data          64  stm32f4xx_hal_timebase_tim.o(.bss)
    pid_Claw_IN3                             0x20003fc0   Data          96  app_mode.o(.bss)
    pid_Claw_OUT3                            0x20004020   Data          96  app_mode.o(.bss)
    left_motor                               0x20004080   Data          80  app_mode.o(.bss)
    right_motor                              0x200040d0   Data          80  app_mode.o(.bss)
    bsp_can_motor_data                       0x20004120   Data         120  bsp_can.o(.bss)
    bsp_can_cloud_data                       0x20004198   Data          40  bsp_can.o(.bss)
    manager::CAN1MotorList                   0x200041dc   Data          32  car_driver.o(.bss)
    manager::CAN1CurrentList                 0x200041fc   Data          16  car_driver.o(.bss)
    manager::CAN2MotorList                   0x2000420c   Data          32  car_driver.o(.bss)
    manager::CAN2CurrentList                 0x2000422c   Data          16  car_driver.o(.bss)
    __libspace_start                         0x2000423c   Data          96  libspace.o(.bss)
    __temporary_stack_top$libspace           0x2000429c   Data           0  libspace.o(.bss)



==============================================================================

Memory Map of the image

  Image Entry point : 0x08000189

  Load Region LR_IROM1 (Base: 0x08000000, Size: 0x00005e54, Max: 0x00100000, ABSOLUTE)

    Execution Region ER_IROM1 (Exec base: 0x08000000, Load base: 0x08000000, Size: 0x00005d9c, Max: 0x00100000, ABSOLUTE)

    Exec Addr    Load Addr    Size         Type   Attr      Idx    E Section Name        Object

    0x08000000   0x08000000   0x00000188   Data   RO            3    RESET               startup_stm32f405xx.o
    0x08000188   0x08000188   0x00000008   Code   RO         6430  * !!!main             c_w.l(__main.o)
    0x08000190   0x08000190   0x00000034   Code   RO         6944    !!!scatter          c_w.l(__scatter.o)
    0x080001c4   0x080001c4   0x0000001a   Code   RO         6946    !!handler_copy      c_w.l(__scatter_copy.o)
    0x080001de   0x080001de   0x00000002   PAD
    0x080001e0   0x080001e0   0x0000001c   Code   RO         6948    !!handler_zi        c_w.l(__scatter_zi.o)
    0x080001fc   0x080001fc   0x00000002   Code   RO         6825    .ARM.Collect$$libinit$$00000000  c_w.l(libinit.o)
    0x080001fe   0x080001fe   0x00000004   Code   RO         6606    .ARM.Collect$$libinit$$00000001  c_w.l(libinit2.o)
    0x08000202   0x08000202   0x00000000   Code   RO         6609    .ARM.Collect$$libinit$$00000004  c_w.l(libinit2.o)
    0x08000202   0x08000202   0x00000000   Code   RO         6612    .ARM.Collect$$libinit$$0000000A  c_w.l(libinit2.o)
    0x08000202   0x08000202   0x00000000   Code   RO         6614    .ARM.Collect$$libinit$$0000000C  c_w.l(libinit2.o)
    0x08000202   0x08000202   0x00000000   Code   RO         6616    .ARM.Collect$$libinit$$0000000E  c_w.l(libinit2.o)
    0x08000202   0x08000202   0x00000000   Code   RO         6619    .ARM.Collect$$libinit$$00000011  c_w.l(libinit2.o)
    0x08000202   0x08000202   0x00000000   Code   RO         6621    .ARM.Collect$$libinit$$00000013  c_w.l(libinit2.o)
    0x08000202   0x08000202   0x00000000   Code   RO         6623    .ARM.Collect$$libinit$$00000015  c_w.l(libinit2.o)
    0x08000202   0x08000202   0x00000000   Code   RO         6625    .ARM.Collect$$libinit$$00000017  c_w.l(libinit2.o)
    0x08000202   0x08000202   0x00000000   Code   RO         6627    .ARM.Collect$$libinit$$00000019  c_w.l(libinit2.o)
    0x08000202   0x08000202   0x00000000   Code   RO         6629    .ARM.Collect$$libinit$$0000001B  c_w.l(libinit2.o)
    0x08000202   0x08000202   0x00000000   Code   RO         6631    .ARM.Collect$$libinit$$0000001D  c_w.l(libinit2.o)
    0x08000202   0x08000202   0x00000000   Code   RO         6633    .ARM.Collect$$libinit$$0000001F  c_w.l(libinit2.o)
    0x08000202   0x08000202   0x00000000   Code   RO         6635    .ARM.Collect$$libinit$$00000021  c_w.l(libinit2.o)
    0x08000202   0x08000202   0x00000000   Code   RO         6637    .ARM.Collect$$libinit$$00000023  c_w.l(libinit2.o)
    0x08000202   0x08000202   0x00000000   Code   RO         6639    .ARM.Collect$$libinit$$00000025  c_w.l(libinit2.o)
    0x08000202   0x08000202   0x00000000   Code   RO         6643    .ARM.Collect$$libinit$$0000002C  c_w.l(libinit2.o)
    0x08000202   0x08000202   0x00000000   Code   RO         6645    .ARM.Collect$$libinit$$0000002E  c_w.l(libinit2.o)
    0x08000202   0x08000202   0x00000000   Code   RO         6647    .ARM.Collect$$libinit$$00000030  c_w.l(libinit2.o)
    0x08000202   0x08000202   0x00000004   Code   RO         6648    .ARM.Collect$$libinit$$00000031  c_w.l(libinit2.o)
    0x08000206   0x08000206   0x00000000   Code   RO         6649    .ARM.Collect$$libinit$$00000032  c_w.l(libinit2.o)
    0x08000206   0x08000206   0x00000002   Code   RO         6650    .ARM.Collect$$libinit$$00000033  c_w.l(libinit2.o)
    0x08000208   0x08000208   0x00000002   Code   RO         6921    .ARM.Collect$$libshutdown$$00000000  c_w.l(libshutdown.o)
    0x0800020a   0x0800020a   0x00000000   Code   RO         6927    .ARM.Collect$$libshutdown$$00000002  c_w.l(libshutdown2.o)
    0x0800020a   0x0800020a   0x00000000   Code   RO         6929    .ARM.Collect$$libshutdown$$00000004  c_w.l(libshutdown2.o)
    0x0800020a   0x0800020a   0x00000000   Code   RO         6932    .ARM.Collect$$libshutdown$$00000007  c_w.l(libshutdown2.o)
    0x0800020a   0x0800020a   0x00000000   Code   RO         6935    .ARM.Collect$$libshutdown$$0000000A  c_w.l(libshutdown2.o)
    0x0800020a   0x0800020a   0x00000000   Code   RO         6937    .ARM.Collect$$libshutdown$$0000000C  c_w.l(libshutdown2.o)
    0x0800020a   0x0800020a   0x00000000   Code   RO         6940    .ARM.Collect$$libshutdown$$0000000F  c_w.l(libshutdown2.o)
    0x0800020a   0x0800020a   0x00000002   Code   RO         6941    .ARM.Collect$$libshutdown$$00000010  c_w.l(libshutdown2.o)
    0x0800020c   0x0800020c   0x00000000   Code   RO         6595    .ARM.Collect$$rtentry$$00000000  c_w.l(__rtentry.o)
    0x0800020c   0x0800020c   0x00000000   Code   RO         6692    .ARM.Collect$$rtentry$$00000002  c_w.l(__rtentry2.o)
    0x0800020c   0x0800020c   0x00000006   Code   RO         6704    .ARM.Collect$$rtentry$$00000004  c_w.l(__rtentry4.o)
    0x08000212   0x08000212   0x00000000   Code   RO         6694    .ARM.Collect$$rtentry$$00000009  c_w.l(__rtentry2.o)
    0x08000212   0x08000212   0x00000004   Code   RO         6695    .ARM.Collect$$rtentry$$0000000A  c_w.l(__rtentry2.o)
    0x08000216   0x08000216   0x00000000   Code   RO         6697    .ARM.Collect$$rtentry$$0000000C  c_w.l(__rtentry2.o)
    0x08000216   0x08000216   0x00000008   Code   RO         6698    .ARM.Collect$$rtentry$$0000000D  c_w.l(__rtentry2.o)
    0x0800021e   0x0800021e   0x00000002   Code   RO         6838    .ARM.Collect$$rtexit$$00000000  c_w.l(rtexit.o)
    0x08000220   0x08000220   0x00000000   Code   RO         6888    .ARM.Collect$$rtexit$$00000002  c_w.l(rtexit2.o)
    0x08000220   0x08000220   0x00000004   Code   RO         6889    .ARM.Collect$$rtexit$$00000003  c_w.l(rtexit2.o)
    0x08000224   0x08000224   0x00000006   Code   RO         6890    .ARM.Collect$$rtexit$$00000004  c_w.l(rtexit2.o)
    0x0800022a   0x0800022a   0x00000002   PAD
    0x0800022c   0x0800022c   0x000000be   Code   RO         5450    .emb_text           port.o
    0x080002ea   0x080002ea   0x00000002   PAD
    0x080002ec   0x080002ec   0x00000040   Code   RO            4    .text               startup_stm32f405xx.o
    0x0800032c   0x0800032c   0x000000ee   Code   RO         6416    .text               c_w.l(lludivv7m.o)
    0x0800041a   0x0800041a   0x00000064   Code   RO         6420    .text               c_w.l(rt_memcpy_w.o)
    0x0800047e   0x0800047e   0x00000044   Code   RO         6424    .text               c_w.l(rt_memclr.o)
    0x080004c2   0x080004c2   0x0000004e   Code   RO         6426    .text               c_w.l(rt_memclr_w.o)
    0x08000510   0x08000510   0x00000006   Code   RO         6428    .text               c_w.l(heapauxi.o)
    0x08000516   0x08000516   0x00000002   PAD
    0x08000518   0x08000518   0x00000024   Code   RO         6435    .text               c_w.l(init_aeabi.o)
    0x0800053c   0x0800053c   0x0000000e   Code   RO         6602    .text               c_w.l(defsig_pvfn_outer.o)
    0x0800054a   0x0800054a   0x0000000a   Code   RO         6715    .text               c_w.l(defsig_exit.o)
    0x08000554   0x08000554   0x00000030   Code   RO         6717    .text               c_w.l(defsig_pvfn_inner.o)
    0x08000584   0x08000584   0x0000000c   Code   RO         6736    .text               c_w.l(sys_exit.o)
    0x08000590   0x08000590   0x00000008   Code   RO         6738    .text               c_w.l(libspace.o)
    0x08000598   0x08000598   0x0000004a   Code   RO         6741    .text               c_w.l(sys_stackheap_outer.o)
    0x080005e2   0x080005e2   0x00000012   Code   RO         6804    .text               c_w.l(exit.o)
    0x080005f4   0x080005f4   0x00000032   Code   RO         6810    .text               c_w.l(defsig_general.o)
    0x08000626   0x08000626   0x0000000e   Code   RO         6829    .text               c_w.l(sys_wrch.o)
    0x08000634   0x08000634   0x00000002   Code   RO         6833    .text               c_w.l(use_no_semi.o)
    0x08000636   0x08000636   0x00000000   Code   RO         6837    .text               c_w.l(indicate_semi.o)
    0x08000636   0x08000636   0x00000004   Code   RO          593    i.BusFault_Handler  stm32f4xx_it.o
    0x0800063a   0x0800063a   0x00000002   PAD
    0x0800063c   0x0800063c   0x00000010   Code   RO          594    i.CAN1_RX0_IRQHandler  stm32f4xx_it.o
    0x0800064c   0x0800064c   0x00000010   Code   RO          595    i.CAN2_RX0_IRQHandler  stm32f4xx_it.o
    0x0800065c   0x0800065c   0x00000010   Code   RO          596    i.DMA1_Stream1_IRQHandler  stm32f4xx_it.o
    0x0800066c   0x0800066c   0x00000010   Code   RO          597    i.DMA2_Stream0_IRQHandler  stm32f4xx_it.o
    0x0800067c   0x0800067c   0x00000002   Code   RO          598    i.DebugMon_Handler  stm32f4xx_it.o
    0x0800067e   0x0800067e   0x00000002   Code   RO           13    i.Error_Handler     main.o
    0x08000680   0x08000680   0x0000018c   Code   RO          782    i.HAL_ADC_ConfigChannel  stm32f4xx_hal_adc.o
    0x0800080c   0x0800080c   0x00000068   Code   RO          791    i.HAL_ADC_Init      stm32f4xx_hal_adc.o
    0x08000874   0x08000874   0x000000f8   Code   RO          322    i.HAL_ADC_MspInit   adc.o
    0x0800096c   0x0800096c   0x0000002a   Code   RO         1098    i.HAL_CAN_ActivateNotification  stm32f4xx_hal_can.o
    0x08000996   0x08000996   0x00000156   Code   RO         1099    i.HAL_CAN_AddTxMessage  stm32f4xx_hal_can.o
    0x08000aec   0x08000aec   0x00000124   Code   RO         1100    i.HAL_CAN_ConfigFilter  stm32f4xx_hal_can.o
    0x08000c10   0x08000c10   0x00000002   Code   RO         1103    i.HAL_CAN_ErrorCallback  stm32f4xx_hal_can.o
    0x08000c12   0x08000c12   0x00000028   Code   RO         1105    i.HAL_CAN_GetRxFifoFillLevel  stm32f4xx_hal_can.o
    0x08000c3a   0x08000c3a   0x0000017c   Code   RO         1106    i.HAL_CAN_GetRxMessage  stm32f4xx_hal_can.o
    0x08000db6   0x08000db6   0x00000036   Code   RO         1108    i.HAL_CAN_GetTxMailboxesFreeLevel  stm32f4xx_hal_can.o
    0x08000dec   0x08000dec   0x0000024e   Code   RO         1110    i.HAL_CAN_IRQHandler  stm32f4xx_hal_can.o
    0x0800103a   0x0800103a   0x00000174   Code   RO         1111    i.HAL_CAN_Init      stm32f4xx_hal_can.o
    0x080011ae   0x080011ae   0x00000002   PAD
    0x080011b0   0x080011b0   0x00000164   Code   RO          367    i.HAL_CAN_MspInit   can.o
    0x08001314   0x08001314   0x00000002   Code   RO         1118    i.HAL_CAN_RxFifo0FullCallback  stm32f4xx_hal_can.o
    0x08001316   0x08001316   0x00000002   PAD
    0x08001318   0x08001318   0x00000034   Code   RO         5691    i.HAL_CAN_RxFifo0MsgPendingCallback  bsp_can.o
    0x0800134c   0x0800134c   0x00000002   Code   RO         1120    i.HAL_CAN_RxFifo1FullCallback  stm32f4xx_hal_can.o
    0x0800134e   0x0800134e   0x00000002   Code   RO         1121    i.HAL_CAN_RxFifo1MsgPendingCallback  stm32f4xx_hal_can.o
    0x08001350   0x08001350   0x00000002   Code   RO         1122    i.HAL_CAN_SleepCallback  stm32f4xx_hal_can.o
    0x08001352   0x08001352   0x0000005e   Code   RO         1123    i.HAL_CAN_Start     stm32f4xx_hal_can.o
    0x080013b0   0x080013b0   0x00000002   Code   RO         1125    i.HAL_CAN_TxMailbox0AbortCallback  stm32f4xx_hal_can.o
    0x080013b2   0x080013b2   0x00000002   Code   RO         1126    i.HAL_CAN_TxMailbox0CompleteCallback  stm32f4xx_hal_can.o
    0x080013b4   0x080013b4   0x00000002   Code   RO         1127    i.HAL_CAN_TxMailbox1AbortCallback  stm32f4xx_hal_can.o
    0x080013b6   0x080013b6   0x00000002   Code   RO         1128    i.HAL_CAN_TxMailbox1CompleteCallback  stm32f4xx_hal_can.o
    0x080013b8   0x080013b8   0x00000002   Code   RO         1129    i.HAL_CAN_TxMailbox2AbortCallback  stm32f4xx_hal_can.o
    0x080013ba   0x080013ba   0x00000002   Code   RO         1130    i.HAL_CAN_TxMailbox2CompleteCallback  stm32f4xx_hal_can.o
    0x080013bc   0x080013bc   0x00000002   Code   RO         1132    i.HAL_CAN_WakeUpFromRxMsgCallback  stm32f4xx_hal_can.o
    0x080013be   0x080013be   0x00000028   Code   RO         3415    i.HAL_DMA_Abort_IT  stm32f4xx_hal_dma.o
    0x080013e6   0x080013e6   0x00000002   PAD
    0x080013e8   0x080013e8   0x00000240   Code   RO         3419    i.HAL_DMA_IRQHandler  stm32f4xx_hal_dma.o
    0x08001628   0x08001628   0x000000ec   Code   RO         3420    i.HAL_DMA_Init      stm32f4xx_hal_dma.o
    0x08001714   0x08001714   0x00000200   Code   RO         3298    i.HAL_GPIO_Init     stm32f4xx_hal_gpio.o
    0x08001914   0x08001914   0x0000000c   Code   RO         3302    i.HAL_GPIO_WritePin  stm32f4xx_hal_gpio.o
    0x08001920   0x08001920   0x0000000c   Code   RO         3905    i.HAL_GetTick       stm32f4xx_hal.o
    0x0800192c   0x0800192c   0x00000018   Code   RO         3911    i.HAL_IncTick       stm32f4xx_hal.o
    0x08001944   0x08001944   0x0000003c   Code   RO         3912    i.HAL_Init          stm32f4xx_hal.o
    0x08001980   0x08001980   0x0000008c   Code   RO          739    i.HAL_InitTick      stm32f4xx_hal_timebase_tim.o
    0x08001a0c   0x08001a0c   0x00000054   Code   RO          714    i.HAL_MspInit       stm32f4xx_hal_msp.o
    0x08001a60   0x08001a60   0x00000020   Code   RO         3737    i.HAL_NVIC_EnableIRQ  stm32f4xx_hal_cortex.o
    0x08001a80   0x08001a80   0x0000007c   Code   RO         3743    i.HAL_NVIC_SetPriority  stm32f4xx_hal_cortex.o
    0x08001afc   0x08001afc   0x00000028   Code   RO         3744    i.HAL_NVIC_SetPriorityGrouping  stm32f4xx_hal_cortex.o
    0x08001b24   0x08001b24   0x00000180   Code   RO         2846    i.HAL_RCC_ClockConfig  stm32f4xx_hal_rcc.o
    0x08001ca4   0x08001ca4   0x00000044   Code   RO         2850    i.HAL_RCC_GetClockConfig  stm32f4xx_hal_rcc.o
    0x08001ce8   0x08001ce8   0x0000000c   Code   RO         2851    i.HAL_RCC_GetHCLKFreq  stm32f4xx_hal_rcc.o
    0x08001cf4   0x08001cf4   0x00000020   Code   RO         2853    i.HAL_RCC_GetPCLK1Freq  stm32f4xx_hal_rcc.o
    0x08001d14   0x08001d14   0x00000020   Code   RO         2854    i.HAL_RCC_GetPCLK2Freq  stm32f4xx_hal_rcc.o
    0x08001d34   0x08001d34   0x000000b0   Code   RO         2855    i.HAL_RCC_GetSysClockFreq  stm32f4xx_hal_rcc.o
    0x08001de4   0x08001de4   0x00000448   Code   RO         2858    i.HAL_RCC_OscConfig  stm32f4xx_hal_rcc.o
    0x0800222c   0x0800222c   0x00000002   Code   RO         2169    i.HAL_TIMEx_BreakCallback  stm32f4xx_hal_tim_ex.o
    0x0800222e   0x0800222e   0x00000002   Code   RO         2170    i.HAL_TIMEx_CommutCallback  stm32f4xx_hal_tim_ex.o
    0x08002230   0x08002230   0x00000054   Code   RO         2187    i.HAL_TIMEx_MasterConfigSynchronization  stm32f4xx_hal_tim_ex.o
    0x08002284   0x08002284   0x00000034   Code   RO         1369    i.HAL_TIM_Base_Init  stm32f4xx_hal_tim.o
    0x080022b8   0x080022b8   0x00000002   Code   RO         1371    i.HAL_TIM_Base_MspInit  stm32f4xx_hal_tim.o
    0x080022ba   0x080022ba   0x0000002a   Code   RO         1374    i.HAL_TIM_Base_Start_IT  stm32f4xx_hal_tim.o
    0x080022e4   0x080022e4   0x00000002   Code   RO         1398    i.HAL_TIM_IC_CaptureCallback  stm32f4xx_hal_tim.o
    0x080022e6   0x080022e6   0x00000196   Code   RO         1412    i.HAL_TIM_IRQHandler  stm32f4xx_hal_tim.o
    0x0800247c   0x0800247c   0x0000005c   Code   RO          496    i.HAL_TIM_MspPostInit  tim.o
    0x080024d8   0x080024d8   0x00000002   Code   RO         1415    i.HAL_TIM_OC_DelayElapsedCallback  stm32f4xx_hal_tim.o
    0x080024da   0x080024da   0x00000108   Code   RO         1436    i.HAL_TIM_PWM_ConfigChannel  stm32f4xx_hal_tim.o
    0x080025e2   0x080025e2   0x00000034   Code   RO         1439    i.HAL_TIM_PWM_Init  stm32f4xx_hal_tim.o
    0x08002616   0x08002616   0x00000002   PAD
    0x08002618   0x08002618   0x00000030   Code   RO          498    i.HAL_TIM_PWM_MspInit  tim.o
    0x08002648   0x08002648   0x00000002   Code   RO         1442    i.HAL_TIM_PWM_PulseFinishedCallback  stm32f4xx_hal_tim.o
    0x0800264a   0x0800264a   0x00000002   PAD
    0x0800264c   0x0800264c   0x00000018   Code   RO           14    i.HAL_TIM_PeriodElapsedCallback  main.o
    0x08002664   0x08002664   0x00000002   Code   RO         1455    i.HAL_TIM_TriggerCallback  stm32f4xx_hal_tim.o
    0x08002666   0x08002666   0x00000002   Code   RO         2480    i.HAL_UART_ErrorCallback  stm32f4xx_hal_uart.o
    0x08002668   0x08002668   0x0000014c   Code   RO         2483    i.HAL_UART_IRQHandler  stm32f4xx_hal_uart.o
    0x080027b4   0x080027b4   0x00000072   Code   RO         2484    i.HAL_UART_Init     stm32f4xx_hal_uart.o
    0x08002826   0x08002826   0x00000002   PAD
    0x08002828   0x08002828   0x000000dc   Code   RO          549    i.HAL_UART_MspInit  usart.o
    0x08002904   0x08002904   0x00000002   Code   RO         2490    i.HAL_UART_RxCpltCallback  stm32f4xx_hal_uart.o
    0x08002906   0x08002906   0x00000002   Code   RO         2495    i.HAL_UART_TxCpltCallback  stm32f4xx_hal_uart.o
    0x08002908   0x08002908   0x00000004   Code   RO          599    i.HardFault_Handler  stm32f4xx_it.o
    0x0800290c   0x0800290c   0x000000b4   Code   RO          323    i.MX_ADC1_Init      adc.o
    0x080029c0   0x080029c0   0x00000048   Code   RO          368    i.MX_CAN1_Init      can.o
    0x08002a08   0x08002a08   0x00000048   Code   RO          369    i.MX_CAN2_Init      can.o
    0x08002a50   0x08002a50   0x00000068   Code   RO          419    i.MX_DMA_Init       dma.o
    0x08002ab8   0x08002ab8   0x00000148   Code   RO          228    i.MX_GPIO_Init      gpio.o
    0x08002c00   0x08002c00   0x00000094   Code   RO          499    i.MX_TIM2_Init      tim.o
    0x08002c94   0x08002c94   0x00000040   Code   RO          550    i.MX_USART3_UART_Init  usart.o
    0x08002cd4   0x08002cd4   0x00000004   Code   RO          600    i.MemManage_Handler  stm32f4xx_it.o
    0x08002cd8   0x08002cd8   0x00000002   Code   RO          601    i.NMI_Handler       stm32f4xx_it.o
    0x08002cda   0x08002cda   0x00000002   PAD
    0x08002cdc   0x08002cdc   0x00000034   Code   RO         5451    i.SysTick_Handler   port.o
    0x08002d10   0x08002d10   0x00000064   Code   RO         4184    i.SystemInit        system_stm32f4xx.o
    0x08002d74   0x08002d74   0x00000010   Code   RO          602    i.TIM8_TRG_COM_TIM14_IRQHandler  stm32f4xx_it.o
    0x08002d84   0x08002d84   0x000000d8   Code   RO         1457    i.TIM_Base_SetConfig  stm32f4xx_hal_tim.o
    0x08002e5c   0x08002e5c   0x0000007c   Code   RO         1465    i.TIM_OC2_SetConfig  stm32f4xx_hal_tim.o
    0x08002ed8   0x08002ed8   0x00000010   Code   RO          603    i.USART3_IRQHandler  stm32f4xx_it.o
    0x08002ee8   0x08002ee8   0x00000004   Code   RO          604    i.UsageFault_Handler  stm32f4xx_it.o
    0x08002eec   0x08002eec   0x00000028   Code   RO         6357    i._Z10CreateTaskPKv  task_create.o
    0x08002f14   0x08002f14   0x00000040   Code   RO         5692    i._Z12bsp_can_Initv  bsp_can.o
    0x08002f54   0x08002f54   0x00000044   Code   RO          445    i._Z16MX_FREERTOS_Initv  freertos.o
    0x08002f98   0x08002f98   0x0000000a   Code   RO          446    i._Z16StartDefaultTaskPKv  freertos.o
    0x08002fa2   0x08002fa2   0x00000002   PAD
    0x08002fa4   0x08002fa4   0x000000b4   Code   RO           15    i._Z18SystemClock_Configv  main.o
    0x08003058   0x08003058   0x0000006e   Code   RO         5693    i._Z19bsp_can_SendmessageP19__CAN_HandleTypeDefsPs  bsp_can.o
    0x080030c6   0x080030c6   0x00000002   PAD
    0x080030c8   0x080030c8   0x00000030   Code   RO         6384    i._Z8MainTaskPKv    task_main.o
    0x080030f8   0x080030f8   0x000000b0   Code   RO         5856    i._ZN10block_type11Block_CheckEv  car_driver.o
    0x080031a8   0x080031a8   0x00000006   Code   RO         6385    i._ZN33_INTERNAL_11_Task_Main_c_17bc3ee016Air_Cylinder_CtrEh  task_main.o
    0x080031ae   0x080031ae   0x00000002   PAD
    0x080031b0   0x080031b0   0x00000170   Code   RO         5864    i._ZN3pid7pid_runEf  car_driver.o
    0x08003320   0x08003320   0x0000004c   Code   RO         5866    i._ZN3pidC1Effffftt  car_driver.o
    0x0800336c   0x0800336c   0x00000160   Code   RO          806    i._ZN41_INTERNAL_19_stm32f4xx_hal_adc_c_52ef8f508ADC_InitEP17ADC_HandleTypeDef  stm32f4xx_hal_adc.o
    0x080034cc   0x080034cc   0x000000aa   Code   RO         3427    i._ZN41_INTERNAL_19_stm32f4xx_hal_dma_c_c25f65ec18DMA_CheckFifoParamEP19__DMA_HandleTypeDef  stm32f4xx_hal_dma.o
    0x08003576   0x08003576   0x00000002   PAD
    0x08003578   0x08003578   0x00000034   Code   RO         3428    i._ZN41_INTERNAL_19_stm32f4xx_hal_dma_c_c25f65ec23DMA_CalcBaseAndBitshiftEP19__DMA_HandleTypeDef  stm32f4xx_hal_dma.o
    0x080035ac   0x080035ac   0x00000070   Code   RO         1467    i._ZN41_INTERNAL_19_stm32f4xx_hal_tim_c_a9d95b5217TIM_OC1_SetConfigEP11TIM_TypeDefP18TIM_OC_InitTypeDef  stm32f4xx_hal_tim.o
    0x0800361c   0x0800361c   0x00000078   Code   RO         1468    i._ZN41_INTERNAL_19_stm32f4xx_hal_tim_c_a9d95b5217TIM_OC3_SetConfigEP11TIM_TypeDefP18TIM_OC_InitTypeDef  stm32f4xx_hal_tim.o
    0x08003694   0x08003694   0x00000054   Code   RO         1469    i._ZN41_INTERNAL_19_stm32f4xx_hal_tim_c_a9d95b5217TIM_OC4_SetConfigEP11TIM_TypeDefP18TIM_OC_InitTypeDef  stm32f4xx_hal_tim.o
    0x080036e8   0x080036e8   0x00000368   Code   RO         2498    i._ZN42_INTERNAL_20_stm32f4xx_hal_uart_c_d497114f14UART_SetConfigEP20__UART_HandleTypeDef  stm32f4xx_hal_uart.o
    0x08003a50   0x08003a50   0x000000a6   Code   RO         2499    i._ZN42_INTERNAL_20_stm32f4xx_hal_uart_c_d497114f15UART_Receive_ITEP20__UART_HandleTypeDef  stm32f4xx_hal_uart.o
    0x08003af6   0x08003af6   0x00000068   Code   RO         2500    i._ZN42_INTERNAL_20_stm32f4xx_hal_uart_c_d497114f16UART_Transmit_ITEP20__UART_HandleTypeDef  stm32f4xx_hal_uart.o
    0x08003b5e   0x08003b5e   0x00000020   Code   RO         2503    i._ZN42_INTERNAL_20_stm32f4xx_hal_uart_c_d497114f18UART_EndRxTransferEP20__UART_HandleTypeDef  stm32f4xx_hal_uart.o
    0x08003b7e   0x08003b7e   0x00000020   Code   RO         2506    i._ZN42_INTERNAL_20_stm32f4xx_hal_uart_c_d497114f19UART_EndTransmit_ITEP20__UART_HandleTypeDef  stm32f4xx_hal_uart.o
    0x08003b9e   0x08003b9e   0x00000014   Code   RO         2507    i._ZN42_INTERNAL_20_stm32f4xx_hal_uart_c_d497114f20UART_DMAAbortOnErrorEP19__DMA_HandleTypeDef  stm32f4xx_hal_uart.o
    0x08003bb2   0x08003bb2   0x00000002   PAD
    0x08003bb4   0x08003bb4   0x00000028   Code   RO         3750    i._ZN44_INTERNAL_22_stm32f4xx_hal_cortex_c_2992dbc018__NVIC_SetPriorityE9IRQn_Typej  stm32f4xx_hal_cortex.o
    0x08003bdc   0x08003bdc   0x00000010   Code   RO         3751    i._ZN44_INTERNAL_22_stm32f4xx_hal_cortex_c_2992dbc026__NVIC_GetPriorityGroupingEv  stm32f4xx_hal_cortex.o
    0x08003bec   0x08003bec   0x00000038   Code   RO         5883    i._ZN5motor12Position_RunEv  car_driver.o
    0x08003c24   0x08003c24   0x00000048   Code   RO         5884    i._ZN5motor13InsertCurrentEv  car_driver.o
    0x08003c6c   0x08003c6c   0x0000005c   Code   RO         5885    i._ZN5motor6HandleEv  car_driver.o
    0x08003cc8   0x08003cc8   0x00000078   Code   RO         5886    i._ZN5motor6updateEPh  car_driver.o
    0x08003d40   0x08003d40   0x0000001e   Code   RO         5887    i._ZN5motor8Safe_SetEv  car_driver.o
    0x08003d5e   0x08003d5e   0x00000002   PAD
    0x08003d60   0x08003d60   0x0000009c   Code   RO         5889    i._ZN5motor9Speed_RunEv  car_driver.o
    0x08003dfc   0x08003dfc   0x00000064   Code   RO         5891    i._ZN5motorC1EhtP11str_Motor_tP3pidS3_  car_driver.o
    0x08003e60   0x08003e60   0x0000016c   Code   RO         5895    i._ZN7chassis6HandleEv  car_driver.o
    0x08003fcc   0x08003fcc   0x00000014   Code   RO         5531    i._ZN7manager11UserProcessEv  app_mode.o
    0x08003fe0   0x08003fe0   0x000001a0   Code   RO         5900    i._ZN7manager7CANSendEv  car_driver.o
    0x08004180   0x08004180   0x00000014   Code   RO         5901    i._ZN7manager9CANSelectEP19__CAN_HandleTypeDefS1_  car_driver.o
    0x08004194   0x08004194   0x00000090   Code   RO         5902    i._ZN7manager9CANUpdateEP19__CAN_HandleTypeDefP19CAN_RxHeaderTypeDefPh  car_driver.o
    0x08004224   0x08004224   0x00000010   Code   RO         6255    i._ZN7managerC2Ev   car_driver.o
    0x08004234   0x08004234   0x00000072   Code   RO         5909    i._ZN9softmotor12Position_RunEv  car_driver.o
    0x080042a6   0x080042a6   0x00000002   PAD
    0x080042a8   0x080042a8   0x000000fc   Code   RO         5911    i._ZN9softmotor6updateEPh  car_driver.o
    0x080043a4   0x080043a4   0x00000050   Code   RO         5563    i._ZN9softmotorC1EhtP11str_Motor_tP3pidS3_  app_mode.o
    0x080043f4   0x080043f4   0x00000006   Code   RO         6438    i.__cxa_pure_virtual  cpprt_w.l(pure_virt.o)
    0x080043fa   0x080043fa   0x00000002   PAD
    0x080043fc   0x080043fc   0x000000a4   Code   RO         5532    i.__sti___10_app_mode_c_flag  app_mode.o
    0x080044a0   0x080044a0   0x00000030   Code   RO           16    i.main              main.o
    0x080044d0   0x080044d0   0x0000000e   Code   RO         5019    i.makeFreeRtosPriority  cmsis_os.o
    0x080044de   0x080044de   0x00000018   Code   RO         5021    i.osDelay           cmsis_os.o
    0x080044f6   0x080044f6   0x0000000a   Code   RO         5024    i.osKernelStart     cmsis_os.o
    0x08004500   0x08004500   0x00000030   Code   RO         5058    i.osThreadCreate    cmsis_os.o
    0x08004530   0x08004530   0x00000098   Code   RO         4705    i.prvAddCurrentTaskToDelayedList  tasks.o
    0x080045c8   0x080045c8   0x000000b4   Code   RO         4706    i.prvAddNewTaskToReadyList  tasks.o
    0x0800467c   0x0800467c   0x00000048   Code   RO         4707    i.prvCheckTasksWaitingTermination  tasks.o
    0x080046c4   0x080046c4   0x00000012   Code   RO         4708    i.prvDeleteTCB      tasks.o
    0x080046d6   0x080046d6   0x00000002   PAD
    0x080046d8   0x080046d8   0x0000007c   Code   RO         5389    i.prvHeapInit       heap_4.o
    0x08004754   0x08004754   0x00000028   Code   RO         4709    i.prvIdleTask       tasks.o
    0x0800477c   0x0800477c   0x000000aa   Code   RO         4710    i.prvInitialiseNewTask  tasks.o
    0x08004826   0x08004826   0x00000002   PAD
    0x08004828   0x08004828   0x00000068   Code   RO         4711    i.prvInitialiseTaskLists  tasks.o
    0x08004890   0x08004890   0x00000068   Code   RO         5390    i.prvInsertBlockIntoFreeList  heap_4.o
    0x080048f8   0x080048f8   0x00000034   Code   RO         4712    i.prvResetNextTaskUnblockTime  tasks.o
    0x0800492c   0x0800492c   0x00000040   Code   RO         5452    i.prvTaskExitError  port.o
    0x0800496c   0x0800496c   0x0000013c   Code   RO         5391    i.pvPortMalloc      heap_4.o
    0x08004aa8   0x08004aa8   0x0000002c   Code   RO         5453    i.pxPortInitialiseStack  port.o
    0x08004ad4   0x08004ad4   0x00000028   Code   RO         4355    i.uxListRemove      list.o
    0x08004afc   0x08004afc   0x0000001a   Code   RO         4356    i.vListInitialise   list.o
    0x08004b16   0x08004b16   0x00000006   Code   RO         4357    i.vListInitialiseItem  list.o
    0x08004b1c   0x08004b1c   0x00000034   Code   RO         4358    i.vListInsert       list.o
    0x08004b50   0x08004b50   0x00000018   Code   RO         4359    i.vListInsertEnd    list.o
    0x08004b68   0x08004b68   0x00000054   Code   RO         5455    i.vPortEnterCritical  port.o
    0x08004bbc   0x08004bbc   0x0000003c   Code   RO         5456    i.vPortExitCritical  port.o
    0x08004bf8   0x08004bf8   0x00000094   Code   RO         5392    i.vPortFree         heap_4.o
    0x08004c8c   0x08004c8c   0x00000028   Code   RO         5457    i.vPortSetupTimerInterrupt  port.o
    0x08004cb4   0x08004cb4   0x0000005c   Code   RO         4720    i.vTaskDelay        tasks.o
    0x08004d10   0x08004d10   0x000000d4   Code   RO         4721    i.vTaskDelayUntil   tasks.o
    0x08004de4   0x08004de4   0x00000088   Code   RO         4734    i.vTaskStartScheduler  tasks.o
    0x08004e6c   0x08004e6c   0x00000010   Code   RO         4736    i.vTaskSuspendAll   tasks.o
    0x08004e7c   0x08004e7c   0x0000008c   Code   RO         4737    i.vTaskSwitchContext  tasks.o
    0x08004f08   0x08004f08   0x00000168   Code   RO         5459    i.xPortStartScheduler  port.o
    0x08005070   0x08005070   0x00000060   Code   RO         4739    i.xTaskCreate       tasks.o
    0x080050d0   0x080050d0   0x00000148   Code   RO         4746    i.xTaskIncrementTick  tasks.o
    0x08005218   0x08005218   0x00000104   Code   RO         4752    i.xTaskResumeAll    tasks.o
    0x0800531c   0x0800531c   0x00000062   Code   RO         6547    x$fpl$d2f           fz_wm.l(d2f.o)
    0x0800537e   0x0800537e   0x00000002   PAD
    0x08005380   0x08005380   0x00000150   Code   RO         6549    x$fpl$dadd          fz_wm.l(daddsub_clz.o)
    0x080054d0   0x080054d0   0x000002b0   Code   RO         6556    x$fpl$ddiv          fz_wm.l(ddiv.o)
    0x08005780   0x08005780   0x0000002e   Code   RO         6560    x$fpl$dflt          fz_wm.l(dflt_clz.o)
    0x080057ae   0x080057ae   0x00000026   Code   RO         6559    x$fpl$dfltu         fz_wm.l(dflt_clz.o)
    0x080057d4   0x080057d4   0x00000154   Code   RO         6565    x$fpl$dmul          fz_wm.l(dmul.o)
    0x08005928   0x08005928   0x0000009c   Code   RO         6664    x$fpl$dnaninf       fz_wm.l(dnaninf.o)
    0x080059c4   0x080059c4   0x0000000c   Code   RO         6666    x$fpl$dretinf       fz_wm.l(dretinf.o)
    0x080059d0   0x080059d0   0x000001d4   Code   RO         6551    x$fpl$dsub          fz_wm.l(daddsub_clz.o)
    0x08005ba4   0x08005ba4   0x00000056   Code   RO         6567    x$fpl$f2d           fz_wm.l(f2d.o)
    0x08005bfa   0x08005bfa   0x0000008c   Code   RO         6668    x$fpl$fnaninf       fz_wm.l(fnaninf.o)
    0x08005c86   0x08005c86   0x0000000a   Code   RO         6734    x$fpl$fpinit        fz_wm.l(fpinit.o)
    0x08005c90   0x08005c90   0x0000000a   Code   RO         6670    x$fpl$fretinf       fz_wm.l(fretinf.o)
    0x08005c9a   0x08005c9a   0x00000000   Code   RO         6674    x$fpl$usenofp       fz_wm.l(usenofp.o)
    0x08005c9a   0x08005c9a   0x00000002   PAD
    0x08005c9c   0x08005c9c   0x00000028   Data   RO          450    .constdata          freertos.o
    0x08005cc4   0x08005cc4   0x00000008   Data   RO         3444    .constdata          stm32f4xx_hal_dma.o
    0x08005ccc   0x08005ccc   0x00000018   Data   RO         4187    .constdata          system_stm32f4xx.o
    0x08005ce4   0x08005ce4   0x00000014   Data   RO         6359    .constdata          task_create.o
    0x08005cf8   0x08005cf8   0x00000024   Data   RO         6236    .constdata__ZTV5motor  car_driver.o
    0x08005d1c   0x08005d1c   0x00000014   Data   RO         6259    .constdata__ZTV7manager  car_driver.o
    0x08005d30   0x08005d30   0x00000024   Data   RO         6238    .constdata__ZTV9softmotor  car_driver.o
    0x08005d54   0x08005d54   0x00000018   Data   RO          451    .conststring        freertos.o
    0x08005d6c   0x08005d6c   0x00000009   Data   RO         6360    .conststring        task_create.o
    0x08005d75   0x08005d75   0x00000003   PAD
    0x08005d78   0x08005d78   0x00000020   Data   RO         6942    Region$$Table       anon$$obj.o
    0x08005d98   0x08005d98   0x00000004   Data   RO         5538    .init_array         app_mode.o
    0x08005d9c   0x08005d98   0x00000000   Data   RO         6433    .init_array         c_w.l(init_aeabi.o)


    Execution Region RW_IRAM1 (Exec base: 0x20000000, Load base: 0x08005d9c, Size: 0x000048a0, Max: 0x00020000, ABSOLUTE)

    Exec Addr    Load Addr    Size         Type   Attr      Idx    E Section Name        Object

    0x20000000   0x08005d9c   0x00000004   Data   RW          375    .data               can.o
    0x20000004   0x08005da0   0x00000008   Data   RW          452    .data               freertos.o
    0x2000000c   0x08005da8   0x00000009   Data   RW         3946    .data               stm32f4xx_hal.o
    0x20000015   0x08005db1   0x00000003   PAD
    0x20000018   0x08005db4   0x00000004   Data   RW         4188    .data               system_stm32f4xx.o
    0x2000001c   0x08005db8   0x0000003c   Data   RW         4755    .data               tasks.o
    0x20000058   0x08005df4   0x00000018   Data   RW         5397    .data               heap_4.o
    0x20000070   0x08005e0c   0x0000000c   Data   RW         5460    .data               port.o
    0x2000007c   0x08005e18   0x0000001e   Data   RW         5537    .data               app_mode.o
    0x2000009a   0x08005e36   0x00000002   PAD
    0x2000009c   0x08005e38   0x00000010   Data   RW         5972    .data               car_driver.o
    0x200000ac   0x08005e48   0x00000004   Data   RW         6361    .data               task_create.o
    0x200000b0   0x08005e4c   0x00000008   Data   RW         6388    .data               task_main.o
    0x200000b8        -       0x000000a8   Zero   RW          327    .bss                adc.o
    0x20000160        -       0x00000050   Zero   RW          374    .bss                can.o
    0x200001b0        -       0x00000040   Zero   RW          504    .bss                tim.o
    0x200001f0        -       0x000000a0   Zero   RW          554    .bss                usart.o
    0x20000290        -       0x00000040   Zero   RW          745    .bss                stm32f4xx_hal_timebase_tim.o
    0x200002d0        -       0x000000f0   Zero   RW         4754    .bss                tasks.o
    0x200003c0        -       0x00003c00   Zero   RW         5396    .bss                heap_4.o
    0x20003fc0        -       0x00000160   Zero   RW         5536    .bss                app_mode.o
    0x20004120        -       0x000000bc   Zero   RW         5697    .bss                bsp_can.o
    0x200041dc        -       0x00000060   Zero   RW         5971    .bss                car_driver.o
    0x2000423c        -       0x00000060   Zero   RW         6739    .bss                c_w.l(libspace.o)
    0x2000429c   0x08005e54   0x00000004   PAD
    0x200042a0        -       0x00000200   Zero   RW            2    HEAP                startup_stm32f405xx.o
    0x200044a0        -       0x00000400   Zero   RW            1    STACK               startup_stm32f405xx.o


==============================================================================

Image component sizes


      Code (inc. data)   RO Data    RW Data    ZI Data      Debug   Object Name

       428         36          0          0        168       1867   adc.o
       264         60          4         30        352     536543   app_mode.o
       226         12          0          0        188       3777   bsp_can.o
       500         44          0          4         80       2366   can.o
      2572        168         92         16         96      17973   car_driver.o
        96          0          0          0          0      14311   cmsis_os.o
         0          0          0          0          0      11872   croutine.o
       104          6          0          0          0        794   dma.o
         0          0          0          0          0      11920   event_groups.o
        78         14         64          8          0       1760   freertos.o
       328         20          0          0          0     654995   gpio.o
       692         62          0         24      15360       7251   heap_4.o
       148          0          0          0          0       3506   list.o
       254         16          0          0          0     646820   main.o
       894         78          0         12          0      11028   port.o
         0          0          0          0          0       2244   queue.o
        64         26        392          0       1536        832   startup_stm32f405xx.o
        96         20          0          9          0       3214   stm32f4xx_hal.o
       852         28          0          0          0       2731   stm32f4xx_hal_adc.o
      2230          6          0          0          0      15602   stm32f4xx_hal_can.o
       252         22          0          0          0      33622   stm32f4xx_hal_cortex.o
      1074         16          8          0          0       4507   stm32f4xx_hal_dma.o
       524         46          0          0          0       2308   stm32f4xx_hal_gpio.o
        84          6          0          0          0        838   stm32f4xx_hal_msp.o
      1800         94          0          0          0       6125   stm32f4xx_hal_rcc.o
      1482         82          0          0          0      10733   stm32f4xx_hal_tim.o
        88          0          0          0          0       2425   stm32f4xx_hal_tim_ex.o
       140         18          0          0         64       1440   stm32f4xx_hal_timebase_tim.o
      1678         12          0          0          0       7691   stm32f4xx_hal_uart.o
       116         36          0          0          0       5593   stm32f4xx_it.o
       100         18         24          4          0       1147   system_stm32f4xx.o
        40          8         29          4          0       1262   task_create.o
        54         12          0          8          0       1151   task_main.o
      2068        280          0         60        240      16775   tasks.o
       288         18          0          0         64       2267   tim.o
       284         34          0          0        160       1745   usart.o

    ----------------------------------------------------------------------
     19934       1298        648        184      18308    2051035   Object Totals
         0          0         32          0          0          0   (incl. Generated)
        36          0          3          5          0          0   (incl. Padding)

    ----------------------------------------------------------------------

      Code (inc. data)   RO Data    RW Data    ZI Data      Debug   Library Member Name

         8          0          0          0          0         68   __main.o
         0          0          0          0          0          0   __rtentry.o
        12          0          0          0          0          0   __rtentry2.o
         6          0          0          0          0          0   __rtentry4.o
        52          8          0          0          0          0   __scatter.o
        26          0          0          0          0          0   __scatter_copy.o
        28          0          0          0          0          0   __scatter_zi.o
        10          0          0          0          0         68   defsig_exit.o
        50          0          0          0          0         88   defsig_general.o
        48         34          0          0          0         76   defsig_pvfn_inner.o
        14          0          0          0          0         80   defsig_pvfn_outer.o
        18          0          0          0          0         80   exit.o
         6          0          0          0          0        152   heapauxi.o
         0          0          0          0          0          0   indicate_semi.o
        36         10          0          0          0         80   init_aeabi.o
         2          0          0          0          0          0   libinit.o
        10          0          0          0          0          0   libinit2.o
         2          0          0          0          0          0   libshutdown.o
         2          0          0          0          0          0   libshutdown2.o
         8          4          0          0         96         68   libspace.o
       238          0          0          0          0        100   lludivv7m.o
        68          0          0          0          0         68   rt_memclr.o
        78          0          0          0          0         80   rt_memclr_w.o
       100          0          0          0          0         80   rt_memcpy_w.o
         2          0          0          0          0          0   rtexit.o
        10          0          0          0          0          0   rtexit2.o
        12          4          0          0          0         68   sys_exit.o
        74          0          0          0          0         80   sys_stackheap_outer.o
        14          0          0          0          0         76   sys_wrch.o
         2          0          0          0          0         68   use_no_semi.o
         6          0          0          0          0         68   pure_virt.o
        98          4          0          0          0        140   d2f.o
       804         16          0          0          0        368   daddsub_clz.o
       688        140          0          0          0        256   ddiv.o
        84          0          0          0          0        232   dflt_clz.o
       340         12          0          0          0        152   dmul.o
       156          4          0          0          0        140   dnaninf.o
        12          0          0          0          0        116   dretinf.o
        86          4          0          0          0        132   f2d.o
       140          4          0          0          0        132   fnaninf.o
        10          0          0          0          0        116   fpinit.o
        10          0          0          0          0        116   fretinf.o
         0          0          0          0          0          0   usenofp.o

    ----------------------------------------------------------------------
      3382        244          0          0        100       3348   Library Totals
        12          0          0          0          4          0   (incl. Padding)

    ----------------------------------------------------------------------

      Code (inc. data)   RO Data    RW Data    ZI Data      Debug   Library Name

       936         60          0          0         96       1380   c_w.l
         6          0          0          0          0         68   cpprt_w.l
      2428        184          0          0          0       1900   fz_wm.l

    ----------------------------------------------------------------------
      3382        244          0          0        100       3348   Library Totals

    ----------------------------------------------------------------------

==============================================================================


      Code (inc. data)   RO Data    RW Data    ZI Data      Debug   

     23316       1542        648        184      18408    2035955   Grand Totals
     23316       1542        648        184      18408    2035955   ELF Image Totals
     23316       1542        648        184          0          0   ROM Totals

==============================================================================

    Total RO  Size (Code + RO Data)                23964 (  23.40kB)
    Total RW  Size (RW Data + ZI Data)             18592 (  18.16kB)
    Total ROM Size (Code + RO Data + RW Data)      24148 (  23.58kB)

==============================================================================

